Archive member included to satisfy reference by file (symbol)

c:/sysgcc/risc-v/bin/../lib/gcc/riscv64-unknown-elf/10.1.0/rv32i/ilp32\libgcc.a(div.o)
                              build/rt_kernel.o (__udivsi3)

Discarded input sections

 .text          0x0000000000000000        0x0 build/firmware.o
 .data          0x0000000000000000        0x0 build/firmware.o
 .bss           0x0000000000000000        0x0 build/firmware.o
 .text.print    0x0000000000000000       0x40 build/firmware.o
 .rodata.print_hex.str1.4
                0x0000000000000000       0x11 build/firmware.o
 .text.print_hex
                0x0000000000000000      0x298 build/firmware.o
 .rodata.print_dec.str1.4
                0x0000000000000000        0x6 build/firmware.o
 .text.print_dec
                0x0000000000000000      0x230 build/firmware.o
 .text.getchar_prompt
                0x0000000000000000       0xcc build/firmware.o
 .text.getchar  0x0000000000000000       0x20 build/firmware.o
 .text.cmd_set_crm
                0x0000000000000000       0x38 build/firmware.o
 .text.cmd_get_crm
                0x0000000000000000       0x14 build/firmware.o
 .text.cmd_set_dspi
                0x0000000000000000       0x38 build/firmware.o
 .text.cmd_get_dspi
                0x0000000000000000       0x14 build/firmware.o
 .text.cmd_read_flash_id
                0x0000000000000000      0x1e8 build/firmware.o
 .rodata.cmd_benchmark.str1.4
                0x0000000000000000       0x23 build/firmware.o
 .text.cmd_benchmark
                0x0000000000000000      0x8a8 build/firmware.o
 .rodata.cmd_benchmark_all.str1.4
                0x0000000000000000       0x4e build/firmware.o
 .text.cmd_benchmark_all
                0x0000000000000000      0x9e4 build/firmware.o
 .sdata.spi_flashio
                0x0000000000000000        0x4 build/firmware.o
 .text          0x0000000000000000        0x0 build/rt_kernel.o
 .data          0x0000000000000000        0x0 build/rt_kernel.o
 .bss           0x0000000000000000        0x0 build/rt_kernel.o
 .text.memset   0x0000000000000000       0x34 build/rt_kernel.o
 .text.get_cycle_count
                0x0000000000000000        0x8 build/rt_kernel.o
 .text.configure_system_timer
                0x0000000000000000       0x44 build/rt_kernel.o
 .text.check_system_tick
                0x0000000000000000       0x34 build/rt_kernel.o
 .text.context_switch
                0x0000000000000000        0x4 build/rt_kernel.o
 .text.start_first_task
                0x0000000000000000       0x24 build/rt_kernel.o
 .text.task_sleep
                0x0000000000000000       0x50 build/rt_kernel.o
 .text.get_next_task
                0x0000000000000000      0x138 build/rt_kernel.o
 .text.schedule
                0x0000000000000000       0x18 build/rt_kernel.o
 .text.system_tick_handler
                0x0000000000000000       0x84 build/rt_kernel.o
 .text          0x0000000000000000        0x0 build/rt_demo.o
 .data          0x0000000000000000        0x0 build/rt_demo.o
 .bss           0x0000000000000000        0x0 build/rt_demo.o
 .data          0x0000000000000000        0x0 build/crt_flash.o
 .bss           0x0000000000000000        0x0 build/crt_flash.o
 .data          0x0000000000000000        0x0 c:/sysgcc/risc-v/bin/../lib/gcc/riscv64-unknown-elf/10.1.0/rv32i/ilp32\libgcc.a(div.o)
 .bss           0x0000000000000000        0x0 c:/sysgcc/risc-v/bin/../lib/gcc/riscv64-unknown-elf/10.1.0/rv32i/ilp32\libgcc.a(div.o)

Memory Configuration

Name             Origin             Length             Attributes
FLASH            0x0000000000000000 0x0000000000800000 xr
RAM              0x0000000040000000 0x0000000000002000 xrw
*default*        0x0000000000000000 0xffffffffffffffff

Linker script and memory map

LOAD build/firmware.o
LOAD build/rt_kernel.o
LOAD build/rt_demo.o
LOAD build/crt_flash.o
LOAD c:/sysgcc/risc-v/bin/../lib/gcc/riscv64-unknown-elf/10.1.0/rv32i/ilp32\libgcc.a
                0x0000000000000400                _stack_size = DEFINED (_stack_size)?_stack_size:0x400
                0x0000000000000000                _heap_size = DEFINED (_heap_size)?_heap_size:0x0

.vector         0x0000000000000000        0x0
                0x0000000000000000                . = ALIGN (0x4)
 *crt.o(.text)

.text           0x0000000000000000     0x14a4
                0x0000000000000000                . = ALIGN (0x4)
 *(.text)
 .text          0x0000000000000000      0x130 build/crt_flash.o
                0x0000000000000000                crtStart
                0x0000000000000010                trap_entry
 .text          0x0000000000000130       0xb4 c:/sysgcc/risc-v/bin/../lib/gcc/riscv64-unknown-elf/10.1.0/rv32i/ilp32\libgcc.a(div.o)
                0x0000000000000130                __divsi3
                0x0000000000000138                __udivsi3
                0x0000000000000180                __umodsi3
                0x00000000000001b4                __modsi3
 *(.text*)
 .text.putchar  0x00000000000001e4       0x20 build/firmware.o
                0x00000000000001e4                putchar
 .text.startup.main
                0x0000000000000204      0x434 build/firmware.o
                0x0000000000000204                main
 .text.irqCallback
                0x0000000000000638        0x4 build/firmware.o
                0x0000000000000638                irqCallback
 .text.zero_stack_registers.constprop.0
                0x000000000000063c       0x48 build/rt_kernel.o
 .text.schedule.part.0
                0x0000000000000684      0x18c build/rt_kernel.o
 .text.uart_printf
                0x0000000000000810       0x54 build/rt_kernel.o
                0x0000000000000810                uart_printf
 .text.task_create
                0x0000000000000864       0xbc build/rt_kernel.o
                0x0000000000000864                task_create
 .text.task_yield
                0x0000000000000920       0x10 build/rt_kernel.o
                0x0000000000000920                task_yield
 .text.kernel_run
                0x0000000000000930      0x194 build/rt_kernel.o
                0x0000000000000930                kernel_run
 .text.kernel_init
                0x0000000000000ac4      0x100 build/rt_kernel.o
                0x0000000000000ac4                kernel_init
 .text.kernel_start
                0x0000000000000bc4       0x34 build/rt_kernel.o
                0x0000000000000bc4                kernel_start
 .text.get_context_switch_count
                0x0000000000000bf8        0xc build/rt_kernel.o
                0x0000000000000bf8                get_context_switch_count
 .text.get_average_interrupt_latency
                0x0000000000000c04       0x34 build/rt_kernel.o
                0x0000000000000c04                get_average_interrupt_latency
 .text.get_system_uptime
                0x0000000000000c38        0x8 build/rt_kernel.o
                0x0000000000000c38                get_system_uptime
 .text.print_task_info
                0x0000000000000c40      0x23c build/rt_kernel.o
                0x0000000000000c40                print_task_info
 .text.led_blink_task
                0x0000000000000e7c       0x6c build/rt_demo.o
                0x0000000000000e7c                led_blink_task
 .text.counter_task
                0x0000000000000ee8       0x68 build/rt_demo.o
                0x0000000000000ee8                counter_task
 .text.gpio_monitor_task
                0x0000000000000f50       0x48 build/rt_demo.o
                0x0000000000000f50                gpio_monitor_task
 .text.uart_debug_task
                0x0000000000000f98       0xac build/rt_demo.o
                0x0000000000000f98                uart_debug_task
 .text.rt_system_init
                0x0000000000001044       0xf8 build/rt_demo.o
                0x0000000000001044                rt_system_init
 .text.rt_main_loop
                0x000000000000113c       0x18 build/rt_demo.o
                0x000000000000113c                rt_main_loop
 *(.rodata)
 *(.rodata*)
 .rodata.main.str1.4
                0x0000000000001154       0xe4 build/firmware.o
 .rodata.kernel_init.str1.4
                0x0000000000001238        0x7 build/rt_kernel.o
 *fill*         0x000000000000123f        0x1 
 .rodata.print_task_info.str1.4
                0x0000000000001240       0x3b build/rt_kernel.o
 *fill*         0x000000000000127b        0x1 
 .rodata.led_blink_task.str1.4
                0x000000000000127c       0x17 build/rt_demo.o
 *fill*         0x0000000000001293        0x1 
 .rodata.counter_task.str1.4
                0x0000000000001294       0x1d build/rt_demo.o
 *fill*         0x00000000000012b1        0x3 
 .rodata.gpio_monitor_task.str1.4
                0x00000000000012b4       0x25 build/rt_demo.o
 *fill*         0x00000000000012d9        0x3 
 .rodata.uart_debug_task.str1.4
                0x00000000000012dc       0x86 build/rt_demo.o
 *fill*         0x0000000000001362        0x2 
 .rodata.rt_system_init.str1.4
                0x0000000000001364      0x13d build/rt_demo.o
 *(.srodata)
 *(.srodata*)
 *(.eh_frame_hdr)
 *(.eh_frame)
                0x00000000000014a4                . = ALIGN (0x4)
 *fill*         0x00000000000014a1        0x3 
                0x00000000000014a4                _etext = .
                0x00000000000014a4                _sidata = _etext

.rela.dyn       0x00000000000014a4        0x0
 .rela.text     0x00000000000014a4        0x0 build/firmware.o

.rodata
 *(.rdata)
 *(.rodata .rodata.*)
 *(.gnu.linkonce.r.*)

.ctors          0x00000000000014a4        0x0
                0x00000000000014a4                . = ALIGN (0x4)
                0x00000000000014a4                _ctors_start = .
 *(.init_array*)
 *(SORT_BY_NAME(.ctors.*))
 *(.ctors)
                0x00000000000014a4                . = ALIGN (0x4)
                0x00000000000014a4                _ctors_end = .

.data           0x0000000040000000        0x4 load address 0x00000000000014a4
                0x0000000040000000                . = ALIGN (0x4)
                0x0000000040000000                _sdata = .
                0x0000000040000000                _ram_start = .
                0x0000000040000000                . = ALIGN (0x4)
 *(.data)
 *(.data*)
 *(.gnu.linkonce.d.*)
                0x0000000040000000                . = ALIGN (0x8)
                0x0000000040000800                PROVIDE (__global_pointer$ = (. + 0x800))
 *(.sdata)
 *(.sdata*)
 .sdata.timer_interval
                0x0000000040000000        0x4 build/rt_kernel.o
 *(.gnu.linkonce.s.*)
                0x0000000040000004                . = ALIGN (0x4)
                0x0000000040000004                _edata = .

.bss            0x0000000040000004      0x498 load address 0x00000000000014a8
                0x0000000040000004                . = ALIGN (0x4)
                0x0000000040000004                _bss_start = .
 *(.bss)
 *(.bss*)
 .bss.perf_stats
                0x0000000040000004       0x10 build/rt_kernel.o
 .bss.task_stacks
                0x0000000040000014      0x400 build/rt_kernel.o
 .bss.tasks     0x0000000040000414       0x60 build/rt_kernel.o
 *(.sbss)
 *(.sbss*)
 .sbss.i        0x0000000040000474        0x4 build/firmware.o
                0x0000000040000474                i
 .sbss.current_task
                0x0000000040000478        0x1 build/rt_kernel.o
 .sbss.scheduler_started
                0x0000000040000479        0x1 build/rt_kernel.o
 *fill*         0x000000004000047a        0x2 
 .sbss.system_tick
                0x000000004000047c        0x4 build/rt_kernel.o
 .sbss.task_count
                0x0000000040000480        0x1 build/rt_kernel.o
 *fill*         0x0000000040000481        0x3 
 .sbss.timer_last_tick
                0x0000000040000484        0x4 build/rt_kernel.o
 .sbss.counter.2
                0x0000000040000488        0x4 build/rt_demo.o
 .sbss.last_debug.3
                0x000000004000048c        0x4 build/rt_demo.o
 .sbss.last_gpio_state.0
                0x0000000040000490        0x4 build/rt_demo.o
 .sbss.last_report.1
                0x0000000040000494        0x4 build/rt_demo.o
 .sbss.last_toggle.4
                0x0000000040000498        0x4 build/rt_demo.o
 *(.gnu.linkonce.sb.*)
 *(.gnu.linkonce.b.*)
 *(COMMON)
                0x000000004000049c                . = ALIGN (0x4)
                0x000000004000049c                _bss_end = .
                0x000000004000049c                _end = .
                [!provide]                        PROVIDE (end = .)

.heap           0x000000004000049c        0x4 load address 0x0000000000001940
                0x00000000400004a0                . = ALIGN (0x8)
 *fill*         0x000000004000049c        0x4 
                [!provide]                        PROVIDE (_heap_start = .)
                0x00000000400004a0                . = (. + _heap_size)
                0x00000000400004a0                . = ALIGN (0x8)
                [!provide]                        PROVIDE (_heap_end = .)

.stack          0x00000000400004a0      0x400 load address 0x0000000000001944
                0x00000000400004a0                . = ALIGN (0x10)
                [!provide]                        PROVIDE (_stack_end = .)
                0x0000000000000400                . = _stack_size
 *fill*         0x00000000400004a0      0x400 
                0x00000000400008a0                . = ALIGN (0x10)
                0x00000000400008a0                PROVIDE (_stack_start = .)
OUTPUT(build/fw-flash.elf elf32-littleriscv)

.debug_info     0x0000000000000000     0x27b1
 .debug_info    0x0000000000000000     0x1578 build/firmware.o
 .debug_info    0x0000000000001578      0xd13 build/rt_kernel.o
 .debug_info    0x000000000000228b      0x4da build/rt_demo.o
 .debug_info    0x0000000000002765       0x26 build/crt_flash.o
 .debug_info    0x000000000000278b       0x26 c:/sysgcc/risc-v/bin/../lib/gcc/riscv64-unknown-elf/10.1.0/rv32i/ilp32\libgcc.a(div.o)

.debug_abbrev   0x0000000000000000      0x85d
 .debug_abbrev  0x0000000000000000      0x38e build/firmware.o
 .debug_abbrev  0x000000000000038e      0x3dd build/rt_kernel.o
 .debug_abbrev  0x000000000000076b       0xca build/rt_demo.o
 .debug_abbrev  0x0000000000000835       0x14 build/crt_flash.o
 .debug_abbrev  0x0000000000000849       0x14 c:/sysgcc/risc-v/bin/../lib/gcc/riscv64-unknown-elf/10.1.0/rv32i/ilp32\libgcc.a(div.o)

.debug_loc      0x0000000000000000     0x39fc
 .debug_loc     0x0000000000000000     0x300a build/firmware.o
 .debug_loc     0x000000000000300a      0x992 build/rt_kernel.o
 .debug_loc     0x000000000000399c       0x60 build/rt_demo.o

.debug_aranges  0x0000000000000000      0x1e0
 .debug_aranges
                0x0000000000000000       0x90 build/firmware.o
 .debug_aranges
                0x0000000000000090       0xc8 build/rt_kernel.o
 .debug_aranges
                0x0000000000000158       0x48 build/rt_demo.o
 .debug_aranges
                0x00000000000001a0       0x20 build/crt_flash.o
 .debug_aranges
                0x00000000000001c0       0x20 c:/sysgcc/risc-v/bin/../lib/gcc/riscv64-unknown-elf/10.1.0/rv32i/ilp32\libgcc.a(div.o)

.debug_ranges   0x0000000000000000     0x1768
 .debug_ranges  0x0000000000000000     0x1350 build/firmware.o
 .debug_ranges  0x0000000000001350      0x3e0 build/rt_kernel.o
 .debug_ranges  0x0000000000001730       0x38 build/rt_demo.o

.debug_line     0x0000000000000000     0x841c
 .debug_line    0x0000000000000000     0x5f73 build/firmware.o
 .debug_line    0x0000000000005f73     0x1bec build/rt_kernel.o
 .debug_line    0x0000000000007b5f      0x562 build/rt_demo.o
 .debug_line    0x00000000000080c1      0x1d8 build/crt_flash.o
 .debug_line    0x0000000000008299      0x183 c:/sysgcc/risc-v/bin/../lib/gcc/riscv64-unknown-elf/10.1.0/rv32i/ilp32\libgcc.a(div.o)

.debug_str      0x0000000000000000      0x70a
 .debug_str     0x0000000000000000      0x29f build/firmware.o
                                        0x301 (size before relaxing)
 .debug_str     0x000000000000029f      0x2f8 build/rt_kernel.o
                                        0x498 (size before relaxing)
 .debug_str     0x0000000000000597       0xac build/rt_demo.o
                                        0x2a8 (size before relaxing)
 .debug_str     0x0000000000000643       0x18 build/crt_flash.o
                                         0x45 (size before relaxing)
 .debug_str     0x000000000000065b       0xaf c:/sysgcc/risc-v/bin/../lib/gcc/riscv64-unknown-elf/10.1.0/rv32i/ilp32\libgcc.a(div.o)
                                         0xbb (size before relaxing)

.comment        0x0000000000000000       0x12
 .comment       0x0000000000000000       0x12 build/firmware.o
                                         0x13 (size before relaxing)
 .comment       0x0000000000000012       0x13 build/rt_kernel.o
 .comment       0x0000000000000012       0x13 build/rt_demo.o

.riscv.attributes
                0x0000000000000000       0x1c
 .riscv.attributes
                0x0000000000000000       0x1c build/firmware.o
 .riscv.attributes
                0x000000000000001c       0x1c build/rt_kernel.o
 .riscv.attributes
                0x0000000000000038       0x1c build/rt_demo.o
 .riscv.attributes
                0x0000000000000054       0x1a build/crt_flash.o
 .riscv.attributes
                0x000000000000006e       0x1a c:/sysgcc/risc-v/bin/../lib/gcc/riscv64-unknown-elf/10.1.0/rv32i/ilp32\libgcc.a(div.o)

.debug_frame    0x0000000000000000      0x464
 .debug_frame   0x0000000000000000      0x144 build/firmware.o
 .debug_frame   0x0000000000000144      0x24c build/rt_kernel.o
 .debug_frame   0x0000000000000390       0xd4 build/rt_demo.o
