Archive member included to satisfy reference by file (symbol)

c:/sysgcc/risc-v/bin/../lib/gcc/riscv64-unknown-elf/10.1.0/rv32imac/ilp32\libgcc.a(_clzsi2.o)
                              ./output/tasks.o (__clzsi2)
c:/sysgcc/risc-v/bin/../lib/gcc/riscv64-unknown-elf/10.1.0/rv32imac/ilp32\libgcc.a(_clz.o)
                              c:/sysgcc/risc-v/bin/../lib/gcc/riscv64-unknown-elf/10.1.0/rv32imac/ilp32\libgcc.a(_clzsi2.o) (__clz_tab)
c:/sysgcc/risc-v/bin/../lib/gcc/riscv64-unknown-elf/10.1.0/../../../../riscv64-unknown-elf/lib/rv32imac/ilp32\libc.a(lib_a-memcpy.o)
                              ./output/queue.o (memcpy)
c:/sysgcc/risc-v/bin/../lib/gcc/riscv64-unknown-elf/10.1.0/../../../../riscv64-unknown-elf/lib/rv32imac/ilp32\libc.a(lib_a-memset.o)
                              ./output/tasks.o (memset)
c:/sysgcc/risc-v/bin/../lib/gcc/riscv64-unknown-elf/10.1.0/../../../../riscv64-unknown-elf/lib/rv32imac/ilp32\libc.a(lib_a-strcpy.o)
                              ./output/scheduler_validation_demo.o (strcpy)
c:/sysgcc/risc-v/bin/../lib/gcc/riscv64-unknown-elf/10.1.0/../../../../riscv64-unknown-elf/lib/rv32imac/ilp32\libc.a(lib_a-strlen.o)
                              ./output/tasks.o (strlen)

Discarded input sections

 .group         0x0000000000000000        0xc ./output/tasks.o
 .group         0x0000000000000000        0xc ./output/tasks.o
 .group         0x0000000000000000        0xc ./output/tasks.o
 .group         0x0000000000000000        0xc ./output/tasks.o
 .group         0x0000000000000000        0xc ./output/tasks.o
 .group         0x0000000000000000        0xc ./output/tasks.o
 .group         0x0000000000000000        0xc ./output/tasks.o
 .group         0x0000000000000000        0xc ./output/tasks.o
 .group         0x0000000000000000        0xc ./output/tasks.o
 .group         0x0000000000000000        0xc ./output/tasks.o
 .group         0x0000000000000000        0xc ./output/tasks.o
 .group         0x0000000000000000        0xc ./output/tasks.o
 .group         0x0000000000000000        0xc ./output/tasks.o
 .group         0x0000000000000000        0xc ./output/tasks.o
 .group         0x0000000000000000        0xc ./output/tasks.o
 .group         0x0000000000000000        0xc ./output/tasks.o
 .group         0x0000000000000000        0xc ./output/tasks.o
 .group         0x0000000000000000        0xc ./output/tasks.o
 .group         0x0000000000000000        0xc ./output/tasks.o
 .group         0x0000000000000000        0xc ./output/tasks.o
 .group         0x0000000000000000        0xc ./output/tasks.o
 .group         0x0000000000000000        0xc ./output/tasks.o
 .group         0x0000000000000000        0xc ./output/tasks.o
 .group         0x0000000000000000        0xc ./output/tasks.o
 .group         0x0000000000000000        0xc ./output/tasks.o
 .group         0x0000000000000000        0xc ./output/tasks.o
 .group         0x0000000000000000        0xc ./output/tasks.o
 .group         0x0000000000000000        0xc ./output/tasks.o
 .group         0x0000000000000000        0xc ./output/tasks.o
 .group         0x0000000000000000        0xc ./output/tasks.o
 .group         0x0000000000000000        0xc ./output/tasks.o
 .group         0x0000000000000000        0xc ./output/tasks.o
 .group         0x0000000000000000        0xc ./output/tasks.o
 .group         0x0000000000000000        0xc ./output/tasks.o
 .group         0x0000000000000000        0xc ./output/tasks.o
 .group         0x0000000000000000        0xc ./output/tasks.o
 .group         0x0000000000000000        0xc ./output/tasks.o
 .group         0x0000000000000000        0xc ./output/tasks.o
 .group         0x0000000000000000        0xc ./output/tasks.o
 .group         0x0000000000000000        0xc ./output/tasks.o
 .text          0x0000000000000000        0x0 ./output/tasks.o
 .data          0x0000000000000000        0x0 ./output/tasks.o
 .bss           0x0000000000000000        0x0 ./output/tasks.o
 .text.prvSearchForNameWithinSingleList
                0x0000000000000000       0x3a ./output/tasks.o
 .text.prvTaskIsTaskSuspended
                0x0000000000000000       0x70 ./output/tasks.o
 .text.vTaskDelete
                0x0000000000000000      0x156 ./output/tasks.o
 .text.eTaskGetState
                0x0000000000000000       0xc2 ./output/tasks.o
 .text.uxTaskPriorityGet
                0x0000000000000000       0x4e ./output/tasks.o
 .text.uxTaskPriorityGetFromISR
                0x0000000000000000       0x30 ./output/tasks.o
 .text.uxTaskBasePriorityGet
                0x0000000000000000       0x4e ./output/tasks.o
 .text.uxTaskBasePriorityGetFromISR
                0x0000000000000000       0x30 ./output/tasks.o
 .text.vTaskPrioritySet
                0x0000000000000000      0x158 ./output/tasks.o
 .text.vTaskResume
                0x0000000000000000       0xd0 ./output/tasks.o
 .text.xTaskResumeFromISR
                0x0000000000000000       0xce ./output/tasks.o
 .text.vTaskEndScheduler
[...]
Memory Configuration

Name             Origin             Length             Attributes
rom              0x0000000080000000 0x0000000000080000 axr
ram              0x0000000080080000 0x0000000000100000 axw
*default*        0x0000000000000000 0xffffffffffffffff

Linker script and memory map

LOAD ./output/tasks.o
LOAD ./output/list.o
LOAD ./output/queue.o
LOAD ./output/timers.o
LOAD ./output/event_groups.o
LOAD ./output/stream_buffer.o
LOAD ./output/heap_4.o
LOAD ./output/port.o
LOAD ./output/main.o
LOAD ./output/test_manager.o
LOAD ./output/riscv-virt.o
LOAD ./output/ns16550.o
LOAD ./output/scheduler_validation_demo.o
LOAD ./output/queue_communication_demo.o
LOAD ./output/interrupt_io_demo.o
LOAD ./output/test_context_switch.o
LOAD ./output/test_memory_allocation.o
LOAD ./output/semaphore_mutex_test.o
LOAD ./output/test_ipc_performance.o
LOAD ./output/test_interrupt_latency.o
LOAD ./output/test_suite.o
LOAD ./output/queue_test.o
LOAD ./output/printf-stdarg.o
LOAD ./output/syscalls.o
LOAD ./output/start.o
LOAD ./output/vector.o
LOAD ./output/RegTest.o
LOAD ./output/portASM.o
                0x0000000000000160                __stack_size = 0x160
START GROUP
END GROUP
LOAD c:/sysgcc/risc-v/bin/../lib/gcc/riscv64-unknown-elf/10.1.0/rv32imac/ilp32\libgcc.a
START GROUP
LOAD c:/sysgcc/risc-v/bin/../lib/gcc/riscv64-unknown-elf/10.1.0/../../../../riscv64-unknown-elf/lib/rv32imac/ilp32\libc.a
LOAD c:/sysgcc/risc-v/bin/../lib/gcc/riscv64-unknown-elf/10.1.0/../../../../riscv64-unknown-elf/lib/rv32imac/ilp32\libgloss.a
END GROUP
LOAD c:/sysgcc/risc-v/bin/../lib/gcc/riscv64-unknown-elf/10.1.0/rv32imac/ilp32\libgcc.a
                0x0000000000000160                __stack_size = DEFINED (__stack_size)?__stack_size:0x2000

.init           0x0000000080000000       0x76
                0x0000000080000000                _text = .
 *(SORT_NONE(.init))
 .init          0x0000000080000000       0x76 ./output/start.o
                0x0000000080000000                _start

.text           0x0000000080000080     0x3470
 *(.text.unlikely .text.unlikely.*)
 *(.text.startup .text.startup.*)
 .text.startup.main
                0x0000000080000080       0x14 ./output/main.o
                0x0000000080000080                main
 *(.text .text.*)
 .text.prvAddNewTaskToReadyList
                0x0000000080000094      0x13e ./output/tasks.o
 .text.prvAddCurrentTaskToDelayedList
                0x00000000800001d2       0xe2 ./output/tasks.o
 .text.prvResetNextTaskUnblockTime
                0x00000000800002b4       0x24 ./output/tasks.o
 .text.prvDeleteTCB
                0x00000000800002d8       0x40 ./output/tasks.o
 .text.prvCheckTasksWaitingTermination
                0x0000000080000318       0x7a ./output/tasks.o
 .text.prvIdleTask
                0x0000000080000392        0x8 ./output/tasks.o
 .text.prvInitialiseNewTask.constprop.0
                0x000000008000039a       0xc6 ./output/tasks.o
 .text.xTaskCreateStatic
                0x0000000080000460       0xa6 ./output/tasks.o
                0x0000000080000460                xTaskCreateStatic
 .text.xTaskCreate
                0x0000000080000506       0x7a ./output/tasks.o
                0x0000000080000506                xTaskCreate
 .text.vTaskStartScheduler
                0x0000000080000580       0xaa ./output/tasks.o
                0x0000000080000580                vTaskStartScheduler
 .text.vTaskSuspendAll
                0x000000008000062a       0x10 ./output/tasks.o
                0x000000008000062a                vTaskSuspendAll
 .text.xTaskGetTickCount
                0x000000008000063a        0xa ./output/tasks.o
                0x000000008000063a                xTaskGetTickCount
 .text.xTaskGetTickCountFromISR
                0x0000000080000644        0xa ./output/tasks.o
                0x0000000080000644                xTaskGetTickCountFromISR
 .text.uxTaskGetNumberOfTasks
                0x000000008000064e        0xa ./output/tasks.o
                0x000000008000064e                uxTaskGetNumberOfTasks
 .text.xTaskIncrementTick
                0x0000000080000658      0x1bc ./output/tasks.o
                0x0000000080000658                xTaskIncrementTick
 .text.xTaskResumeAll
                0x0000000080000814      0x174 ./output/tasks.o
                0x0000000080000814                xTaskResumeAll
 .text.vTaskDelay
                0x0000000080000988       0x4a ./output/tasks.o
                0x0000000080000988                vTaskDelay
 .text.vTaskSwitchContext
                0x00000000800009d2       0xde ./output/tasks.o
                0x00000000800009d2                vTaskSwitchContext
 .text.vTaskPlaceOnEventList
                0x0000000080000ab0       0x3e ./output/tasks.o
                0x0000000080000ab0                vTaskPlaceOnEventList
 .text.vTaskPlaceOnEventListRestricted
                0x0000000080000aee       0x68 ./output/tasks.o
                0x0000000080000aee                vTaskPlaceOnEventListRestricted
 .text.xTaskRemoveFromEventList
                0x0000000080000b56       0xd8 ./output/tasks.o
                0x0000000080000b56                xTaskRemoveFromEventList
 .text.vTaskInternalSetTimeOutState
                0x0000000080000c2e       0x16 ./output/tasks.o
                0x0000000080000c2e                vTaskInternalSetTimeOutState
 .text.xTaskCheckForTimeOut
                0x0000000080000c44       0xc2 ./output/tasks.o
                0x0000000080000c44                xTaskCheckForTimeOut
 .text.vTaskMissedYield
                0x0000000080000d06        0xc ./output/tasks.o
                0x0000000080000d06                vTaskMissedYield
 .text.xTaskGetSchedulerState
                0x0000000080000d12       0x1c ./output/tasks.o
                0x0000000080000d12                xTaskGetSchedulerState
 .text.xTaskPriorityInherit
                0x0000000080000d2e       0xd2 ./output/tasks.o
                0x0000000080000d2e                xTaskPriorityInherit
 .text.xTaskPriorityDisinherit
                0x0000000080000e00       0xc0 ./output/tasks.o
                0x0000000080000e00                xTaskPriorityDisinherit
 .text.vTaskPriorityDisinheritAfterTimeout
                0x0000000080000ec0       0xe2 ./output/tasks.o
                0x0000000080000ec0                vTaskPriorityDisinheritAfterTimeout
 .text.pvTaskIncrementMutexHeldCount
                0x0000000080000fa2       0x12 ./output/tasks.o
                0x0000000080000fa2                pvTaskIncrementMutexHeldCount
 .text.vListInitialise
                0x0000000080000fb4       0x14 ./output/list.o
                0x0000000080000fb4                vListInitialise
 .text.vListInitialiseItem
                0x0000000080000fc8        0x6 ./output/list.o
                0x0000000080000fc8                vListInitialiseItem
 .text.vListInsert
                0x0000000080000fce       0x2e ./output/list.o
                0x0000000080000fce                vListInsert
 .text.uxListRemove
                0x0000000080000ffc       0x1e ./output/list.o
                0x0000000080000ffc                uxListRemove
 .text.prvIsQueueEmpty
                0x000000008000101a       0x16 ./output/queue.o
 .text.prvCopyDataToQueue
                0x0000000080001030       0x88 ./output/queue.o
 .text.prvCopyDataFromQueue
                0x00000000800010b8       0x20 ./output/queue.o
 .text.prvNotifyQueueSetContainer
                0x00000000800010d8       0xb2 ./output/queue.o
 .text.prvUnlockQueue
                0x000000008000118a       0xc2 ./output/queue.o
 .text.xQueueGenericReset
                0x000000008000124c       0xb0 ./output/queue.o
                0x000000008000124c                xQueueGenericReset
 .text.xQueueGenericCreateStatic
                0x00000000800012fc       0x9a ./output/queue.o
                0x00000000800012fc                xQueueGenericCreateStatic
 .text.xQueueGenericCreate
                0x0000000080001396       0x78 ./output/queue.o
                0x0000000080001396                xQueueGenericCreate
 .text.xQueueGenericSend
                0x000000008000140e      0x1a6 ./output/queue.o
                0x000000008000140e                xQueueGenericSend
 .text.xQueueGenericSendFromISR
                0x00000000800015b4      0x104 ./output/queue.o
                0x00000000800015b4                xQueueGenericSendFromISR
 .text.xQueueGiveFromISR
                0x00000000800016b8       0xd0 ./output/queue.o
                0x00000000800016b8                xQueueGiveFromISR
 .text.xQueueReceive
                0x0000000080001788      0x16a ./output/queue.o
                0x0000000080001788                xQueueReceive
 .text.xQueueSemaphoreTake
                0x00000000800018f2      0x1ba ./output/queue.o
                0x00000000800018f2                xQueueSemaphoreTake
 .text.vQueueAddToRegistry
                0x0000000080001aac       0x5e ./output/queue.o
                0x0000000080001aac                vQueueAddToRegistry
 .text.vQueueWaitForMessageRestricted
                0x0000000080001b0a       0x52 ./output/queue.o
                0x0000000080001b0a                vQueueWaitForMessageRestricted
 .text.prvCheckForValidListAndQueue
                0x0000000080001b5c       0x8e ./output/timers.o
 .text.prvInsertTimerInActiveList
                0x0000000080001bea       0x48 ./output/timers.o
 .text.prvReloadTimer
                0x0000000080001c32       0x36 ./output/timers.o
 .text.prvProcessExpiredTimer
                0x0000000080001c68       0x48 ./output/timers.o
 .text.prvSampleTimeNow
                0x0000000080001cb0       0x68 ./output/timers.o
 .text.prvTimerTask
                0x0000000080001d18      0x164 ./output/timers.o
 .text.xTimerCreateTimerTask
                0x0000000080001e7c       0x5e ./output/timers.o
                0x0000000080001e7c                xTimerCreateTimerTask
 .text.xTimerCreate
                0x0000000080001eda       0x76 ./output/timers.o
                0x0000000080001eda                xTimerCreate
 .text.xTimerGenericCommandFromTask
                0x0000000080001f50       0x62 ./output/timers.o
                0x0000000080001f50                xTimerGenericCommandFromTask
 .text.pvPortMalloc
                0x0000000080001fb2      0x206 ./output/heap_4.o
                0x0000000080001fb2                pvPortMalloc
 .text.vPortFree
                0x00000000800021b8      0x132 ./output/heap_4.o
                0x00000000800021b8                vPortFree
 .text.vPortSetupTimerInterrupt
                0x00000000800022ea       0x5c ./output/port.o
                0x00000000800022ea                vPortSetupTimerInterrupt
 .text.xPortStartScheduler
                0x0000000080002346       0x30 ./output/port.o
                0x0000000080002346                xPortStartScheduler
 .text.run_demo_applications
                0x0000000080002376       0x16 ./output/main.o
                0x0000000080002376                run_demo_applications
 .text.vApplicationMallocFailedHook
                0x000000008000238c       0x16 ./output/main.o
                0x000000008000238c                vApplicationMallocFailedHook
 .text.vApplicationStackOverflowHook
                0x00000000800023a2       0x16 ./output/main.o
                0x00000000800023a2                vApplicationStackOverflowHook
 .text.vApplicationTickHook
                0x00000000800023b8        0x2 ./output/main.o
                0x00000000800023b8                vApplicationTickHook
 .text.vAssertCalled
                0x00000000800023ba       0x42 ./output/main.o
                0x00000000800023ba                vAssertCalled
 .text.vApplicationGetIdleTaskMemory
                0x00000000800023fc       0x1c ./output/main.o
                0x00000000800023fc                vApplicationGetIdleTaskMemory
 .text.vApplicationGetTimerTaskMemory
                0x0000000080002418       0x1c ./output/main.o
                0x0000000080002418                vApplicationGetTimerTaskMemory
 .text.print_uint32
                0x0000000080002434       0x50 ./output/riscv-virt.o
                0x0000000080002434                print_uint32
 .text.vOutNS16550
                0x0000000080002484       0x14 ./output/ns16550.o
                0x0000000080002484                vOutNS16550
 .text.vInterruptSimulationCallback
                0x0000000080002498       0xa8 ./output/interrupt_io_demo.o
                0x0000000080002498                vInterruptSimulationCallback
 .text.vPeriodicTimerCallback
                0x0000000080002540       0x56 ./output/interrupt_io_demo.o
                0x0000000080002540                vPeriodicTimerCallback
 .text.vTimerHandlerTask
                0x0000000080002596       0x54 ./output/interrupt_io_demo.o
                0x0000000080002596                vTimerHandlerTask
 .text.vInterruptHandlerTask
                0x00000000800025ea      0x10a ./output/interrupt_io_demo.o
                0x00000000800025ea                vInterruptHandlerTask
 .text.vIOSimulationTask
                0x00000000800026f4      0x13c ./output/interrupt_io_demo.o
                0x00000000800026f4                vIOSimulationTask
 .text.vInterruptMonitorTask
                0x0000000080002830      0x11e ./output/interrupt_io_demo.o
                0x0000000080002830                vInterruptMonitorTask
 .text.start_interrupt_driven_io_demo
                0x000000008000294e      0x1e4 ./output/interrupt_io_demo.o
                0x000000008000294e                start_interrupt_driven_io_demo
 .text.printchar
                0x0000000080002b32       0x24 ./output/printf-stdarg.o
 .text.prints   0x0000000080002b56       0xb8 ./output/printf-stdarg.o
 .text.printi   0x0000000080002c0e       0xbc ./output/printf-stdarg.o
 .text.tiny_print
                0x0000000080002cca      0x188 ./output/printf-stdarg.o
 .text.printf   0x0000000080002e52       0x26 ./output/printf-stdarg.o
                0x0000000080002e52                printf
 *fill*         0x0000000080002e78        0x8 
 .text          0x0000000080002e80       0x80 ./output/vector.o
                0x0000000080002e80                freertos_vector_table
 .text          0x0000000080002f00       0xbc ./output/portASM.o
                0x0000000080002f00                pxPortInitialiseStack
                0x0000000080002f46                xPortStartFirstTask
                0x0000000080002fa0                freertos_risc_v_application_exception_handler
                0x0000000080002fae                freertos_risc_v_application_interrupt_handler
 .text.freertos_risc_v_exception_handler
                0x0000000080002fbc      0x136 ./output/portASM.o
                0x0000000080002fbc                freertos_risc_v_exception_handler
 .text.freertos_risc_v_interrupt_handler
                0x00000000800030f2       0xc8 ./output/portASM.o
                0x00000000800030f2                freertos_risc_v_interrupt_handler
 .text.freertos_risc_v_mtimer_interrupt_handler
                0x00000000800031ba       0xfc ./output/portASM.o
                0x00000000800031ba                freertos_risc_v_mtimer_interrupt_handler
 .text          0x00000000800032b6       0x3c c:/sysgcc/risc-v/bin/../lib/gcc/riscv64-unknown-elf/10.1.0/rv32imac/ilp32\libgcc.a(_clzsi2.o)
                0x00000000800032b6                __clzsi2
 .text          0x00000000800032f2       0xde c:/sysgcc/risc-v/bin/../lib/gcc/riscv64-unknown-elf/10.1.0/../../../../riscv64-unknown-elf/lib/rv32imac/ilp32\libc.a(lib_a-memcpy.o)
                0x00000000800032f2                memcpy
 .text          0x00000000800033d0       0xa8 c:/sysgcc/risc-v/bin/../lib/gcc/riscv64-unknown-elf/10.1.0/../../../../riscv64-unknown-elf/lib/rv32imac/ilp32\libc.a(lib_a-memset.o)
                0x00000000800033d0                memset
 .text          0x0000000080003478       0x78 c:/sysgcc/risc-v/bin/../lib/gcc/riscv64-unknown-elf/10.1.0/../../../../riscv64-unknown-elf/lib/rv32imac/ilp32\libc.a(lib_a-strcpy.o)
                0x0000000080003478                strcpy
 *(.gnu.linkonce.t.*)

.fini           0x00000000800034f0        0x0
 *(SORT_NONE(.fini))
                0x00000000800034f0                _etext = .

.rodata.align   0x00000000800034f0        0x0
                0x00000000800034f0                _rodata = .

.rodata.start   0x00000000800034f0        0x0
                0x00000000800034f0                _rodata_lma = LOADADDR (.rodata.start)

.rodata         0x00000000800034f0      0x750
 *(.rdata)
 *(.rodata .rodata.*)
 .rodata.prvTaskIsTaskSuspended.str1.4
                0x00000000800034f0       0x1b ./output/tasks.o
 *fill*         0x000000008000350b        0x1 
 .rodata.vTaskStartScheduler.str1.4
                0x000000008000350c        0x5 ./output/tasks.o
 *fill*         0x0000000080003511        0x3 
 .rodata.prvNotifyQueueSetContainer.str1.4
                0x0000000080003514       0x1b ./output/queue.o
 *fill*         0x000000008000352f        0x1 
 .rodata.prvCheckForValidListAndQueue.str1.4
                0x0000000080003530        0x5 ./output/timers.o
 *fill*         0x0000000080003535        0x3 
 .rodata.prvTimerTask.str1.4
                0x0000000080003538       0x1c ./output/timers.o
 .rodata.prvTimerTask
                0x0000000080003554       0x24 ./output/timers.o
 .rodata.xTimerCreateTimerTask.str1.4
                0x0000000080003578        0x8 ./output/timers.o
 .rodata.pvPortMalloc.str1.4
                0x0000000080003580       0x2d ./output/heap_4.o
 *fill*         0x00000000800035ad        0x3 
 .rodata.run_demo_applications.str1.4
                0x00000000800035b0       0x32 ./output/main.o
 *fill*         0x00000000800035e2        0x2 
 .rodata.vApplicationMallocFailedHook.str1.4
                0x00000000800035e4       0x14 ./output/main.o
 .rodata.vApplicationStackOverflowHook.str1.4
                0x00000000800035f8       0x1b ./output/main.o
 *fill*         0x0000000080003613        0x1 
 .rodata.vAssertCalled.str1.4
                0x0000000080003614       0x1b ./output/main.o
 *fill*         0x000000008000362f        0x1 
 .rodata.vInterruptSimulationCallback.str1.4
                0x0000000080003630        0xc ./output/interrupt_io_demo.o
 .rodata.vPeriodicTimerCallback.str1.4
                0x000000008000363c        0xf ./output/interrupt_io_demo.o
 *fill*         0x000000008000364b        0x1 
 .rodata.vTimerHandlerTask.str1.4
                0x000000008000364c       0x35 ./output/interrupt_io_demo.o
 *fill*         0x0000000080003681        0x3 
 .rodata.vInterruptHandlerTask.str1.4
                0x0000000080003684       0xa6 ./output/interrupt_io_demo.o
                                         0xaa (size before relaxing)
 *fill*         0x000000008000372a        0x2 
 .rodata.vIOSimulationTask.str1.4
                0x000000008000372c       0xd2 ./output/interrupt_io_demo.o
 *fill*         0x00000000800037fe        0x2 
 .rodata.vInterruptMonitorTask.str1.4
                0x0000000080003800      0x111 ./output/interrupt_io_demo.o
 *fill*         0x0000000080003911        0x3 
 .rodata.start_interrupt_driven_io_demo.str1.4
                0x0000000080003914      0x224 ./output/interrupt_io_demo.o
 .rodata.tiny_print.str1.4
                0x0000000080003b38        0x7 ./output/printf-stdarg.o
 *fill*         0x0000000080003b3f        0x1 
 .rodata        0x0000000080003b40      0x100 c:/sysgcc/risc-v/bin/../lib/gcc/riscv64-unknown-elf/10.1.0/rv32imac/ilp32\libgcc.a(_clz.o)
                0x0000000080003b40                __clz_tab
 *(.gnu.linkonce.r.*)
                0x0000000080003c40                . = ALIGN (0x4)
                0x0000000080003c40                _erodata = .

.rela.dyn       0x0000000080003c40        0x0
 .rela.text.xPortStartScheduler
                0x0000000080003c40        0x0 ./output/tasks.o
 .rela.init     0x0000000080003c40        0x0 ./output/tasks.o
 .rela.text.freertos_risc_v_exception_handler
                0x0000000080003c40        0x0 ./output/tasks.o
 .rela.text.freertos_risc_v_interrupt_handler
                0x0000000080003c40        0x0 ./output/tasks.o

.tdata          0x0000000080003c40        0x0
 *(.tdata .tdata.*)

.tbss           0x0000000080003c40        0x0
 *(.tbss .tbss.* .gnu.linkonce.tb.*)
 *(.tcommon)
                [!provide]                        PROVIDE (__tbss_end = .)
                [!provide]                        PROVIDE (__tls_end = .)
                [!provide]                        PROVIDE (__tdata_source = LOADADDR (.tdata))
                [!provide]                        PROVIDE (__tdata_source_end = (LOADADDR (.tdata) + SIZEOF (.tdata)))
                [!provide]                        PROVIDE (__tdata_size = SIZEOF (.tdata))
                [!provide]                        PROVIDE (__tbss_offset = (ADDR (.tbss) - ADDR (.tdata)))
                [!provide]                        PROVIDE (__tbss_start = ADDR (.tbss))
                [!provide]                        PROVIDE (__tbss_size = SIZEOF (.tbss))
                [!provide]                        PROVIDE (__tls_size = (__tls_end - ADDR (.tdata)))
                [!provide]                        PROVIDE (__tls_align = MAX (ALIGNOF (.tdata), ALIGNOF (.tbss)))

.data.align     0x0000000080080000        0x0 load address 0x0000000080003c40
                0x0000000080080000                . = ALIGN (0x4)
                0x0000000080080000                _data = .

.data.start     0x0000000080080000        0x0 load address 0x0000000080003c40
                0x0000000080003c40                _data_lma = LOADADDR (.data.start)

.data           0x0000000080080000       0x20 load address 0x0000000080003c40
 *(.data .data.*)
 *(.gnu.linkonce.d.*)
                0x0000000080080000                . = ALIGN (0x8)
                0x0000000080080800                PROVIDE (__global_pointer$ = (. + 0x800))
 *(.sdata .sdata.*)
 .sdata.uxTopUsedPriority
                0x0000000080080000        0x4 ./output/tasks.o
 .sdata.pullNextTime
                0x0000000080080004        0x4 ./output/port.o
                0x0000000080080004                pullNextTime
 .sdata.pxCriticalNesting
                0x0000000080080008        0x4 ./output/port.o
                0x0000000080080008                pxCriticalNesting
 .sdata.xCriticalNesting
                0x000000008008000c        0x4 ./output/port.o
                0x000000008008000c                xCriticalNesting
 .sdata.dev     0x0000000080080010        0x4 ./output/printf-stdarg.o
 *(.sdata2 .sdata2.*)
 *(.gnu.linkonce.s.*)
                0x0000000080080018                . = ALIGN (0x8)
 *fill*         0x0000000080080014        0x4 
 *(.srodata.cst16)
 *(.srodata.cst8)
 *(.srodata.cst4)
 *(.srodata.cst2)
 *(.srodata .srodata.*)
 .srodata.uxTimerIncrementsForOneTick
                0x0000000080080018        0x4 ./output/port.o
                0x0000000080080018                uxTimerIncrementsForOneTick
 .srodata.xISRStackTop
                0x000000008008001c        0x4 ./output/port.o
                0x000000008008001c                xISRStackTop
                0x0000000080080020                . = ALIGN (0x4)
                0x0000000080080020                _edata = .

.bss.align      0x0000000080080020        0x0 load address 0x0000000080003c60
                0x0000000080080020                . = ALIGN (0x4)
                0x0000000080080020                _bss = .

.bss.start      0x0000000080080020        0x0 load address 0x0000000080003c60
                0x0000000080003c60                _bss_lma = LOADADDR (.bss.start)

.bss            0x0000000080080020    0x14f04 load address 0x0000000080003c60
 *(.sbss*)
 .sbss.pxCurrentTCB
                0x0000000080080020        0x4 ./output/tasks.o
                0x0000000080080020                pxCurrentTCB
 .sbss.pxDelayedTaskList
                0x0000000080080024        0x4 ./output/tasks.o
 .sbss.pxOverflowDelayedTaskList
                0x0000000080080028        0x4 ./output/tasks.o
 .sbss.uxCurrentNumberOfTasks
                0x000000008008002c        0x4 ./output/tasks.o
 .sbss.uxDeletedTasksWaitingCleanUp
                0x0000000080080030        0x4 ./output/tasks.o
 .sbss.uxSchedulerSuspended
                0x0000000080080034        0x4 ./output/tasks.o
 .sbss.uxTaskNumber
                0x0000000080080038        0x4 ./output/tasks.o
 .sbss.uxTopReadyPriority
                0x000000008008003c        0x4 ./output/tasks.o
 .sbss.xIdleTaskHandles
                0x0000000080080040        0x4 ./output/tasks.o
 .sbss.xNextTaskUnblockTime
                0x0000000080080044        0x4 ./output/tasks.o
 .sbss.xNumOfOverflows
                0x0000000080080048        0x4 ./output/tasks.o
 .sbss.xPendedTicks
                0x000000008008004c        0x4 ./output/tasks.o
 .sbss.xSchedulerRunning
                0x0000000080080050        0x4 ./output/tasks.o
 .sbss.xTickCount
                0x0000000080080054        0x4 ./output/tasks.o
 .sbss.xYieldPendings
                0x0000000080080058        0x4 ./output/tasks.o
 .sbss.pxCurrentTimerList
                0x000000008008005c        0x4 ./output/timers.o
 .sbss.pxOverflowTimerList
                0x0000000080080060        0x4 ./output/timers.o
 .sbss.xLastTime.2
                0x0000000080080064        0x4 ./output/timers.o
 .sbss.xTimerQueue
                0x0000000080080068        0x4 ./output/timers.o
 .sbss.xTimerTaskHandle
                0x000000008008006c        0x4 ./output/timers.o
 .sbss.pxEnd    0x0000000080080070        0x4 ./output/heap_4.o
 .sbss.xFreeBytesRemaining
                0x0000000080080074        0x4 ./output/heap_4.o
 .sbss.xMinimumEverFreeBytesRemaining
                0x0000000080080078        0x4 ./output/heap_4.o
 .sbss.xNumberOfSuccessfulAllocations
                0x000000008008007c        0x4 ./output/heap_4.o
 .sbss.xNumberOfSuccessfulFrees
                0x0000000080080080        0x4 ./output/heap_4.o
 .sbss.xStart   0x0000000080080084        0x8 ./output/heap_4.o
 .sbss.pullMachineTimerCompareRegister
                0x000000008008008c        0x4 ./output/port.o
                0x000000008008008c                pullMachineTimerCompareRegister
 .sbss.ullNextTime
                0x0000000080080090        0x8 ./output/port.o
                0x0000000080080090                ullNextTime
 .sbss.xTaskReturnAddress
                0x0000000080080098        0x4 ./output/port.o
                0x0000000080080098                xTaskReturnAddress
 .sbss.io_operations_count
                0x000000008008009c        0x4 ./output/interrupt_io_demo.o
 .sbss.isr_entry_time
                0x00000000800800a0        0x4 ./output/interrupt_io_demo.o
 .sbss.isr_exit_time
                0x00000000800800a4        0x4 ./output/interrupt_io_demo.o
 .sbss.xIOSemaphore
                0x00000000800800a8        0x4 ./output/interrupt_io_demo.o
 .sbss.xInterruptQueue
                0x00000000800800ac        0x4 ./output/interrupt_io_demo.o
 .sbss.xInterruptSemaphore
                0x00000000800800b0        0x4 ./output/interrupt_io_demo.o
 .sbss.xInterruptSimulationTimer
                0x00000000800800b4        0x4 ./output/interrupt_io_demo.o
 .sbss.xPeriodicTimer
                0x00000000800800b8        0x4 ./output/interrupt_io_demo.o
 .sbss.xTimerSemaphore
                0x00000000800800bc        0x4 ./output/interrupt_io_demo.o
 *(.gnu.linkonce.sb.*)
 *(.bss .bss.*)
 .bss.pxReadyTasksLists
                0x00000000800800c0       0xb4 ./output/tasks.o
 .bss.xDelayedTaskList1
                0x0000000080080174       0x14 ./output/tasks.o
 .bss.xDelayedTaskList2
                0x0000000080080188       0x14 ./output/tasks.o
 .bss.xPendingReadyList
                0x000000008008019c       0x14 ./output/tasks.o
 .bss.xSuspendedTaskList
                0x00000000800801b0       0x14 ./output/tasks.o
 .bss.xTasksWaitingTermination
                0x00000000800801c4       0x14 ./output/tasks.o
 .bss.xQueueRegistry
                0x00000000800801d8       0x50 ./output/queue.o
                0x00000000800801d8                xQueueRegistry
 .bss.ucStaticTimerQueueStorage.1
                0x0000000080080228      0x140 ./output/timers.o
 .bss.xActiveTimerList1
                0x0000000080080368       0x14 ./output/timers.o
 .bss.xActiveTimerList2
                0x000000008008037c       0x14 ./output/timers.o
 .bss.xStaticTimerQueue.0
                0x0000000080080390       0x54 ./output/timers.o
 .bss.ucHeap    0x00000000800803e4    0x14000 ./output/heap_4.o
 *fill*         0x00000000800943e4        0xc 
 .bss.xISRStack
                0x00000000800943f0      0x4b0 ./output/port.o
 .bss.uxIdleTaskStack.2
                0x00000000800948a0      0x1e0 ./output/main.o
 .bss.uxTimerTaskStack.0
                0x0000000080094a80      0x3c0 ./output/main.o
 .bss.xIdleTaskTCB.3
                0x0000000080094e40       0x64 ./output/main.o
 .bss.xTimerTaskTCB.1
                0x0000000080094ea4       0x64 ./output/main.o
 .bss.interrupt_stats
                0x0000000080094f08       0x1c ./output/interrupt_io_demo.o
 *(.gnu.linkonce.b.*)
 *(COMMON)
                0x0000000080094f24                . = ALIGN (0x4)
                0x0000000080094f24                _ebss = .
                0x0000000080094f28                . = ALIGN (0x8)
                0x0000000080094f28                _end = .

.stack          0x0000000080094f24      0x16c
                0x0000000080094f30                . = ALIGN (0x10)
 *fill*         0x0000000080094f24        0xc 
                0x0000000080095090                . = (. + __stack_size)
 *fill*         0x0000000080094f30      0x160 
                0x0000000080095090                _stack_top = .
OUTPUT(output/RTOSDemo.elf elf32-littleriscv)

.debug_info     0x0000000000000000     0xaca8
 .debug_info    0x0000000000000000     0x3a91 ./output/tasks.o
 .debug_info    0x0000000000003a91      0x2c7 ./output/list.o
 .debug_info    0x0000000000003d58     0x294d ./output/queue.o
 .debug_info    0x00000000000066a5     0x1a61 ./output/timers.o
 .debug_info    0x0000000000008106      0x6f0 ./output/heap_4.o
 .debug_info    0x00000000000087f6      0x2f4 ./output/port.o
 .debug_info    0x0000000000008aea      0x5af ./output/main.o
 .debug_info    0x0000000000009099      0x242 ./output/riscv-virt.o
 .debug_info    0x00000000000092db      0x17b ./output/ns16550.o
 .debug_info    0x0000000000009456      0xf18 ./output/interrupt_io_demo.o
 .debug_info    0x000000000000a36e      0x6b1 ./output/printf-stdarg.o
 .debug_info    0x000000000000aa1f       0x26 ./output/start.o
 .debug_info    0x000000000000aa45       0x26 ./output/vector.o
 .debug_info    0x000000000000aa6b       0x22 ./output/portASM.o
 .debug_info    0x000000000000aa8d      0x144 c:/sysgcc/risc-v/bin/../lib/gcc/riscv64-unknown-elf/10.1.0/rv32imac/ilp32\libgcc.a(_clzsi2.o)
 .debug_info    0x000000000000abd1       0xd7 c:/sysgcc/risc-v/bin/../lib/gcc/riscv64-unknown-elf/10.1.0/rv32imac/ilp32\libgcc.a(_clz.o)

.debug_abbrev   0x0000000000000000     0x1b02
 .debug_abbrev  0x0000000000000000      0x451 ./output/tasks.o
 .debug_abbrev  0x0000000000000451      0x10d ./output/list.o
 .debug_abbrev  0x000000000000055e      0x383 ./output/queue.o
 .debug_abbrev  0x00000000000008e1      0x3e4 ./output/timers.o
 .debug_abbrev  0x0000000000000cc5      0x2a3 ./output/heap_4.o
 .debug_abbrev  0x0000000000000f68      0x17f ./output/port.o
 .debug_abbrev  0x00000000000010e7      0x1ee ./output/main.o
 .debug_abbrev  0x00000000000012d5      0x18b ./output/riscv-virt.o
 .debug_abbrev  0x0000000000001460      0x11d ./output/ns16550.o
 .debug_abbrev  0x000000000000157d      0x1e0 ./output/interrupt_io_demo.o
 .debug_abbrev  0x000000000000175d      0x231 ./output/printf-stdarg.o
 .debug_abbrev  0x000000000000198e       0x14 ./output/start.o
 .debug_abbrev  0x00000000000019a2       0x14 ./output/vector.o
 .debug_abbrev  0x00000000000019b6       0x12 ./output/portASM.o
 .debug_abbrev  0x00000000000019c8       0xca c:/sysgcc/risc-v/bin/../lib/gcc/riscv64-unknown-elf/10.1.0/rv32imac/ilp32\libgcc.a(_clzsi2.o)
 .debug_abbrev  0x0000000000001a92       0x70 c:/sysgcc/risc-v/bin/../lib/gcc/riscv64-unknown-elf/10.1.0/rv32imac/ilp32\libgcc.a(_clz.o)

.debug_loc      0x0000000000000000     0x6f21
 .debug_loc     0x0000000000000000     0x2bdd ./output/tasks.o
 .debug_loc     0x0000000000002bdd       0x75 ./output/list.o
 .debug_loc     0x0000000000002c52     0x1e00 ./output/queue.o
 .debug_loc     0x0000000000004a52     0x10ac ./output/timers.o
 .debug_loc     0x0000000000005afe      0x4bd ./output/heap_4.o
 .debug_loc     0x0000000000005fbb       0x35 ./output/port.o
 .debug_loc     0x0000000000005ff0      0x13d ./output/main.o
 .debug_loc     0x000000000000612d       0xef ./output/riscv-virt.o
 .debug_loc     0x000000000000621c       0x26 ./output/ns16550.o
 .debug_loc     0x0000000000006242      0x1b0 ./output/interrupt_io_demo.o
 .debug_loc     0x00000000000063f2      0xac4 ./output/printf-stdarg.o
 .debug_loc     0x0000000000006eb6       0x6b c:/sysgcc/risc-v/bin/../lib/gcc/riscv64-unknown-elf/10.1.0/rv32imac/ilp32\libgcc.a(_clzsi2.o)

.debug_aranges  0x0000000000000000      0x7a0
 .debug_aranges
                0x0000000000000000      0x240 ./output/tasks.o
 .debug_aranges
                0x0000000000000240       0x40 ./output/list.o
 .debug_aranges
                0x0000000000000280      0x188 ./output/queue.o
 .debug_aranges
                0x0000000000000408       0xf0 ./output/timers.o
 .debug_aranges
                0x00000000000004f8       0x60 ./output/heap_4.o
 .debug_aranges
                0x0000000000000558       0x30 ./output/port.o
 .debug_aranges
                0x0000000000000588       0x68 ./output/main.o
 .debug_aranges
                0x00000000000005f0       0x30 ./output/riscv-virt.o
 .debug_aranges
                0x0000000000000620       0x20 ./output/ns16550.o
 .debug_aranges
                0x0000000000000640       0x50 ./output/interrupt_io_demo.o
 .debug_aranges
                0x0000000000000690       0x58 ./output/printf-stdarg.o
 .debug_aranges
                0x00000000000006e8       0x20 ./output/start.o
 .debug_aranges
                0x0000000000000708       0x20 ./output/vector.o
 .debug_aranges
                0x0000000000000728       0x40 ./output/portASM.o
 .debug_aranges
                0x0000000000000768       0x20 c:/sysgcc/risc-v/bin/../lib/gcc/riscv64-unknown-elf/10.1.0/rv32imac/ilp32\libgcc.a(_clzsi2.o)
 .debug_aranges
                0x0000000000000788       0x18 c:/sysgcc/risc-v/bin/../lib/gcc/riscv64-unknown-elf/10.1.0/rv32imac/ilp32\libgcc.a(_clz.o)

.debug_ranges   0x0000000000000000      0xe40
 .debug_ranges  0x0000000000000000      0x5d0 ./output/tasks.o
 .debug_ranges  0x00000000000005d0       0x30 ./output/list.o
 .debug_ranges  0x0000000000000600      0x340 ./output/queue.o
 .debug_ranges  0x0000000000000940      0x1b8 ./output/timers.o
 .debug_ranges  0x0000000000000af8       0x68 ./output/heap_4.o
 .debug_ranges  0x0000000000000b60       0x20 ./output/port.o
 .debug_ranges  0x0000000000000b80       0x58 ./output/main.o
 .debug_ranges  0x0000000000000bd8       0x20 ./output/riscv-virt.o
 .debug_ranges  0x0000000000000bf8       0x10 ./output/ns16550.o
 .debug_ranges  0x0000000000000c08      0x158 ./output/interrupt_io_demo.o
 .debug_ranges  0x0000000000000d60       0x88 ./output/printf-stdarg.o
 .debug_ranges  0x0000000000000de8       0x38 ./output/portASM.o
 .debug_ranges  0x0000000000000e20       0x20 c:/sysgcc/risc-v/bin/../lib/gcc/riscv64-unknown-elf/10.1.0/rv32imac/ilp32\libgcc.a(_clzsi2.o)

.debug_macro    0x0000000000000000     0x4874
 .debug_macro   0x0000000000000000      0x2d6 ./output/tasks.o
 .debug_macro   0x00000000000002d6      0x71e ./output/tasks.o
 .debug_macro   0x00000000000009f4       0x19 ./output/tasks.o
 .debug_macro   0x0000000000000a0d       0x22 ./output/tasks.o
 .debug_macro   0x0000000000000a2f       0x34 ./output/tasks.o
 .debug_macro   0x0000000000000a63       0x94 ./output/tasks.o
 .debug_macro   0x0000000000000af7       0x3b ./output/tasks.o
 .debug_macro   0x0000000000000b32       0x34 ./output/tasks.o
 .debug_macro   0x0000000000000b66       0x16 ./output/tasks.o
 .debug_macro   0x0000000000000b7c      0x10e ./output/tasks.o
 .debug_macro   0x0000000000000c8a       0x8d ./output/tasks.o
 .debug_macro   0x0000000000000d17       0x16 ./output/tasks.o
 .debug_macro   0x0000000000000d2d       0x43 ./output/tasks.o
 .debug_macro   0x0000000000000d70       0x57 ./output/tasks.o
 .debug_macro   0x0000000000000dc7       0x34 ./output/tasks.o
 .debug_macro   0x0000000000000dfb       0x10 ./output/tasks.o
 .debug_macro   0x0000000000000e0b       0x52 ./output/tasks.o
 .debug_macro   0x0000000000000e5d      0x197 ./output/tasks.o
 .debug_macro   0x0000000000000ff4      0x333 ./output/tasks.o
 .debug_macro   0x0000000000001327       0x16 ./output/tasks.o
 .debug_macro   0x000000000000133d       0x29 ./output/tasks.o
 .debug_macro   0x0000000000001366       0x16 ./output/tasks.o
 .debug_macro   0x000000000000137c       0x35 ./output/tasks.o
 .debug_macro   0x00000000000013b1      0x103 ./output/tasks.o
 .debug_macro   0x00000000000014b4       0x6a ./output/tasks.o
 .debug_macro   0x000000000000151e      0x1df ./output/tasks.o
 .debug_macro   0x00000000000016fd       0x16 ./output/tasks.o
 .debug_macro   0x0000000000001713       0x22 ./output/tasks.o
 .debug_macro   0x0000000000001735       0x2e ./output/tasks.o
 .debug_macro   0x0000000000001763      0x156 ./output/tasks.o
 .debug_macro   0x00000000000018b9       0x22 ./output/tasks.o
 .debug_macro   0x00000000000018db      0x182 ./output/tasks.o
 .debug_macro   0x0000000000001a5d       0xc7 ./output/tasks.o
 .debug_macro   0x0000000000001b24       0x3a ./output/tasks.o
 .debug_macro   0x0000000000001b5e       0x1f ./output/tasks.o
 .debug_macro   0x0000000000001b7d       0x12 ./output/tasks.o
 .debug_macro   0x0000000000001b8f     0x10c5 ./output/tasks.o
 .debug_macro   0x0000000000002c54       0xc3 ./output/tasks.o
 .debug_macro   0x0000000000002d17      0x14f ./output/tasks.o
 .debug_macro   0x0000000000002e66       0x98 ./output/tasks.o
 .debug_macro   0x0000000000002efe       0x16 ./output/tasks.o
 .debug_macro   0x0000000000002f14      0x1b1 ./output/list.o
 .debug_macro   0x00000000000030c5      0x249 ./output/queue.o
 .debug_macro   0x000000000000330e       0x8e ./output/queue.o
 .debug_macro   0x000000000000339c      0x200 ./output/timers.o
 .debug_macro   0x000000000000359c       0x9e ./output/timers.o
 .debug_macro   0x000000000000363a      0x247 ./output/heap_4.o
 .debug_macro   0x0000000000003881      0x1d3 ./output/port.o
 .debug_macro   0x0000000000003a54       0x8e ./output/port.o
 .debug_macro   0x0000000000003ae2       0x51 ./output/port.o
 .debug_macro   0x0000000000003b33       0x3a ./output/port.o
 .debug_macro   0x0000000000003b6d      0x2cf ./output/main.o
 .debug_macro   0x0000000000003e3c       0x52 ./output/main.o
 .debug_macro   0x0000000000003e8e       0x16 ./output/main.o
 .debug_macro   0x0000000000003ea4       0x10 ./output/main.o
 .debug_macro   0x0000000000003eb4       0x10 ./output/main.o
 .debug_macro   0x0000000000003ec4       0x1c ./output/main.o
 .debug_macro   0x0000000000003ee0       0x52 ./output/main.o
 .debug_macro   0x0000000000003f32       0x22 ./output/main.o
 .debug_macro   0x0000000000003f54       0x10 ./output/main.o
 .debug_macro   0x0000000000003f64       0x40 ./output/main.o
 .debug_macro   0x0000000000003fa4       0xd5 ./output/main.o
 .debug_macro   0x0000000000004079       0x1c ./output/main.o
 .debug_macro   0x0000000000004095       0x3d ./output/main.o
 .debug_macro   0x00000000000040d2       0x16 ./output/main.o
 .debug_macro   0x00000000000040e8      0x145 ./output/main.o
 .debug_macro   0x000000000000422d      0x1b3 ./output/riscv-virt.o
 .debug_macro   0x00000000000043e0       0xe5 ./output/ns16550.o
 .debug_macro   0x00000000000044c5      0x2b1 ./output/interrupt_io_demo.o
 .debug_macro   0x0000000000004776       0xa6 ./output/printf-stdarg.o
 .debug_macro   0x000000000000481c       0x58 ./output/printf-stdarg.o

.debug_line     0x0000000000000000    0x11c5e
 .debug_line    0x0000000000000000     0x6fab ./output/tasks.o
 .debug_line    0x0000000000006fab      0x736 ./output/list.o
 .debug_line    0x00000000000076e1     0x3fa2 ./output/queue.o
 .debug_line    0x000000000000b683     0x1c5a ./output/timers.o
 .debug_line    0x000000000000d2dd      0xfdb ./output/heap_4.o
 .debug_line    0x000000000000e2b8      0x56d ./output/port.o
 .debug_line    0x000000000000e825      0x8ad ./output/main.o
 .debug_line    0x000000000000f0d2      0x5c8 ./output/riscv-virt.o
 .debug_line    0x000000000000f69a      0x206 ./output/ns16550.o
 .debug_line    0x000000000000f8a0     0x11e0 ./output/interrupt_io_demo.o
 .debug_line    0x0000000000010a80      0xbaa ./output/printf-stdarg.o
 .debug_line    0x000000000001162a       0xda ./output/start.o
 .debug_line    0x0000000000011704       0xbe ./output/vector.o
 .debug_line    0x00000000000117c2      0x334 ./output/portASM.o
 .debug_line    0x0000000000011af6       0xfa c:/sysgcc/risc-v/bin/../lib/gcc/riscv64-unknown-elf/10.1.0/rv32imac/ilp32\libgcc.a(_clzsi2.o)
 .debug_line    0x0000000000011bf0       0x6e c:/sysgcc/risc-v/bin/../lib/gcc/riscv64-unknown-elf/10.1.0/rv32imac/ilp32\libgcc.a(_clz.o)

.debug_str      0x0000000000000000    0x182c3
 .debug_str     0x0000000000000000    0x1357a ./output/tasks.o
                                      0x1390c (size before relaxing)
 .debug_str     0x000000000001357a       0x50 ./output/list.o
                                       0xfc5b (size before relaxing)
 .debug_str     0x00000000000135ca     0x1544 ./output/queue.o
                                      0x1294e (size before relaxing)
 .debug_str     0x0000000000014b0e      0x6bf ./output/timers.o
                                      0x12cf5 (size before relaxing)
 .debug_str     0x00000000000151cd      0x756 ./output/heap_4.o
                                      0x117aa (size before relaxing)
 .debug_str     0x0000000000015923      0x19f ./output/port.o
                                      0x110ac (size before relaxing)
 .debug_str     0x0000000000015ac2     0x14d9 ./output/main.o
                                      0x12526 (size before relaxing)
 .debug_str     0x0000000000016f9b       0x86 ./output/riscv-virt.o
                                       0xef4d (size before relaxing)
 .debug_str     0x0000000000017021      0x146 ./output/ns16550.o
                                       0x3507 (size before relaxing)
 .debug_str     0x0000000000017167      0xd9b ./output/interrupt_io_demo.o
                                      0x13f0f (size before relaxing)
 .debug_str     0x0000000000017f02      0x1ac ./output/printf-stdarg.o
                                       0x36ee (size before relaxing)
 .debug_str     0x00000000000180ae       0x14 ./output/start.o
                                         0x57 (size before relaxing)
 .debug_str     0x00000000000180c2       0x34 ./output/vector.o
                                         0x83 (size before relaxing)
 .debug_str     0x00000000000180f6       0x31 ./output/portASM.o
                                         0x80 (size before relaxing)
 .debug_str     0x0000000000018127      0x19c c:/sysgcc/risc-v/bin/../lib/gcc/riscv64-unknown-elf/10.1.0/rv32imac/ilp32\libgcc.a(_clzsi2.o)
                                        0x24e (size before relaxing)
 .debug_str     0x00000000000182c3      0x231 c:/sysgcc/risc-v/bin/../lib/gcc/riscv64-unknown-elf/10.1.0/rv32imac/ilp32\libgcc.a(_clz.o)

.comment        0x0000000000000000       0x12
 .comment       0x0000000000000000       0x12 ./output/tasks.o
                                         0x13 (size before relaxing)
 .comment       0x0000000000000012       0x13 ./output/list.o
 .comment       0x0000000000000012       0x13 ./output/queue.o
 .comment       0x0000000000000012       0x13 ./output/timers.o
 .comment       0x0000000000000012       0x13 ./output/heap_4.o
 .comment       0x0000000000000012       0x13 ./output/port.o
 .comment       0x0000000000000012       0x13 ./output/main.o
 .comment       0x0000000000000012       0x13 ./output/riscv-virt.o
 .comment       0x0000000000000012       0x13 ./output/ns16550.o
 .comment       0x0000000000000012       0x13 ./output/interrupt_io_demo.o
 .comment       0x0000000000000012       0x13 ./output/printf-stdarg.o
 .comment       0x0000000000000012       0x13 c:/sysgcc/risc-v/bin/../lib/gcc/riscv64-unknown-elf/10.1.0/rv32imac/ilp32\libgcc.a(_clzsi2.o)
 .comment       0x0000000000000012       0x13 c:/sysgcc/risc-v/bin/../lib/gcc/riscv64-unknown-elf/10.1.0/rv32imac/ilp32\libgcc.a(_clz.o)
 .comment       0x0000000000000012       0x13 c:/sysgcc/risc-v/bin/../lib/gcc/riscv64-unknown-elf/10.1.0/../../../../riscv64-unknown-elf/lib/rv32imac/ilp32\libc.a(lib_a-memcpy.o)
 .comment       0x0000000000000012       0x13 c:/sysgcc/risc-v/bin/../lib/gcc/riscv64-unknown-elf/10.1.0/../../../../riscv64-unknown-elf/lib/rv32imac/ilp32\libc.a(lib_a-strcpy.o)

.riscv.attributes
                0x0000000000000000       0x2b
 .riscv.attributes
                0x0000000000000000       0x2b ./output/tasks.o
 .riscv.attributes
                0x000000000000002b       0x2b ./output/list.o
 .riscv.attributes
                0x0000000000000056       0x2b ./output/queue.o
 .riscv.attributes
                0x0000000000000081       0x2b ./output/timers.o
 .riscv.attributes
                0x00000000000000ac       0x2b ./output/heap_4.o
 .riscv.attributes
                0x00000000000000d7       0x2b ./output/port.o
 .riscv.attributes
                0x0000000000000102       0x2b ./output/main.o
 .riscv.attributes
                0x000000000000012d       0x2b ./output/riscv-virt.o
 .riscv.attributes
                0x0000000000000158       0x2b ./output/ns16550.o
 .riscv.attributes
                0x0000000000000183       0x2b ./output/interrupt_io_demo.o
 .riscv.attributes
                0x00000000000001ae       0x2b ./output/printf-stdarg.o
 .riscv.attributes
                0x00000000000001d9       0x29 ./output/start.o
 .riscv.attributes
                0x0000000000000202       0x29 ./output/vector.o
 .riscv.attributes
                0x000000000000022b       0x29 ./output/portASM.o
 .riscv.attributes
                0x0000000000000254       0x2b c:/sysgcc/risc-v/bin/../lib/gcc/riscv64-unknown-elf/10.1.0/rv32imac/ilp32\libgcc.a(_clzsi2.o)
 .riscv.attributes
                0x000000000000027f       0x2b c:/sysgcc/risc-v/bin/../lib/gcc/riscv64-unknown-elf/10.1.0/rv32imac/ilp32\libgcc.a(_clz.o)
 .riscv.attributes
                0x00000000000002aa       0x2b c:/sysgcc/risc-v/bin/../lib/gcc/riscv64-unknown-elf/10.1.0/../../../../riscv64-unknown-elf/lib/rv32imac/ilp32\libc.a(lib_a-memcpy.o)
 .riscv.attributes
                0x00000000000002d5       0x29 c:/sysgcc/risc-v/bin/../lib/gcc/riscv64-unknown-elf/10.1.0/../../../../riscv64-unknown-elf/lib/rv32imac/ilp32\libc.a(lib_a-memset.o)
 .riscv.attributes
                0x00000000000002fe       0x2b c:/sysgcc/risc-v/bin/../lib/gcc/riscv64-unknown-elf/10.1.0/../../../../riscv64-unknown-elf/lib/rv32imac/ilp32\libc.a(lib_a-strcpy.o)

.debug_frame    0x0000000000000000     0x1a58
 .debug_frame   0x0000000000000000      0xa48 ./output/tasks.o
 .debug_frame   0x0000000000000a48       0x60 ./output/list.o
 .debug_frame   0x0000000000000aa8      0x650 ./output/queue.o
 .debug_frame   0x00000000000010f8      0x3bc ./output/timers.o
 .debug_frame   0x00000000000014b4      0x134 ./output/heap_4.o
 .debug_frame   0x00000000000015e8       0x54 ./output/port.o
 .debug_frame   0x000000000000163c      0x104 ./output/main.o
 .debug_frame   0x0000000000001740       0x68 ./output/riscv-virt.o
 .debug_frame   0x00000000000017a8       0x20 ./output/ns16550.o
 .debug_frame   0x00000000000017c8      0x134 ./output/interrupt_io_demo.o
 .debug_frame   0x00000000000018fc      0x13c ./output/printf-stdarg.o
 .debug_frame   0x0000000000001a38       0x20 c:/sysgcc/risc-v/bin/../lib/gcc/riscv64-unknown-elf/10.1.0/rv32imac/ilp32\libgcc.a(_clzsi2.o)
