Archive member included to satisfy reference by file (symbol)

c:/sysgcc/risc-v/bin/../lib/gcc/riscv64-unknown-elf/10.1.0/rv32imac/ilp32\libgcc.a(_clzsi2.o)
                              ./output/tasks.o (__clzsi2)
c:/sysgcc/risc-v/bin/../lib/gcc/riscv64-unknown-elf/10.1.0/rv32imac/ilp32\libgcc.a(_clz.o)
                              c:/sysgcc/risc-v/bin/../lib/gcc/riscv64-unknown-elf/10.1.0/rv32imac/ilp32\libgcc.a(_clzsi2.o) (__clz_tab)
c:/sysgcc/risc-v/bin/../lib/gcc/riscv64-unknown-elf/10.1.0/../../../../riscv64-unknown-elf/lib/rv32imac/ilp32\libc.a(lib_a-memcpy.o)
                              ./output/queue.o (memcpy)
c:/sysgcc/risc-v/bin/../lib/gcc/riscv64-unknown-elf/10.1.0/../../../../riscv64-unknown-elf/lib/rv32imac/ilp32\libc.a(lib_a-memset.o)
                              ./output/tasks.o (memset)
c:/sysgcc/risc-v/bin/../lib/gcc/riscv64-unknown-elf/10.1.0/../../../../riscv64-unknown-elf/lib/rv32imac/ilp32\libc.a(lib_a-strlen.o)
                              ./output/tasks.o (strlen)

Discarded input sections

 .group         0x0000000000000000        0xc ./output/tasks.o
 .group         0x0000000000000000        0xc ./output/tasks.o
 .group         0x0000000000000000        0xc ./output/tasks.o
 .group         0x0000000000000000        0xc ./output/tasks.o
 .group         0x0000000000000000        0xc ./output/tasks.o
 .group         0x0000000000000000        0xc ./output/tasks.o
 .group         0x0000000000000000        0xc ./output/tasks.o
 .group         0x0000000000000000        0xc ./output/tasks.o
 .group         0x0000000000000000        0xc ./output/tasks.o
 .group         0x0000000000000000        0xc ./output/tasks.o
 .group         0x0000000000000000        0xc ./output/tasks.o
 .group         0x0000000000000000        0xc ./output/tasks.o
 .group         0x0000000000000000        0xc ./output/tasks.o
 .group         0x0000000000000000        0xc ./output/tasks.o
 .group         0x0000000000000000        0xc ./output/tasks.o
 .group         0x0000000000000000        0xc ./output/tasks.o
 .group         0x0000000000000000        0xc ./output/tasks.o
 .group         0x0000000000000000        0xc ./output/tasks.o
 .group         0x0000000000000000        0xc ./output/tasks.o
 .group         0x0000000000000000        0xc ./output/tasks.o
 .group         0x0000000000000000        0xc ./output/tasks.o
 .group         0x0000000000000000        0xc ./output/tasks.o
 .group         0x0000000000000000        0xc ./output/tasks.o
 .group         0x0000000000000000        0xc ./output/tasks.o
 .group         0x0000000000000000        0xc ./output/tasks.o
 .group         0x0000000000000000        0xc ./output/tasks.o
 .group         0x0000000000000000        0xc ./output/tasks.o
 .group         0x0000000000000000        0xc ./output/tasks.o
 .group         0x0000000000000000        0xc ./output/tasks.o
 .group         0x0000000000000000        0xc ./output/tasks.o
 .group         0x0000000000000000        0xc ./output/tasks.o
 .group         0x0000000000000000        0xc ./output/tasks.o
 .group         0x0000000000000000        0xc ./output/tasks.o
 .group         0x0000000000000000        0xc ./output/tasks.o
 .group         0x0000000000000000        0xc ./output/tasks.o
 .group         0x0000000000000000        0xc ./output/tasks.o
 .group         0x0000000000000000        0xc ./output/tasks.o
 .group         0x0000000000000000        0xc ./output/tasks.o
 .group         0x0000000000000000        0xc ./output/tasks.o
 .group         0x0000000000000000        0xc ./output/tasks.o
 .text          0x0000000000000000        0x0 ./output/tasks.o
 .data          0x0000000000000000        0x0 ./output/tasks.o
 .bss           0x0000000000000000        0x0 ./output/tasks.o
 .text.prvSearchForNameWithinSingleList
                0x0000000000000000       0x3a ./output/tasks.o
 .text.prvTaskIsTaskSuspended
                0x0000000000000000       0x70 ./output/tasks.o
 .text.eTaskGetState
                0x0000000000000000       0xc2 ./output/tasks.o
 .text.uxTaskPriorityGet
                0x0000000000000000       0x4e ./output/tasks.o
 .text.uxTaskPriorityGetFromISR
                0x0000000000000000       0x30 ./output/tasks.o
 .text.uxTaskBasePriorityGet
                0x0000000000000000       0x4e ./output/tasks.o
 .text.uxTaskBasePriorityGetFromISR
                0x0000000000000000       0x30 ./output/tasks.o
 .text.vTaskPrioritySet
                0x0000000000000000      0x158 ./output/tasks.o
 .text.vTaskResume
                0x0000000000000000       0xd0 ./output/tasks.o
 .text.xTaskResumeFromISR
                0x0000000000000000       0xce ./output/tasks.o
 .text.vTaskEndScheduler
                0x0000000000000000       0x44 ./output/tasks.o
 .text.xTaskGetTickCountFromISR
                0x0000000000000000        0xa ./output/tasks.o
 .text.pcTaskGetName
                0x0000000000000000       0x36 ./output/tasks.o
 .text.xTaskGetStaticBuffers
[...]
Memory Configuration

Name             Origin             Length             Attributes
rom              0x0000000080000000 0x0000000000080000 axr
ram              0x0000000080080000 0x0000000000100000 axw
*default*        0x0000000000000000 0xffffffffffffffff

Linker script and memory map

LOAD ./output/tasks.o
LOAD ./output/list.o
LOAD ./output/queue.o
LOAD ./output/timers.o
LOAD ./output/event_groups.o
LOAD ./output/stream_buffer.o
LOAD ./output/heap_4.o
LOAD ./output/port.o
LOAD ./output/main.o
LOAD ./output/test_manager.o
LOAD ./output/riscv-virt.o
LOAD ./output/ns16550.o
LOAD ./output/test_context_switch.o
LOAD ./output/test_memory_allocation.o
LOAD ./output/semaphore_mutex_test.o
LOAD ./output/test_ipc_performance.o
LOAD ./output/test_interrupt_latency.o
LOAD ./output/test_suite.o
LOAD ./output/queue_test.o
LOAD ./output/printf-stdarg.o
LOAD ./output/syscalls.o
LOAD ./output/start.o
LOAD ./output/vector.o
LOAD ./output/RegTest.o
LOAD ./output/portASM.o
                0x0000000000000160                __stack_size = 0x160
START GROUP
END GROUP
LOAD c:/sysgcc/risc-v/bin/../lib/gcc/riscv64-unknown-elf/10.1.0/rv32imac/ilp32\libgcc.a
START GROUP
LOAD c:/sysgcc/risc-v/bin/../lib/gcc/riscv64-unknown-elf/10.1.0/../../../../riscv64-unknown-elf/lib/rv32imac/ilp32\libc.a
LOAD c:/sysgcc/risc-v/bin/../lib/gcc/riscv64-unknown-elf/10.1.0/../../../../riscv64-unknown-elf/lib/rv32imac/ilp32\libgloss.a
END GROUP
LOAD c:/sysgcc/risc-v/bin/../lib/gcc/riscv64-unknown-elf/10.1.0/rv32imac/ilp32\libgcc.a
                0x0000000000000160                __stack_size = DEFINED (__stack_size)?__stack_size:0x2000

.init           0x0000000080000000       0x76
                0x0000000080000000                _text = .
 *(SORT_NONE(.init))
 .init          0x0000000080000000       0x76 ./output/start.o
                0x0000000080000000                _start

.text           0x0000000080000080     0x2a74
 *(.text.unlikely .text.unlikely.*)
 *(.text.startup .text.startup.*)
 .text.startup.main
                0x0000000080000080       0x14 ./output/main.o
                0x0000000080000080                main
 *(.text .text.*)
 .text.prvAddNewTaskToReadyList
                0x0000000080000094      0x13e ./output/tasks.o
 .text.prvAddCurrentTaskToDelayedList
                0x00000000800001d2       0xe2 ./output/tasks.o
 .text.prvResetNextTaskUnblockTime
                0x00000000800002b4       0x24 ./output/tasks.o
 .text.prvDeleteTCB
                0x00000000800002d8       0x40 ./output/tasks.o
 .text.prvCheckTasksWaitingTermination
                0x0000000080000318       0x7a ./output/tasks.o
 .text.prvIdleTask
                0x0000000080000392        0x8 ./output/tasks.o
 .text.prvInitialiseNewTask.constprop.0
                0x000000008000039a       0xc6 ./output/tasks.o
 .text.xTaskCreateStatic
                0x0000000080000460       0xa6 ./output/tasks.o
                0x0000000080000460                xTaskCreateStatic
 .text.xTaskCreate
                0x0000000080000506       0x7a ./output/tasks.o
                0x0000000080000506                xTaskCreate
 .text.vTaskDelete
                0x0000000080000580      0x12a ./output/tasks.o
                0x0000000080000580                vTaskDelete
 .text.vTaskStartScheduler
                0x00000000800006aa       0xaa ./output/tasks.o
                0x00000000800006aa                vTaskStartScheduler
 .text.vTaskSuspendAll
                0x0000000080000754       0x10 ./output/tasks.o
                0x0000000080000754                vTaskSuspendAll
 .text.xTaskGetTickCount
                0x0000000080000764        0xa ./output/tasks.o
                0x0000000080000764                xTaskGetTickCount
 .text.uxTaskGetNumberOfTasks
                0x000000008000076e        0xa ./output/tasks.o
                0x000000008000076e                uxTaskGetNumberOfTasks
 .text.xTaskIncrementTick
                0x0000000080000778      0x1bc ./output/tasks.o
                0x0000000080000778                xTaskIncrementTick
 .text.xTaskResumeAll
                0x0000000080000934      0x176 ./output/tasks.o
                0x0000000080000934                xTaskResumeAll
 .text.vTaskDelay
                0x0000000080000aaa       0x4a ./output/tasks.o
                0x0000000080000aaa                vTaskDelay
 .text.vTaskSwitchContext
                0x0000000080000af4       0xde ./output/tasks.o
                0x0000000080000af4                vTaskSwitchContext
 .text.vTaskPlaceOnEventList
                0x0000000080000bd2       0x3e ./output/tasks.o
                0x0000000080000bd2                vTaskPlaceOnEventList
 .text.vTaskPlaceOnEventListRestricted
                0x0000000080000c10       0x68 ./output/tasks.o
                0x0000000080000c10                vTaskPlaceOnEventListRestricted
 .text.xTaskRemoveFromEventList
                0x0000000080000c78       0xd8 ./output/tasks.o
                0x0000000080000c78                xTaskRemoveFromEventList
 .text.vTaskInternalSetTimeOutState
                0x0000000080000d50       0x16 ./output/tasks.o
                0x0000000080000d50                vTaskInternalSetTimeOutState
 .text.xTaskCheckForTimeOut
                0x0000000080000d66       0xc2 ./output/tasks.o
                0x0000000080000d66                xTaskCheckForTimeOut
 .text.vTaskMissedYield
                0x0000000080000e28        0xc ./output/tasks.o
                0x0000000080000e28                vTaskMissedYield
 .text.xTaskGetSchedulerState
                0x0000000080000e34       0x1c ./output/tasks.o
                0x0000000080000e34                xTaskGetSchedulerState
 .text.xTaskPriorityDisinherit
                0x0000000080000e50       0xc0 ./output/tasks.o
                0x0000000080000e50                xTaskPriorityDisinherit
 .text.vListInitialise
                0x0000000080000f10       0x14 ./output/list.o
                0x0000000080000f10                vListInitialise
 .text.vListInitialiseItem
                0x0000000080000f24        0x6 ./output/list.o
                0x0000000080000f24                vListInitialiseItem
 .text.vListInsertEnd
                0x0000000080000f2a       0x18 ./output/list.o
                0x0000000080000f2a                vListInsertEnd
 .text.vListInsert
                0x0000000080000f42       0x2e ./output/list.o
                0x0000000080000f42                vListInsert
 .text.uxListRemove
                0x0000000080000f70       0x1e ./output/list.o
                0x0000000080000f70                uxListRemove
 .text.prvIsQueueEmpty
                0x0000000080000f8e       0x16 ./output/queue.o
 .text.prvCopyDataToQueue
                0x0000000080000fa4       0x88 ./output/queue.o
 .text.prvCopyDataFromQueue
                0x000000008000102c       0x20 ./output/queue.o
 .text.prvNotifyQueueSetContainer
                0x000000008000104c       0xb0 ./output/queue.o
 .text.prvUnlockQueue
                0x00000000800010fc       0xbe ./output/queue.o
 .text.xQueueGenericReset
                0x00000000800011ba       0xb0 ./output/queue.o
                0x00000000800011ba                xQueueGenericReset
 .text.xQueueGenericCreateStatic
                0x000000008000126a       0x9a ./output/queue.o
                0x000000008000126a                xQueueGenericCreateStatic
 .text.xQueueGenericCreate
                0x0000000080001304       0x78 ./output/queue.o
                0x0000000080001304                xQueueGenericCreate
 .text.xQueueGenericSend
                0x000000008000137c      0x1a6 ./output/queue.o
                0x000000008000137c                xQueueGenericSend
 .text.xQueueReceive
                0x0000000080001522      0x16a ./output/queue.o
                0x0000000080001522                xQueueReceive
 .text.vQueueAddToRegistry
                0x000000008000168c       0x5e ./output/queue.o
                0x000000008000168c                vQueueAddToRegistry
 .text.vQueueWaitForMessageRestricted
                0x00000000800016ea       0x52 ./output/queue.o
                0x00000000800016ea                vQueueWaitForMessageRestricted
 .text.prvCheckForValidListAndQueue
                0x000000008000173c       0x8e ./output/timers.o
 .text.prvInsertTimerInActiveList
                0x00000000800017ca       0x48 ./output/timers.o
 .text.prvReloadTimer
                0x0000000080001812       0x36 ./output/timers.o
 .text.prvProcessExpiredTimer
                0x0000000080001848       0x48 ./output/timers.o
 .text.prvSampleTimeNow
                0x0000000080001890       0x68 ./output/timers.o
 .text.prvTimerTask
                0x00000000800018f8      0x162 ./output/timers.o
 .text.xTimerCreateTimerTask
                0x0000000080001a5a       0x5e ./output/timers.o
                0x0000000080001a5a                xTimerCreateTimerTask
 .text.pvPortMalloc
                0x0000000080001ab8      0x206 ./output/heap_4.o
                0x0000000080001ab8                pvPortMalloc
 .text.vPortFree
                0x0000000080001cbe      0x132 ./output/heap_4.o
                0x0000000080001cbe                vPortFree
 .text.xPortGetFreeHeapSize
                0x0000000080001df0        0xa ./output/heap_4.o
                0x0000000080001df0                xPortGetFreeHeapSize
 .text.vPortSetupTimerInterrupt
                0x0000000080001dfa       0x5c ./output/port.o
                0x0000000080001dfa                vPortSetupTimerInterrupt
 .text.xPortStartScheduler
                0x0000000080001e56       0x30 ./output/port.o
                0x0000000080001e56                xPortStartScheduler
 .text.vApplicationMallocFailedHook
                0x0000000080001e86       0x14 ./output/main.o
                0x0000000080001e86                vApplicationMallocFailedHook
 .text.vApplicationStackOverflowHook
                0x0000000080001e9a       0x14 ./output/main.o
                0x0000000080001e9a                vApplicationStackOverflowHook
 .text.vApplicationTickHook
                0x0000000080001eae        0x2 ./output/main.o
                0x0000000080001eae                vApplicationTickHook
 .text.vAssertCalled
                0x0000000080001eb0       0x40 ./output/main.o
                0x0000000080001eb0                vAssertCalled
 .text.vApplicationGetIdleTaskMemory
                0x0000000080001ef0       0x1c ./output/main.o
                0x0000000080001ef0                vApplicationGetIdleTaskMemory
 .text.vApplicationGetTimerTaskMemory
                0x0000000080001f0c       0x1c ./output/main.o
                0x0000000080001f0c                vApplicationGetTimerTaskMemory
 .text.run_selected_test
                0x0000000080001f28       0xb0 ./output/test_manager.o
                0x0000000080001f28                run_selected_test
 .text.vOutNS16550
                0x0000000080001fd8       0x14 ./output/ns16550.o
                0x0000000080001fd8                vOutNS16550
 .text.simple_interrupt_test_task
                0x0000000080001fec      0x172 ./output/test_interrupt_latency.o
 .text.start_interrupt_latency_test
                0x000000008000215e       0x50 ./output/test_interrupt_latency.o
                0x000000008000215e                start_interrupt_latency_test
 .text.printchar
                0x00000000800021ae       0x22 ./output/printf-stdarg.o
 .text.prints   0x00000000800021d0       0xb6 ./output/printf-stdarg.o
 .text.printi   0x0000000080002286       0xb6 ./output/printf-stdarg.o
 .text.tiny_print
                0x000000008000233c      0x184 ./output/printf-stdarg.o
 .text.printf   0x00000000800024c0       0x24 ./output/printf-stdarg.o
                0x00000000800024c0                printf
 *fill*         0x00000000800024e4       0x1c 
 .text          0x0000000080002500       0x80 ./output/vector.o
                0x0000000080002500                freertos_vector_table
 .text          0x0000000080002580       0xbc ./output/portASM.o
                0x0000000080002580                pxPortInitialiseStack
                0x00000000800025c6                xPortStartFirstTask
                0x0000000080002620                freertos_risc_v_application_exception_handler
                0x000000008000262e                freertos_risc_v_application_interrupt_handler
 .text.freertos_risc_v_exception_handler
                0x000000008000263c      0x134 ./output/portASM.o
                0x000000008000263c                freertos_risc_v_exception_handler
 .text.freertos_risc_v_interrupt_handler
                0x0000000080002770       0xc6 ./output/portASM.o
                0x0000000080002770                freertos_risc_v_interrupt_handler
 .text.freertos_risc_v_mtimer_interrupt_handler
                0x0000000080002836       0xfc ./output/portASM.o
                0x0000000080002836                freertos_risc_v_mtimer_interrupt_handler
 .text          0x0000000080002932       0x3c c:/sysgcc/risc-v/bin/../lib/gcc/riscv64-unknown-elf/10.1.0/rv32imac/ilp32\libgcc.a(_clzsi2.o)
                0x0000000080002932                __clzsi2
 .text          0x000000008000296e       0xde c:/sysgcc/risc-v/bin/../lib/gcc/riscv64-unknown-elf/10.1.0/../../../../riscv64-unknown-elf/lib/rv32imac/ilp32\libc.a(lib_a-memcpy.o)
                0x000000008000296e                memcpy
 .text          0x0000000080002a4c       0xa8 c:/sysgcc/risc-v/bin/../lib/gcc/riscv64-unknown-elf/10.1.0/../../../../riscv64-unknown-elf/lib/rv32imac/ilp32\libc.a(lib_a-memset.o)
                0x0000000080002a4c                memset
 *(.gnu.linkonce.t.*)

.fini           0x0000000080002af4        0x0
 *(SORT_NONE(.fini))
                0x0000000080002af4                _etext = .

.rodata.align   0x0000000080002af4        0x0
                0x0000000080002af4                _rodata = .

.rodata.start   0x0000000080002af4        0x0
                0x0000000080002af4                _rodata_lma = LOADADDR (.rodata.start)

.rodata         0x0000000080002af4      0x508
 *(.rdata)
 *(.rodata .rodata.*)
 .rodata.prvTaskIsTaskSuspended.str1.4
                0x0000000080002af4       0x1b ./output/tasks.o
 *fill*         0x0000000080002b0f        0x1 
 .rodata.vTaskStartScheduler.str1.4
                0x0000000080002b10        0x5 ./output/tasks.o
 *fill*         0x0000000080002b15        0x3 
 .rodata.prvNotifyQueueSetContainer.str1.4
                0x0000000080002b18       0x1b ./output/queue.o
 *fill*         0x0000000080002b33        0x1 
 .rodata.prvCheckForValidListAndQueue.str1.4
                0x0000000080002b34        0x5 ./output/timers.o
 *fill*         0x0000000080002b39        0x3 
 .rodata.prvTimerTask.str1.4
                0x0000000080002b3c       0x1c ./output/timers.o
 .rodata.prvTimerTask
                0x0000000080002b58       0x24 ./output/timers.o
 .rodata.xTimerCreateTimerTask.str1.4
                0x0000000080002b7c        0x8 ./output/timers.o
 .rodata.pvPortMalloc.str1.4
                0x0000000080002b84       0x2d ./output/heap_4.o
 *fill*         0x0000000080002bb1        0x3 
 .rodata.vApplicationMallocFailedHook.str1.4
                0x0000000080002bb4       0x14 ./output/main.o
 .rodata.vApplicationStackOverflowHook.str1.4
                0x0000000080002bc8       0x1b ./output/main.o
 *fill*         0x0000000080002be3        0x1 
 .rodata.vAssertCalled.str1.4
                0x0000000080002be4       0x1b ./output/main.o
 *fill*         0x0000000080002bff        0x1 
 .rodata.run_selected_test.str1.4
                0x0000000080002c00      0x139 ./output/test_manager.o
                                        0x13d (size before relaxing)
 *fill*         0x0000000080002d39        0x3 
 .rodata.simple_interrupt_test_task.str1.4
                0x0000000080002d3c      0x14d ./output/test_interrupt_latency.o
                                        0x169 (size before relaxing)
 *fill*         0x0000000080002e89        0x3 
 .rodata.start_interrupt_latency_test.str1.4
                0x0000000080002e8c       0x66 ./output/test_interrupt_latency.o
 *fill*         0x0000000080002ef2        0x2 
 .rodata.tiny_print.str1.4
                0x0000000080002ef4        0x7 ./output/printf-stdarg.o
 *fill*         0x0000000080002efb        0x1 
 .rodata        0x0000000080002efc      0x100 c:/sysgcc/risc-v/bin/../lib/gcc/riscv64-unknown-elf/10.1.0/rv32imac/ilp32\libgcc.a(_clz.o)
                0x0000000080002efc                __clz_tab
 *(.gnu.linkonce.r.*)
                0x0000000080002ffc                . = ALIGN (0x4)
                0x0000000080002ffc                _erodata = .

.rela.dyn       0x0000000080002ffc        0x0
 .rela.text.xPortStartScheduler
                0x0000000080002ffc        0x0 ./output/tasks.o
 .rela.init     0x0000000080002ffc        0x0 ./output/tasks.o
 .rela.text.freertos_risc_v_exception_handler
                0x0000000080002ffc        0x0 ./output/tasks.o
 .rela.text.freertos_risc_v_interrupt_handler
                0x0000000080002ffc        0x0 ./output/tasks.o

.tdata          0x0000000080002ffc        0x0
 *(.tdata .tdata.*)

.tbss           0x0000000080002ffc        0x0
 *(.tbss .tbss.* .gnu.linkonce.tb.*)
 *(.tcommon)
                [!provide]                        PROVIDE (__tbss_end = .)
                [!provide]                        PROVIDE (__tls_end = .)
                [!provide]                        PROVIDE (__tdata_source = LOADADDR (.tdata))
                [!provide]                        PROVIDE (__tdata_source_end = (LOADADDR (.tdata) + SIZEOF (.tdata)))
                [!provide]                        PROVIDE (__tdata_size = SIZEOF (.tdata))
                [!provide]                        PROVIDE (__tbss_offset = (ADDR (.tbss) - ADDR (.tdata)))
                [!provide]                        PROVIDE (__tbss_start = ADDR (.tbss))
                [!provide]                        PROVIDE (__tbss_size = SIZEOF (.tbss))
                [!provide]                        PROVIDE (__tls_size = (__tls_end - ADDR (.tdata)))
                [!provide]                        PROVIDE (__tls_align = MAX (ALIGNOF (.tdata), ALIGNOF (.tbss)))

.data.align     0x0000000080080000        0x0 load address 0x0000000080002ffc
                0x0000000080080000                . = ALIGN (0x4)
                0x0000000080080000                _data = .

.data.start     0x0000000080080000        0x0 load address 0x0000000080002ffc
                0x0000000080002ffc                _data_lma = LOADADDR (.data.start)

.data           0x0000000080080000       0x20 load address 0x0000000080002ffc
 *(.data .data.*)
 *(.gnu.linkonce.d.*)
                0x0000000080080000                . = ALIGN (0x8)
                0x0000000080080800                PROVIDE (__global_pointer$ = (. + 0x800))
 *(.sdata .sdata.*)
 .sdata.uxTopUsedPriority
                0x0000000080080000        0x4 ./output/tasks.o
 .sdata.pullNextTime
                0x0000000080080004        0x4 ./output/port.o
                0x0000000080080004                pullNextTime
 .sdata.pxCriticalNesting
                0x0000000080080008        0x4 ./output/port.o
                0x0000000080080008                pxCriticalNesting
 .sdata.xCriticalNesting
                0x000000008008000c        0x4 ./output/port.o
                0x000000008008000c                xCriticalNesting
 .sdata.dev     0x0000000080080010        0x4 ./output/printf-stdarg.o
 *(.sdata2 .sdata2.*)
 *(.gnu.linkonce.s.*)
                0x0000000080080018                . = ALIGN (0x8)
 *fill*         0x0000000080080014        0x4 
 *(.srodata.cst16)
 *(.srodata.cst8)
 *(.srodata.cst4)
 *(.srodata.cst2)
 *(.srodata .srodata.*)
 .srodata.uxTimerIncrementsForOneTick
                0x0000000080080018        0x4 ./output/port.o
                0x0000000080080018                uxTimerIncrementsForOneTick
 .srodata.xISRStackTop
                0x000000008008001c        0x4 ./output/port.o
                0x000000008008001c                xISRStackTop
                0x0000000080080020                . = ALIGN (0x4)
                0x0000000080080020                _edata = .

.bss.align      0x0000000080080020        0x0 load address 0x000000008000301c
                0x0000000080080020                . = ALIGN (0x4)
                0x0000000080080020                _bss = .

.bss.start      0x0000000080080020        0x0 load address 0x000000008000301c
                0x000000008000301c                _bss_lma = LOADADDR (.bss.start)

.bss            0x0000000080080020    0x14f90 load address 0x000000008000301c
 *(.sbss*)
 .sbss.pxCurrentTCB
                0x0000000080080020        0x4 ./output/tasks.o
                0x0000000080080020                pxCurrentTCB
 .sbss.pxDelayedTaskList
                0x0000000080080024        0x4 ./output/tasks.o
 .sbss.pxOverflowDelayedTaskList
                0x0000000080080028        0x4 ./output/tasks.o
 .sbss.uxCurrentNumberOfTasks
                0x000000008008002c        0x4 ./output/tasks.o
 .sbss.uxDeletedTasksWaitingCleanUp
                0x0000000080080030        0x4 ./output/tasks.o
 .sbss.uxSchedulerSuspended
                0x0000000080080034        0x4 ./output/tasks.o
 .sbss.uxTaskNumber
                0x0000000080080038        0x4 ./output/tasks.o
 .sbss.uxTopReadyPriority
                0x000000008008003c        0x4 ./output/tasks.o
 .sbss.xIdleTaskHandles
                0x0000000080080040        0x4 ./output/tasks.o
 .sbss.xNextTaskUnblockTime
                0x0000000080080044        0x4 ./output/tasks.o
 .sbss.xNumOfOverflows
                0x0000000080080048        0x4 ./output/tasks.o
 .sbss.xPendedTicks
                0x000000008008004c        0x4 ./output/tasks.o
 .sbss.xSchedulerRunning
                0x0000000080080050        0x4 ./output/tasks.o
 .sbss.xTickCount
                0x0000000080080054        0x4 ./output/tasks.o
 .sbss.xYieldPendings
                0x0000000080080058        0x4 ./output/tasks.o
 .sbss.pxCurrentTimerList
                0x000000008008005c        0x4 ./output/timers.o
 .sbss.pxOverflowTimerList
                0x0000000080080060        0x4 ./output/timers.o
 .sbss.xLastTime.2
                0x0000000080080064        0x4 ./output/timers.o
 .sbss.xTimerQueue
                0x0000000080080068        0x4 ./output/timers.o
 .sbss.xTimerTaskHandle
                0x000000008008006c        0x4 ./output/timers.o
 .sbss.pxEnd    0x0000000080080070        0x4 ./output/heap_4.o
 .sbss.xFreeBytesRemaining
                0x0000000080080074        0x4 ./output/heap_4.o
 .sbss.xMinimumEverFreeBytesRemaining
                0x0000000080080078        0x4 ./output/heap_4.o
 .sbss.xNumberOfSuccessfulAllocations
                0x000000008008007c        0x4 ./output/heap_4.o
 .sbss.xNumberOfSuccessfulFrees
                0x0000000080080080        0x4 ./output/heap_4.o
 .sbss.xStart   0x0000000080080084        0x8 ./output/heap_4.o
 .sbss.pullMachineTimerCompareRegister
                0x000000008008008c        0x4 ./output/port.o
                0x000000008008008c                pullMachineTimerCompareRegister
 .sbss.ullNextTime
                0x0000000080080090        0x8 ./output/port.o
                0x0000000080080090                ullNextTime
 .sbss.xTaskReturnAddress
                0x0000000080080098        0x4 ./output/port.o
                0x0000000080080098                xTaskReturnAddress
 .sbss.test_iteration
                0x000000008008009c        0x4 ./output/test_interrupt_latency.o
 .sbss.test_queue
                0x00000000800800a0        0x4 ./output/test_interrupt_latency.o
 *(.gnu.linkonce.sb.*)
 *(.bss .bss.*)
 .bss.pxReadyTasksLists
                0x00000000800800a4       0xb4 ./output/tasks.o
 .bss.xDelayedTaskList1
                0x0000000080080158       0x14 ./output/tasks.o
 .bss.xDelayedTaskList2
                0x000000008008016c       0x14 ./output/tasks.o
 .bss.xPendingReadyList
                0x0000000080080180       0x14 ./output/tasks.o
 .bss.xSuspendedTaskList
                0x0000000080080194       0x14 ./output/tasks.o
 .bss.xTasksWaitingTermination
                0x00000000800801a8       0x14 ./output/tasks.o
 .bss.xQueueRegistry
                0x00000000800801bc       0x50 ./output/queue.o
                0x00000000800801bc                xQueueRegistry
 .bss.ucStaticTimerQueueStorage.1
                0x000000008008020c      0x140 ./output/timers.o
 .bss.xActiveTimerList1
                0x000000008008034c       0x14 ./output/timers.o
 .bss.xActiveTimerList2
                0x0000000080080360       0x14 ./output/timers.o
 .bss.xStaticTimerQueue.0
                0x0000000080080374       0x54 ./output/timers.o
 .bss.ucHeap    0x00000000800803c8    0x14000 ./output/heap_4.o
 *fill*         0x00000000800943c8        0x8 
 .bss.xISRStack
                0x00000000800943d0      0x4b0 ./output/port.o
 .bss.uxIdleTaskStack.2
                0x0000000080094880      0x1e0 ./output/main.o
 .bss.uxTimerTaskStack.0
                0x0000000080094a60      0x3c0 ./output/main.o
 .bss.xIdleTaskTCB.3
                0x0000000080094e20       0x64 ./output/main.o
 .bss.xTimerTaskTCB.1
                0x0000000080094e84       0x64 ./output/main.o
 .bss.interrupt_latency_cycles
                0x0000000080094ee8       0xc8 ./output/test_interrupt_latency.o
 *(.gnu.linkonce.b.*)
 *(COMMON)
                0x0000000080094fb0                . = ALIGN (0x4)
                0x0000000080094fb0                _ebss = .
                0x0000000080094fb0                . = ALIGN (0x8)
                0x0000000080094fb0                _end = .

.stack          0x0000000080094fb0      0x160
                0x0000000080094fb0                . = ALIGN (0x10)
                0x0000000080095110                . = (. + __stack_size)
 *fill*         0x0000000080094fb0      0x160 
                0x0000000080095110                _stack_top = .
OUTPUT(output/RTOSDemo.elf elf32-littleriscv)

.debug_info     0x0000000000000000     0xa33e
 .debug_info    0x0000000000000000     0x3a91 ./output/tasks.o
 .debug_info    0x0000000000003a91      0x2c7 ./output/list.o
 .debug_info    0x0000000000003d58     0x294d ./output/queue.o
 .debug_info    0x00000000000066a5     0x1a61 ./output/timers.o
 .debug_info    0x0000000000008106      0x6f0 ./output/heap_4.o
 .debug_info    0x00000000000087f6      0x2f4 ./output/port.o
 .debug_info    0x0000000000008aea      0x573 ./output/main.o
 .debug_info    0x000000000000905d      0x2c0 ./output/test_manager.o
 .debug_info    0x000000000000931d      0x17b ./output/ns16550.o
 .debug_info    0x0000000000009498      0x56c ./output/test_interrupt_latency.o
 .debug_info    0x0000000000009a04      0x6b1 ./output/printf-stdarg.o
 .debug_info    0x000000000000a0b5       0x26 ./output/start.o
 .debug_info    0x000000000000a0db       0x26 ./output/vector.o
 .debug_info    0x000000000000a101       0x22 ./output/portASM.o
 .debug_info    0x000000000000a123      0x144 c:/sysgcc/risc-v/bin/../lib/gcc/riscv64-unknown-elf/10.1.0/rv32imac/ilp32\libgcc.a(_clzsi2.o)
 .debug_info    0x000000000000a267       0xd7 c:/sysgcc/risc-v/bin/../lib/gcc/riscv64-unknown-elf/10.1.0/rv32imac/ilp32\libgcc.a(_clz.o)

.debug_abbrev   0x0000000000000000     0x1a55
 .debug_abbrev  0x0000000000000000      0x451 ./output/tasks.o
 .debug_abbrev  0x0000000000000451      0x10d ./output/list.o
 .debug_abbrev  0x000000000000055e      0x383 ./output/queue.o
 .debug_abbrev  0x00000000000008e1      0x3e4 ./output/timers.o
 .debug_abbrev  0x0000000000000cc5      0x2a3 ./output/heap_4.o
 .debug_abbrev  0x0000000000000f68      0x17f ./output/port.o
 .debug_abbrev  0x00000000000010e7      0x1e1 ./output/main.o
 .debug_abbrev  0x00000000000012c8      0x130 ./output/test_manager.o
 .debug_abbrev  0x00000000000013f8      0x11d ./output/ns16550.o
 .debug_abbrev  0x0000000000001515      0x19b ./output/test_interrupt_latency.o
 .debug_abbrev  0x00000000000016b0      0x231 ./output/printf-stdarg.o
 .debug_abbrev  0x00000000000018e1       0x14 ./output/start.o
 .debug_abbrev  0x00000000000018f5       0x14 ./output/vector.o
 .debug_abbrev  0x0000000000001909       0x12 ./output/portASM.o
 .debug_abbrev  0x000000000000191b       0xca c:/sysgcc/risc-v/bin/../lib/gcc/riscv64-unknown-elf/10.1.0/rv32imac/ilp32\libgcc.a(_clzsi2.o)
 .debug_abbrev  0x00000000000019e5       0x70 c:/sysgcc/risc-v/bin/../lib/gcc/riscv64-unknown-elf/10.1.0/rv32imac/ilp32\libgcc.a(_clz.o)

.debug_loc      0x0000000000000000     0x6d7a
 .debug_loc     0x0000000000000000     0x2bdd ./output/tasks.o
 .debug_loc     0x0000000000002bdd       0x75 ./output/list.o
 .debug_loc     0x0000000000002c52     0x1e00 ./output/queue.o
 .debug_loc     0x0000000000004a52     0x10ac ./output/timers.o
 .debug_loc     0x0000000000005afe      0x4bd ./output/heap_4.o
 .debug_loc     0x0000000000005fbb       0x35 ./output/port.o
 .debug_loc     0x0000000000005ff0      0x13d ./output/main.o
 .debug_loc     0x000000000000612d       0x26 ./output/ns16550.o
 .debug_loc     0x0000000000006153       0xf8 ./output/test_interrupt_latency.o
 .debug_loc     0x000000000000624b      0xac4 ./output/printf-stdarg.o
 .debug_loc     0x0000000000006d0f       0x6b c:/sysgcc/risc-v/bin/../lib/gcc/riscv64-unknown-elf/10.1.0/rv32imac/ilp32\libgcc.a(_clzsi2.o)

.debug_aranges  0x0000000000000000      0x760
 .debug_aranges
                0x0000000000000000      0x240 ./output/tasks.o
 .debug_aranges
                0x0000000000000240       0x40 ./output/list.o
 .debug_aranges
                0x0000000000000280      0x188 ./output/queue.o
 .debug_aranges
                0x0000000000000408       0xf0 ./output/timers.o
 .debug_aranges
                0x00000000000004f8       0x60 ./output/heap_4.o
 .debug_aranges
                0x0000000000000558       0x30 ./output/port.o
 .debug_aranges
                0x0000000000000588       0x60 ./output/main.o
 .debug_aranges
                0x00000000000005e8       0x20 ./output/test_manager.o
 .debug_aranges
                0x0000000000000608       0x20 ./output/ns16550.o
 .debug_aranges
                0x0000000000000628       0x28 ./output/test_interrupt_latency.o
 .debug_aranges
                0x0000000000000650       0x58 ./output/printf-stdarg.o
 .debug_aranges
                0x00000000000006a8       0x20 ./output/start.o
 .debug_aranges
                0x00000000000006c8       0x20 ./output/vector.o
 .debug_aranges
                0x00000000000006e8       0x40 ./output/portASM.o
 .debug_aranges
                0x0000000000000728       0x20 c:/sysgcc/risc-v/bin/../lib/gcc/riscv64-unknown-elf/10.1.0/rv32imac/ilp32\libgcc.a(_clzsi2.o)
 .debug_aranges
                0x0000000000000748       0x18 c:/sysgcc/risc-v/bin/../lib/gcc/riscv64-unknown-elf/10.1.0/rv32imac/ilp32\libgcc.a(_clz.o)

.debug_ranges   0x0000000000000000      0xd30
 .debug_ranges  0x0000000000000000      0x5d0 ./output/tasks.o
 .debug_ranges  0x00000000000005d0       0x30 ./output/list.o
 .debug_ranges  0x0000000000000600      0x340 ./output/queue.o
 .debug_ranges  0x0000000000000940      0x1b8 ./output/timers.o
 .debug_ranges  0x0000000000000af8       0x68 ./output/heap_4.o
 .debug_ranges  0x0000000000000b60       0x20 ./output/port.o
 .debug_ranges  0x0000000000000b80       0x50 ./output/main.o
 .debug_ranges  0x0000000000000bd0       0x28 ./output/test_manager.o
 .debug_ranges  0x0000000000000bf8       0x10 ./output/ns16550.o
 .debug_ranges  0x0000000000000c08       0x48 ./output/test_interrupt_latency.o
 .debug_ranges  0x0000000000000c50       0x88 ./output/printf-stdarg.o
 .debug_ranges  0x0000000000000cd8       0x38 ./output/portASM.o
 .debug_ranges  0x0000000000000d10       0x20 c:/sysgcc/risc-v/bin/../lib/gcc/riscv64-unknown-elf/10.1.0/rv32imac/ilp32\libgcc.a(_clzsi2.o)

.debug_macro    0x0000000000000000     0x48cc
 .debug_macro   0x0000000000000000      0x2d6 ./output/tasks.o
 .debug_macro   0x00000000000002d6      0x718 ./output/tasks.o
 .debug_macro   0x00000000000009ee       0x19 ./output/tasks.o
 .debug_macro   0x0000000000000a07       0x22 ./output/tasks.o
 .debug_macro   0x0000000000000a29       0x34 ./output/tasks.o
 .debug_macro   0x0000000000000a5d       0x94 ./output/tasks.o
 .debug_macro   0x0000000000000af1       0x3b ./output/tasks.o
 .debug_macro   0x0000000000000b2c       0x34 ./output/tasks.o
 .debug_macro   0x0000000000000b60       0x16 ./output/tasks.o
 .debug_macro   0x0000000000000b76      0x10e ./output/tasks.o
 .debug_macro   0x0000000000000c84       0x8d ./output/tasks.o
 .debug_macro   0x0000000000000d11       0x16 ./output/tasks.o
 .debug_macro   0x0000000000000d27       0x43 ./output/tasks.o
 .debug_macro   0x0000000000000d6a       0x57 ./output/tasks.o
 .debug_macro   0x0000000000000dc1       0x34 ./output/tasks.o
 .debug_macro   0x0000000000000df5       0x10 ./output/tasks.o
 .debug_macro   0x0000000000000e05       0x52 ./output/tasks.o
 .debug_macro   0x0000000000000e57      0x197 ./output/tasks.o
 .debug_macro   0x0000000000000fee      0x333 ./output/tasks.o
 .debug_macro   0x0000000000001321       0x16 ./output/tasks.o
 .debug_macro   0x0000000000001337       0x29 ./output/tasks.o
 .debug_macro   0x0000000000001360       0x16 ./output/tasks.o
 .debug_macro   0x0000000000001376       0x35 ./output/tasks.o
 .debug_macro   0x00000000000013ab      0x103 ./output/tasks.o
 .debug_macro   0x00000000000014ae       0x6a ./output/tasks.o
 .debug_macro   0x0000000000001518      0x1df ./output/tasks.o
 .debug_macro   0x00000000000016f7       0x16 ./output/tasks.o
 .debug_macro   0x000000000000170d       0x22 ./output/tasks.o
 .debug_macro   0x000000000000172f       0x2e ./output/tasks.o
 .debug_macro   0x000000000000175d      0x156 ./output/tasks.o
 .debug_macro   0x00000000000018b3       0x22 ./output/tasks.o
 .debug_macro   0x00000000000018d5      0x182 ./output/tasks.o
 .debug_macro   0x0000000000001a57       0xc7 ./output/tasks.o
 .debug_macro   0x0000000000001b1e       0x3a ./output/tasks.o
 .debug_macro   0x0000000000001b58       0x1f ./output/tasks.o
 .debug_macro   0x0000000000001b77       0x12 ./output/tasks.o
 .debug_macro   0x0000000000001b89     0x10c5 ./output/tasks.o
 .debug_macro   0x0000000000002c4e       0xc3 ./output/tasks.o
 .debug_macro   0x0000000000002d11      0x14f ./output/tasks.o
 .debug_macro   0x0000000000002e60       0x98 ./output/tasks.o
 .debug_macro   0x0000000000002ef8       0x16 ./output/tasks.o
 .debug_macro   0x0000000000002f0e      0x1b1 ./output/list.o
 .debug_macro   0x00000000000030bf      0x249 ./output/queue.o
 .debug_macro   0x0000000000003308       0x8e ./output/queue.o
 .debug_macro   0x0000000000003396      0x200 ./output/timers.o
 .debug_macro   0x0000000000003596       0x9e ./output/timers.o
 .debug_macro   0x0000000000003634      0x247 ./output/heap_4.o
 .debug_macro   0x000000000000387b      0x1d3 ./output/port.o
 .debug_macro   0x0000000000003a4e       0x8e ./output/port.o
 .debug_macro   0x0000000000003adc       0x51 ./output/port.o
 .debug_macro   0x0000000000003b2d       0x3a ./output/port.o
 .debug_macro   0x0000000000003b67      0x2cf ./output/main.o
 .debug_macro   0x0000000000003e36       0x52 ./output/main.o
 .debug_macro   0x0000000000003e88       0x16 ./output/main.o
 .debug_macro   0x0000000000003e9e       0x10 ./output/main.o
 .debug_macro   0x0000000000003eae       0x10 ./output/main.o
 .debug_macro   0x0000000000003ebe       0x1c ./output/main.o
 .debug_macro   0x0000000000003eda       0x52 ./output/main.o
 .debug_macro   0x0000000000003f2c       0x22 ./output/main.o
 .debug_macro   0x0000000000003f4e       0x10 ./output/main.o
 .debug_macro   0x0000000000003f5e       0x40 ./output/main.o
 .debug_macro   0x0000000000003f9e       0xd5 ./output/main.o
 .debug_macro   0x0000000000004073       0x1c ./output/main.o
 .debug_macro   0x000000000000408f       0x3d ./output/main.o
 .debug_macro   0x00000000000040cc       0x16 ./output/main.o
 .debug_macro   0x00000000000040e2      0x145 ./output/main.o
 .debug_macro   0x0000000000004227      0x256 ./output/test_manager.o
 .debug_macro   0x000000000000447d       0xe5 ./output/ns16550.o
 .debug_macro   0x0000000000004562      0x26c ./output/test_interrupt_latency.o
 .debug_macro   0x00000000000047ce       0xa6 ./output/printf-stdarg.o
 .debug_macro   0x0000000000004874       0x58 ./output/printf-stdarg.o

.debug_line     0x0000000000000000    0x11147
 .debug_line    0x0000000000000000     0x6fab ./output/tasks.o
 .debug_line    0x0000000000006fab      0x736 ./output/list.o
 .debug_line    0x00000000000076e1     0x3fa2 ./output/queue.o
 .debug_line    0x000000000000b683     0x1c5a ./output/timers.o
 .debug_line    0x000000000000d2dd      0xfdb ./output/heap_4.o
 .debug_line    0x000000000000e2b8      0x56d ./output/port.o
 .debug_line    0x000000000000e825      0x851 ./output/main.o
 .debug_line    0x000000000000f076      0x550 ./output/test_manager.o
 .debug_line    0x000000000000f5c6      0x206 ./output/ns16550.o
 .debug_line    0x000000000000f7cc      0x79d ./output/test_interrupt_latency.o
 .debug_line    0x000000000000ff69      0xbaa ./output/printf-stdarg.o
 .debug_line    0x0000000000010b13       0xda ./output/start.o
 .debug_line    0x0000000000010bed       0xbe ./output/vector.o
 .debug_line    0x0000000000010cab      0x334 ./output/portASM.o
 .debug_line    0x0000000000010fdf       0xfa c:/sysgcc/risc-v/bin/../lib/gcc/riscv64-unknown-elf/10.1.0/rv32imac/ilp32\libgcc.a(_clzsi2.o)
 .debug_line    0x00000000000110d9       0x6e c:/sysgcc/risc-v/bin/../lib/gcc/riscv64-unknown-elf/10.1.0/rv32imac/ilp32\libgcc.a(_clz.o)

.debug_str      0x0000000000000000    0x17677
 .debug_str     0x0000000000000000    0x1356f ./output/tasks.o
                                      0x13901 (size before relaxing)
 .debug_str     0x000000000001356f       0x50 ./output/list.o
                                       0xfc50 (size before relaxing)
 .debug_str     0x00000000000135bf     0x1544 ./output/queue.o
                                      0x12943 (size before relaxing)
 .debug_str     0x0000000000014b03      0x6bf ./output/timers.o
                                      0x12cea (size before relaxing)
 .debug_str     0x00000000000151c2      0x756 ./output/heap_4.o
                                      0x1179f (size before relaxing)
 .debug_str     0x0000000000015918      0x19f ./output/port.o
                                      0x110a1 (size before relaxing)
 .debug_str     0x0000000000015ab7     0x14b6 ./output/main.o
                                      0x124f8 (size before relaxing)
 .debug_str     0x0000000000016f6d       0x92 ./output/test_manager.o
                                      0x11f33 (size before relaxing)
 .debug_str     0x0000000000016fff      0x16a ./output/ns16550.o
                                       0x34fc (size before relaxing)
 .debug_str     0x0000000000017169      0x14d ./output/test_interrupt_latency.o
                                      0x1285e (size before relaxing)
 .debug_str     0x00000000000172b6      0x1ac ./output/printf-stdarg.o
                                       0x36e3 (size before relaxing)
 .debug_str     0x0000000000017462       0x14 ./output/start.o
                                         0x57 (size before relaxing)
 .debug_str     0x0000000000017476       0x34 ./output/vector.o
                                         0x83 (size before relaxing)
 .debug_str     0x00000000000174aa       0x31 ./output/portASM.o
                                         0x80 (size before relaxing)
 .debug_str     0x00000000000174db      0x19c c:/sysgcc/risc-v/bin/../lib/gcc/riscv64-unknown-elf/10.1.0/rv32imac/ilp32\libgcc.a(_clzsi2.o)
                                        0x24e (size before relaxing)
 .debug_str     0x0000000000017677      0x231 c:/sysgcc/risc-v/bin/../lib/gcc/riscv64-unknown-elf/10.1.0/rv32imac/ilp32\libgcc.a(_clz.o)

.comment        0x0000000000000000       0x12
 .comment       0x0000000000000000       0x12 ./output/tasks.o
                                         0x13 (size before relaxing)
 .comment       0x0000000000000012       0x13 ./output/list.o
 .comment       0x0000000000000012       0x13 ./output/queue.o
 .comment       0x0000000000000012       0x13 ./output/timers.o
 .comment       0x0000000000000012       0x13 ./output/heap_4.o
 .comment       0x0000000000000012       0x13 ./output/port.o
 .comment       0x0000000000000012       0x13 ./output/main.o
 .comment       0x0000000000000012       0x13 ./output/test_manager.o
 .comment       0x0000000000000012       0x13 ./output/ns16550.o
 .comment       0x0000000000000012       0x13 ./output/test_interrupt_latency.o
 .comment       0x0000000000000012       0x13 ./output/printf-stdarg.o
 .comment       0x0000000000000012       0x13 c:/sysgcc/risc-v/bin/../lib/gcc/riscv64-unknown-elf/10.1.0/rv32imac/ilp32\libgcc.a(_clzsi2.o)
 .comment       0x0000000000000012       0x13 c:/sysgcc/risc-v/bin/../lib/gcc/riscv64-unknown-elf/10.1.0/rv32imac/ilp32\libgcc.a(_clz.o)
 .comment       0x0000000000000012       0x13 c:/sysgcc/risc-v/bin/../lib/gcc/riscv64-unknown-elf/10.1.0/../../../../riscv64-unknown-elf/lib/rv32imac/ilp32\libc.a(lib_a-memcpy.o)

.riscv.attributes
                0x0000000000000000       0x2b
 .riscv.attributes
                0x0000000000000000       0x2b ./output/tasks.o
 .riscv.attributes
                0x000000000000002b       0x2b ./output/list.o
 .riscv.attributes
                0x0000000000000056       0x2b ./output/queue.o
 .riscv.attributes
                0x0000000000000081       0x2b ./output/timers.o
 .riscv.attributes
                0x00000000000000ac       0x2b ./output/heap_4.o
 .riscv.attributes
                0x00000000000000d7       0x2b ./output/port.o
 .riscv.attributes
                0x0000000000000102       0x2b ./output/main.o
 .riscv.attributes
                0x000000000000012d       0x2b ./output/test_manager.o
 .riscv.attributes
                0x0000000000000158       0x2b ./output/ns16550.o
 .riscv.attributes
                0x0000000000000183       0x2b ./output/test_interrupt_latency.o
 .riscv.attributes
                0x00000000000001ae       0x2b ./output/printf-stdarg.o
 .riscv.attributes
                0x00000000000001d9       0x29 ./output/start.o
 .riscv.attributes
                0x0000000000000202       0x29 ./output/vector.o
 .riscv.attributes
                0x000000000000022b       0x29 ./output/portASM.o
 .riscv.attributes
                0x0000000000000254       0x2b c:/sysgcc/risc-v/bin/../lib/gcc/riscv64-unknown-elf/10.1.0/rv32imac/ilp32\libgcc.a(_clzsi2.o)
 .riscv.attributes
                0x000000000000027f       0x2b c:/sysgcc/risc-v/bin/../lib/gcc/riscv64-unknown-elf/10.1.0/rv32imac/ilp32\libgcc.a(_clz.o)
 .riscv.attributes
                0x00000000000002aa       0x2b c:/sysgcc/risc-v/bin/../lib/gcc/riscv64-unknown-elf/10.1.0/../../../../riscv64-unknown-elf/lib/rv32imac/ilp32\libc.a(lib_a-memcpy.o)
 .riscv.attributes
                0x00000000000002d5       0x29 c:/sysgcc/risc-v/bin/../lib/gcc/riscv64-unknown-elf/10.1.0/../../../../riscv64-unknown-elf/lib/rv32imac/ilp32\libc.a(lib_a-memset.o)

.debug_frame    0x0000000000000000     0x193c
 .debug_frame   0x0000000000000000      0xa48 ./output/tasks.o
 .debug_frame   0x0000000000000a48       0x60 ./output/list.o
 .debug_frame   0x0000000000000aa8      0x650 ./output/queue.o
 .debug_frame   0x00000000000010f8      0x3bc ./output/timers.o
 .debug_frame   0x00000000000014b4      0x134 ./output/heap_4.o
 .debug_frame   0x00000000000015e8       0x54 ./output/port.o
 .debug_frame   0x000000000000163c       0xe8 ./output/main.o
 .debug_frame   0x0000000000001724       0x30 ./output/test_manager.o
 .debug_frame   0x0000000000001754       0x20 ./output/ns16550.o
 .debug_frame   0x0000000000001774       0x6c ./output/test_interrupt_latency.o
 .debug_frame   0x00000000000017e0      0x13c ./output/printf-stdarg.o
 .debug_frame   0x000000000000191c       0x20 c:/sysgcc/risc-v/bin/../lib/gcc/riscv64-unknown-elf/10.1.0/rv32imac/ilp32\libgcc.a(_clzsi2.o)
