Archive member included to satisfy reference by file (symbol)

c:/sysgcc/risc-v/bin/../lib/gcc/riscv64-unknown-elf/10.1.0/rv32i/ilp32\libgcc.a(_clzsi2.o)
                              build_bram/FreeRTOS/Source/tasks.o (__clzsi2)
c:/sysgcc/risc-v/bin/../lib/gcc/riscv64-unknown-elf/10.1.0/rv32i/ilp32\libgcc.a(muldi3.o)
                              build_bram/FreeRTOS/Source/queue.o (__mulsi3)
c:/sysgcc/risc-v/bin/../lib/gcc/riscv64-unknown-elf/10.1.0/rv32i/ilp32\libgcc.a(div.o)
                              build_bram/main.o (__divsi3)
c:/sysgcc/risc-v/bin/../lib/gcc/riscv64-unknown-elf/10.1.0/rv32i/ilp32\libgcc.a(_clz.o)
                              c:/sysgcc/risc-v/bin/../lib/gcc/riscv64-unknown-elf/10.1.0/rv32i/ilp32\libgcc.a(_clzsi2.o) (__clz_tab)

Discarded input sections

 .text          0x0000000000000000        0x0 build_bram/main.o
 .data          0x0000000000000000        0x0 build_bram/main.o
 .bss           0x0000000000000000        0x0 build_bram/main.o
 .text.vAssertCalled
                0x0000000000000000        0x8 build_bram/main.o
 .text.get_cycle_count
                0x0000000000000000        0x8 build_bram/main.o
 .text.vApplicationIdleHook
                0x0000000000000000        0x8 build_bram/main.o
 .rodata.vApplicationStackOverflowHook.str1.4
                0x0000000000000000       0x22 build_bram/main.o
 .text.vApplicationStackOverflowHook
                0x0000000000000000       0x40 build_bram/main.o
 .rodata.vApplicationMallocFailedHook.str1.4
                0x0000000000000000       0x24 build_bram/main.o
 .text.vApplicationMallocFailedHook
                0x0000000000000000       0x1c build_bram/main.o
 .text          0x0000000000000000        0x0 build_bram/memory.o
 .data          0x0000000000000000        0x0 build_bram/memory.o
 .bss           0x0000000000000000        0x0 build_bram/memory.o
 .text          0x0000000000000000        0x0 build_bram/FreeRTOS/Source/tasks.o
 .data          0x0000000000000000        0x0 build_bram/FreeRTOS/Source/tasks.o
 .bss           0x0000000000000000        0x0 build_bram/FreeRTOS/Source/tasks.o
 .text.prvTaskIsTaskSuspended
                0x0000000000000000       0x4c build_bram/FreeRTOS/Source/tasks.o
 .text.eTaskGetState
                0x0000000000000000       0xb4 build_bram/FreeRTOS/Source/tasks.o
 .text.uxTaskPriorityGet
                0x0000000000000000       0x40 build_bram/FreeRTOS/Source/tasks.o
 .text.uxTaskPriorityGetFromISR
                0x0000000000000000       0x20 build_bram/FreeRTOS/Source/tasks.o
 .text.uxTaskBasePriorityGet
                0x0000000000000000       0x40 build_bram/FreeRTOS/Source/tasks.o
 .text.uxTaskBasePriorityGetFromISR
                0x0000000000000000       0x20 build_bram/FreeRTOS/Source/tasks.o
 .text.vTaskPrioritySet
                0x0000000000000000      0x1b0 build_bram/FreeRTOS/Source/tasks.o
 .text.vTaskResume
                0x0000000000000000      0x10c build_bram/FreeRTOS/Source/tasks.o
 .text.xTaskResumeFromISR
                0x0000000000000000      0x114 build_bram/FreeRTOS/Source/tasks.o
 .text.vTaskEndScheduler
                0x0000000000000000       0x4c build_bram/FreeRTOS/Source/tasks.o
 .text.xTaskGetTickCountFromISR
                0x0000000000000000        0xc build_bram/FreeRTOS/Source/tasks.o
 .text.pcTaskGetName
                0x0000000000000000       0x20 build_bram/FreeRTOS/Source/tasks.o
 .text.xTaskGetStaticBuffers
                0x0000000000000000       0x70 build_bram/FreeRTOS/Source/tasks.o
 .text.xTaskDelayUntil
                0x0000000000000000       0xb8 build_bram/FreeRTOS/Source/tasks.o
 .text.xTaskCatchUpTicks
                0x0000000000000000       0x68 build_bram/FreeRTOS/Source/tasks.o
 .text.vTaskSwitchContext
                0x0000000000000000       0xc0 build_bram/FreeRTOS/Source/tasks.o
 .text.vTaskSuspend
                0x0000000000000000      0x1bc build_bram/FreeRTOS/Source/tasks.o
 .text.vTaskPlaceOnUnorderedEventList
                0x0000000000000000       0x94 build_bram/FreeRTOS/Source/tasks.o
 .text.vTaskRemoveFromUnorderedEventList
                0x0000000000000000      0x118 build_bram/FreeRTOS/Source/tasks.o
 .text.vTaskSetTimeOutState
                0x0000000000000000       0x40 build_bram/FreeRTOS/Source/tasks.o
 .text.uxTaskGetStackHighWaterMark
                0x0000000000000000       0x40 build_bram/FreeRTOS/Source/tasks.o
 .text.xTaskGetCurrentTaskHandle
                0x0000000000000000        0xc build_bram/FreeRTOS/Source/tasks.o
 .text.xTaskGetCurrentTaskHandleForCore
                0x0000000000000000       0x18 build_bram/FreeRTOS/Source/tasks.o
 .text.xTaskPriorityInherit
                0x0000000000000000      0x15c build_bram/FreeRTOS/Source/tasks.o
 .text.xTaskPriorityDisinherit
                0x0000000000000000      0x120 build_bram/FreeRTOS/Source/tasks.o
 .text.vTaskPriorityDisinheritAfterTimeout
                0x0000000000000000      0x13c build_bram/FreeRTOS/Source/tasks.o
 .text.uxTaskResetEventItemValue
                0x0000000000000000       0x2c build_bram/FreeRTOS/Source/tasks.o
 .text.pvTaskIncrementMutexHeldCount
                0x0000000000000000       0x1c build_bram/FreeRTOS/Source/tasks.o
 .text.ulTaskGenericNotifyTake
                0x0000000000000000      0x10c build_bram/FreeRTOS/Source/tasks.o
 .text.xTaskGenericNotifyWait
                0x0000000000000000      0x178 build_bram/FreeRTOS/Source/tasks.o
 .text.xTaskGenericNotify
                0x0000000000000000      0x18c build_bram/FreeRTOS/Source/tasks.o
 .rodata.xTaskGenericNotify
                0x0000000000000000       0x14 build_bram/FreeRTOS/Source/tasks.o
 .text.xTaskGenericNotifyFromISR
                0x0000000000000000      0x1b4 build_bram/FreeRTOS/Source/tasks.o
 .rodata.xTaskGenericNotifyFromISR
                0x0000000000000000       0x14 build_bram/FreeRTOS/Source/tasks.o
 .text.vTaskGenericNotifyGiveFromISR
                0x0000000000000000      0x14c build_bram/FreeRTOS/Source/tasks.o
 .text.xTaskGenericNotifyStateClear
                0x0000000000000000       0x5c build_bram/FreeRTOS/Source/tasks.o
 .text.ulTaskGenericNotifyValueClear
                0x0000000000000000       0x54 build_bram/FreeRTOS/Source/tasks.o
 .text.vTaskResetState
                0x0000000000000000       0x64 build_bram/FreeRTOS/Source/tasks.o
 .text          0x0000000000000000        0x0 build_bram/FreeRTOS/Source/queue.o
 .data          0x0000000000000000        0x0 build_bram/FreeRTOS/Source/queue.o
 .bss           0x0000000000000000        0x0 build_bram/FreeRTOS/Source/queue.o
 .text.prvCopyDataToQueue
                0x0000000000000000       0xf4 build_bram/FreeRTOS/Source/queue.o
 .text.xQueueGenericGetStaticBuffers
                0x0000000000000000       0x44 build_bram/FreeRTOS/Source/queue.o
 .text.xQueueGenericCreate
                0x0000000000000000      0x11c build_bram/FreeRTOS/Source/queue.o
 .text.xQueueGetMutexHolder
                0x0000000000000000       0x38 build_bram/FreeRTOS/Source/queue.o
 .text.xQueueGetMutexHolderFromISR
                0x0000000000000000       0x24 build_bram/FreeRTOS/Source/queue.o
 .text.xQueueCreateCountingSemaphoreStatic
                0x0000000000000000       0x58 build_bram/FreeRTOS/Source/queue.o
 .text.xQueueCreateCountingSemaphore
                0x0000000000000000       0x50 build_bram/FreeRTOS/Source/queue.o
 .text.xQueueGenericSend
                0x0000000000000000      0x248 build_bram/FreeRTOS/Source/queue.o
 .text.xQueueCreateMutexStatic
                0x0000000000000000       0x64 build_bram/FreeRTOS/Source/queue.o
 .text.xQueueGiveMutexRecursive
                0x0000000000000000       0x80 build_bram/FreeRTOS/Source/queue.o
 .text.xQueueCreateMutex
                0x0000000000000000       0x5c build_bram/FreeRTOS/Source/queue.o
 .text.xQueueGenericSendFromISR
                0x0000000000000000      0x110 build_bram/FreeRTOS/Source/queue.o
 .text.xQueueGiveFromISR
                0x0000000000000000       0xfc build_bram/FreeRTOS/Source/queue.o
 .text.xQueueSemaphoreTake
                0x0000000000000000      0x29c build_bram/FreeRTOS/Source/queue.o
 .text.xQueueTakeMutexRecursive
                0x0000000000000000       0x90 build_bram/FreeRTOS/Source/queue.o
 .text.xQueuePeek
                0x0000000000000000      0x214 build_bram/FreeRTOS/Source/queue.o
 .text.xQueueReceiveFromISR
                0x0000000000000000       0xf4 build_bram/FreeRTOS/Source/queue.o
 .text.xQueuePeekFromISR
                0x0000000000000000       0x78 build_bram/FreeRTOS/Source/queue.o
 .text.uxQueueMessagesWaiting
                0x0000000000000000       0x28 build_bram/FreeRTOS/Source/queue.o
 .text.uxQueueSpacesAvailable
                0x0000000000000000       0x30 build_bram/FreeRTOS/Source/queue.o
 .text.uxQueueMessagesWaitingFromISR
                0x0000000000000000       0x14 build_bram/FreeRTOS/Source/queue.o
 .text.uxQueueGetQueueItemSize
                0x0000000000000000        0x8 build_bram/FreeRTOS/Source/queue.o
 .text.uxQueueGetQueueLength
                0x0000000000000000        0x8 build_bram/FreeRTOS/Source/queue.o
 .text.xQueueIsQueueEmptyFromISR
                0x0000000000000000       0x18 build_bram/FreeRTOS/Source/queue.o
 .text.xQueueIsQueueFullFromISR
                0x0000000000000000       0x20 build_bram/FreeRTOS/Source/queue.o
 .text.pcQueueGetName
                0x0000000000000000       0x4c build_bram/FreeRTOS/Source/queue.o
 .text.vQueueUnregisterQueue
                0x0000000000000000       0x4c build_bram/FreeRTOS/Source/queue.o
 .text.vQueueDelete
                0x0000000000000000       0x54 build_bram/FreeRTOS/Source/queue.o
 .text          0x0000000000000000        0x0 build_bram/FreeRTOS/Source/list.o
 .data          0x0000000000000000        0x0 build_bram/FreeRTOS/Source/list.o
 .bss           0x0000000000000000        0x0 build_bram/FreeRTOS/Source/list.o
 .text          0x0000000000000000        0x0 build_bram/FreeRTOS/Source/timers.o
 .data          0x0000000000000000        0x0 build_bram/FreeRTOS/Source/timers.o
 .bss           0x0000000000000000        0x0 build_bram/FreeRTOS/Source/timers.o
 .text.xTimerCreate
                0x0000000000000000       0xb4 build_bram/FreeRTOS/Source/timers.o
 .text.xTimerCreateStatic
                0x0000000000000000       0xd0 build_bram/FreeRTOS/Source/timers.o
 .text.xTimerGenericCommandFromTask
                0x0000000000000000       0x90 build_bram/FreeRTOS/Source/timers.o
 .text.xTimerGenericCommandFromISR
                0x0000000000000000       0x64 build_bram/FreeRTOS/Source/timers.o
 .text.xTimerGetTimerDaemonTaskHandle
                0x0000000000000000       0x18 build_bram/FreeRTOS/Source/timers.o
 .text.xTimerGetPeriod
                0x0000000000000000       0x14 build_bram/FreeRTOS/Source/timers.o
 .text.vTimerSetReloadMode
                0x0000000000000000       0x3c build_bram/FreeRTOS/Source/timers.o
 .text.xTimerGetReloadMode
                0x0000000000000000       0x30 build_bram/FreeRTOS/Source/timers.o
 .text.uxTimerGetReloadMode
                0x0000000000000000        0x8 build_bram/FreeRTOS/Source/timers.o
 .text.xTimerGetExpiryTime
                0x0000000000000000       0x14 build_bram/FreeRTOS/Source/timers.o
 .text.xTimerGetStaticBuffer
                0x0000000000000000       0x2c build_bram/FreeRTOS/Source/timers.o
 .text.pcTimerGetName
                0x0000000000000000       0x14 build_bram/FreeRTOS/Source/timers.o
 .text.xTimerIsTimerActive
                0x0000000000000000       0x2c build_bram/FreeRTOS/Source/timers.o
 .text.pvTimerGetTimerID
                0x0000000000000000       0x28 build_bram/FreeRTOS/Source/timers.o
 .text.vTimerSetTimerID
                0x0000000000000000       0x28 build_bram/FreeRTOS/Source/timers.o
 .text.xTimerPendFunctionCallFromISR
                0x0000000000000000       0x48 build_bram/FreeRTOS/Source/timers.o
 .text.xTimerPendFunctionCall
                0x0000000000000000       0x58 build_bram/FreeRTOS/Source/timers.o
 .text.vTimerResetState
                0x0000000000000000       0x14 build_bram/FreeRTOS/Source/timers.o
 .text          0x0000000000000000        0x0 build_bram/FreeRTOS/Source/event_groups.o
 .data          0x0000000000000000        0x0 build_bram/FreeRTOS/Source/event_groups.o
 .bss           0x0000000000000000        0x0 build_bram/FreeRTOS/Source/event_groups.o
 .text.xEventGroupCreateStatic
                0x0000000000000000       0x60 build_bram/FreeRTOS/Source/event_groups.o
 .text.xEventGroupCreate
                0x0000000000000000       0x48 build_bram/FreeRTOS/Source/event_groups.o
 .text.xEventGroupWaitBits
                0x0000000000000000      0x180 build_bram/FreeRTOS/Source/event_groups.o
 .text.xEventGroupClearBits
                0x0000000000000000       0x50 build_bram/FreeRTOS/Source/event_groups.o
 .text.xEventGroupGetBitsFromISR
                0x0000000000000000        0x8 build_bram/FreeRTOS/Source/event_groups.o
 .text.xEventGroupSetBits
                0x0000000000000000      0x10c build_bram/FreeRTOS/Source/event_groups.o
 .text.xEventGroupSync
                0x0000000000000000      0x150 build_bram/FreeRTOS/Source/event_groups.o
 .text.vEventGroupDelete
                0x0000000000000000       0x94 build_bram/FreeRTOS/Source/event_groups.o
 .text.xEventGroupGetStaticBuffer
                0x0000000000000000       0x38 build_bram/FreeRTOS/Source/event_groups.o
 .text.vEventGroupSetBitsCallback
                0x0000000000000000        0x8 build_bram/FreeRTOS/Source/event_groups.o
 .text.vEventGroupClearBitsCallback
                0x0000000000000000        0x8 build_bram/FreeRTOS/Source/event_groups.o
 .debug_info    0x0000000000000000      0xb9b build_bram/FreeRTOS/Source/event_groups.o
 .debug_abbrev  0x0000000000000000      0x2e8 build_bram/FreeRTOS/Source/event_groups.o
 .debug_loc     0x0000000000000000      0xa6d build_bram/FreeRTOS/Source/event_groups.o
 .debug_aranges
                0x0000000000000000       0x70 build_bram/FreeRTOS/Source/event_groups.o
 .debug_ranges  0x0000000000000000       0xd0 build_bram/FreeRTOS/Source/event_groups.o
 .debug_line    0x0000000000000000     0x116d build_bram/FreeRTOS/Source/event_groups.o
 .debug_str     0x0000000000000000      0x6d0 build_bram/FreeRTOS/Source/event_groups.o
 .comment       0x0000000000000000       0x13 build_bram/FreeRTOS/Source/event_groups.o
 .debug_frame   0x0000000000000000      0x184 build_bram/FreeRTOS/Source/event_groups.o
 .riscv.attributes
                0x0000000000000000       0x1c build_bram/FreeRTOS/Source/event_groups.o
 .text          0x0000000000000000        0x0 build_bram/FreeRTOS/Source/stream_buffer.o
 .data          0x0000000000000000        0x0 build_bram/FreeRTOS/Source/stream_buffer.o
 .bss           0x0000000000000000        0x0 build_bram/FreeRTOS/Source/stream_buffer.o
 .text.prvBytesInBuffer
                0x0000000000000000       0x20 build_bram/FreeRTOS/Source/stream_buffer.o
 .text.prvWriteBytesToBuffer.part.0
                0x0000000000000000       0xb4 build_bram/FreeRTOS/Source/stream_buffer.o
 .text.prvWriteMessageToBuffer
                0x0000000000000000       0x9c build_bram/FreeRTOS/Source/stream_buffer.o
 .text.prvReadBytesFromBuffer.part.0
                0x0000000000000000       0xb8 build_bram/FreeRTOS/Source/stream_buffer.o
 .text.prvInitialiseNewStreamBuffer.constprop.0
                0x0000000000000000       0x94 build_bram/FreeRTOS/Source/stream_buffer.o
 .text.prvReadMessageFromBuffer
                0x0000000000000000       0xa4 build_bram/FreeRTOS/Source/stream_buffer.o
 .text.xStreamBufferGenericCreate
                0x0000000000000000       0xcc build_bram/FreeRTOS/Source/stream_buffer.o
 .text.xStreamBufferGenericCreateStatic
                0x0000000000000000       0xc8 build_bram/FreeRTOS/Source/stream_buffer.o
 .text.xStreamBufferGetStaticBuffers
                0x0000000000000000       0x4c build_bram/FreeRTOS/Source/stream_buffer.o
 .text.vStreamBufferDelete
                0x0000000000000000       0x30 build_bram/FreeRTOS/Source/stream_buffer.o
 .text.xStreamBufferReset
                0x0000000000000000       0x88 build_bram/FreeRTOS/Source/stream_buffer.o
 .text.xStreamBufferResetFromISR
                0x0000000000000000       0x5c build_bram/FreeRTOS/Source/stream_buffer.o
 .text.xStreamBufferSetTriggerLevel
                0x0000000000000000       0x30 build_bram/FreeRTOS/Source/stream_buffer.o
 .text.xStreamBufferSpacesAvailable
                0x0000000000000000       0x3c build_bram/FreeRTOS/Source/stream_buffer.o
 .text.xStreamBufferBytesAvailable
                0x0000000000000000       0x14 build_bram/FreeRTOS/Source/stream_buffer.o
 .text.xStreamBufferSend
                0x0000000000000000      0x200 build_bram/FreeRTOS/Source/stream_buffer.o
 .text.xStreamBufferSendFromISR
                0x0000000000000000       0xe0 build_bram/FreeRTOS/Source/stream_buffer.o
 .text.xStreamBufferReceive
                0x0000000000000000      0x19c build_bram/FreeRTOS/Source/stream_buffer.o
 .text.xStreamBufferNextMessageLengthBytes
                0x0000000000000000       0x78 build_bram/FreeRTOS/Source/stream_buffer.o
 .text.xStreamBufferReceiveFromISR
                0x0000000000000000       0xc4 build_bram/FreeRTOS/Source/stream_buffer.o
 .text.xStreamBufferIsEmpty
                0x0000000000000000       0x20 build_bram/FreeRTOS/Source/stream_buffer.o
 .text.xStreamBufferIsFull
                0x0000000000000000       0x44 build_bram/FreeRTOS/Source/stream_buffer.o
 .text.xStreamBufferSendCompletedFromISR
                0x0000000000000000       0x60 build_bram/FreeRTOS/Source/stream_buffer.o
 .text.xStreamBufferReceiveCompletedFromISR
                0x0000000000000000       0x60 build_bram/FreeRTOS/Source/stream_buffer.o
 .text.uxStreamBufferGetStreamBufferNotificationIndex
                0x0000000000000000       0x14 build_bram/FreeRTOS/Source/stream_buffer.o
 .text.vStreamBufferSetStreamBufferNotificationIndex
                0x0000000000000000       0x40 build_bram/FreeRTOS/Source/stream_buffer.o
 .debug_info    0x0000000000000000     0x170c build_bram/FreeRTOS/Source/stream_buffer.o
 .debug_abbrev  0x0000000000000000      0x32b build_bram/FreeRTOS/Source/stream_buffer.o
 .debug_loc     0x0000000000000000     0x16c6 build_bram/FreeRTOS/Source/stream_buffer.o
 .debug_aranges
                0x0000000000000000       0xe8 build_bram/FreeRTOS/Source/stream_buffer.o
 .debug_ranges  0x0000000000000000      0x130 build_bram/FreeRTOS/Source/stream_buffer.o
 .debug_line    0x0000000000000000     0x2515 build_bram/FreeRTOS/Source/stream_buffer.o
 .debug_str     0x0000000000000000      0x9b5 build_bram/FreeRTOS/Source/stream_buffer.o
 .comment       0x0000000000000000       0x13 build_bram/FreeRTOS/Source/stream_buffer.o
 .debug_frame   0x0000000000000000      0x35c build_bram/FreeRTOS/Source/stream_buffer.o
 .riscv.attributes
                0x0000000000000000       0x1c build_bram/FreeRTOS/Source/stream_buffer.o
 .text          0x0000000000000000        0x0 build_bram/FreeRTOS/Source/portable/MemMang/heap_4.o
 .data          0x0000000000000000        0x0 build_bram/FreeRTOS/Source/portable/MemMang/heap_4.o
 .bss           0x0000000000000000        0x0 build_bram/FreeRTOS/Source/portable/MemMang/heap_4.o
 .text.xPortGetMinimumEverFreeHeapSize
                0x0000000000000000        0xc build_bram/FreeRTOS/Source/portable/MemMang/heap_4.o
 .text.xPortResetHeapMinimumEverFreeHeapSize
                0x0000000000000000       0x14 build_bram/FreeRTOS/Source/portable/MemMang/heap_4.o
 .text.vPortInitialiseBlocks
                0x0000000000000000        0x4 build_bram/FreeRTOS/Source/portable/MemMang/heap_4.o
 .text.pvPortCalloc
                0x0000000000000000       0xf0 build_bram/FreeRTOS/Source/portable/MemMang/heap_4.o
 .text.vPortGetHeapStats
                0x0000000000000000       0xf0 build_bram/FreeRTOS/Source/portable/MemMang/heap_4.o
 .text.vPortHeapResetState
                0x0000000000000000       0x2c build_bram/FreeRTOS/Source/portable/MemMang/heap_4.o
 .text          0x0000000000000000        0x0 build_bram/FreeRTOS/Source/portable/GCC/RISC-V/port.o
 .data          0x0000000000000000        0x0 build_bram/FreeRTOS/Source/portable/GCC/RISC-V/port.o
 .bss           0x0000000000000000        0x0 build_bram/FreeRTOS/Source/portable/GCC/RISC-V/port.o
 .text.vPortEndScheduler
                0x0000000000000000        0x4 build_bram/FreeRTOS/Source/portable/GCC/RISC-V/port.o
 .sbss.pullMachineTimerCompareRegister
                0x0000000000000000        0x4 build_bram/FreeRTOS/Source/portable/GCC/RISC-V/port.o
 .sbss.ullNextTime
                0x0000000000000000        0x8 build_bram/FreeRTOS/Source/portable/GCC/RISC-V/port.o
 .sbss.xTaskReturnAddress
                0x0000000000000000        0x4 build_bram/FreeRTOS/Source/portable/GCC/RISC-V/port.o
 .sdata.pullNextTime
                0x0000000000000000        0x4 build_bram/FreeRTOS/Source/portable/GCC/RISC-V/port.o
 .sdata.pxCriticalNesting
                0x0000000000000000        0x4 build_bram/FreeRTOS/Source/portable/GCC/RISC-V/port.o
 .srodata.ullMachineTimerCompareRegisterBase
                0x0000000000000000        0x4 build_bram/FreeRTOS/Source/portable/GCC/RISC-V/port.o
 .srodata.uxTimerIncrementsForOneTick
                0x0000000000000000        0x4 build_bram/FreeRTOS/Source/portable/GCC/RISC-V/port.o
 .srodata.xISRStackTop
                0x0000000000000000        0x4 build_bram/FreeRTOS/Source/portable/GCC/RISC-V/port.o
 .text          0x0000000000000000       0x58 build_bram/startup.o
 .data          0x0000000000000000        0x0 build_bram/startup.o
 .bss           0x0000000000000000      0x780 build_bram/startup.o
 .vectors       0x0000000000000000       0x10 build_bram/startup.o
 .text          0x0000000000000000       0x4c c:/sysgcc/risc-v/bin/../lib/gcc/riscv64-unknown-elf/10.1.0/rv32i/ilp32\libgcc.a(_clzsi2.o)
 .data          0x0000000000000000        0x0 c:/sysgcc/risc-v/bin/../lib/gcc/riscv64-unknown-elf/10.1.0/rv32i/ilp32\libgcc.a(_clzsi2.o)
 .bss           0x0000000000000000        0x0 c:/sysgcc/risc-v/bin/../lib/gcc/riscv64-unknown-elf/10.1.0/rv32i/ilp32\libgcc.a(_clzsi2.o)
 .debug_info    0x0000000000000000      0x144 c:/sysgcc/risc-v/bin/../lib/gcc/riscv64-unknown-elf/10.1.0/rv32i/ilp32\libgcc.a(_clzsi2.o)
 .debug_abbrev  0x0000000000000000       0xca c:/sysgcc/risc-v/bin/../lib/gcc/riscv64-unknown-elf/10.1.0/rv32i/ilp32\libgcc.a(_clzsi2.o)
 .debug_loc     0x0000000000000000       0x6b c:/sysgcc/risc-v/bin/../lib/gcc/riscv64-unknown-elf/10.1.0/rv32i/ilp32\libgcc.a(_clzsi2.o)
 .debug_aranges
                0x0000000000000000       0x20 c:/sysgcc/risc-v/bin/../lib/gcc/riscv64-unknown-elf/10.1.0/rv32i/ilp32\libgcc.a(_clzsi2.o)
 .debug_ranges  0x0000000000000000       0x20 c:/sysgcc/risc-v/bin/../lib/gcc/riscv64-unknown-elf/10.1.0/rv32i/ilp32\libgcc.a(_clzsi2.o)
 .debug_line    0x0000000000000000       0xfa c:/sysgcc/risc-v/bin/../lib/gcc/riscv64-unknown-elf/10.1.0/rv32i/ilp32\libgcc.a(_clzsi2.o)
 .debug_str     0x0000000000000000      0x248 c:/sysgcc/risc-v/bin/../lib/gcc/riscv64-unknown-elf/10.1.0/rv32i/ilp32\libgcc.a(_clzsi2.o)
 .comment       0x0000000000000000       0x13 c:/sysgcc/risc-v/bin/../lib/gcc/riscv64-unknown-elf/10.1.0/rv32i/ilp32\libgcc.a(_clzsi2.o)
 .debug_frame   0x0000000000000000       0x20 c:/sysgcc/risc-v/bin/../lib/gcc/riscv64-unknown-elf/10.1.0/rv32i/ilp32\libgcc.a(_clzsi2.o)
 .riscv.attributes
                0x0000000000000000       0x1c c:/sysgcc/risc-v/bin/../lib/gcc/riscv64-unknown-elf/10.1.0/rv32i/ilp32\libgcc.a(_clzsi2.o)
 .data          0x0000000000000000        0x0 c:/sysgcc/risc-v/bin/../lib/gcc/riscv64-unknown-elf/10.1.0/rv32i/ilp32\libgcc.a(muldi3.o)
 .bss           0x0000000000000000        0x0 c:/sysgcc/risc-v/bin/../lib/gcc/riscv64-unknown-elf/10.1.0/rv32i/ilp32\libgcc.a(muldi3.o)
 .data          0x0000000000000000        0x0 c:/sysgcc/risc-v/bin/../lib/gcc/riscv64-unknown-elf/10.1.0/rv32i/ilp32\libgcc.a(div.o)
 .bss           0x0000000000000000        0x0 c:/sysgcc/risc-v/bin/../lib/gcc/riscv64-unknown-elf/10.1.0/rv32i/ilp32\libgcc.a(div.o)
 .text          0x0000000000000000        0x0 c:/sysgcc/risc-v/bin/../lib/gcc/riscv64-unknown-elf/10.1.0/rv32i/ilp32\libgcc.a(_clz.o)
 .data          0x0000000000000000        0x0 c:/sysgcc/risc-v/bin/../lib/gcc/riscv64-unknown-elf/10.1.0/rv32i/ilp32\libgcc.a(_clz.o)
 .bss           0x0000000000000000        0x0 c:/sysgcc/risc-v/bin/../lib/gcc/riscv64-unknown-elf/10.1.0/rv32i/ilp32\libgcc.a(_clz.o)
 .rodata        0x0000000000000000      0x100 c:/sysgcc/risc-v/bin/../lib/gcc/riscv64-unknown-elf/10.1.0/rv32i/ilp32\libgcc.a(_clz.o)
 .debug_info    0x0000000000000000       0xd7 c:/sysgcc/risc-v/bin/../lib/gcc/riscv64-unknown-elf/10.1.0/rv32i/ilp32\libgcc.a(_clz.o)
 .debug_abbrev  0x0000000000000000       0x70 c:/sysgcc/risc-v/bin/../lib/gcc/riscv64-unknown-elf/10.1.0/rv32i/ilp32\libgcc.a(_clz.o)
 .debug_aranges
                0x0000000000000000       0x18 c:/sysgcc/risc-v/bin/../lib/gcc/riscv64-unknown-elf/10.1.0/rv32i/ilp32\libgcc.a(_clz.o)
 .debug_line    0x0000000000000000       0x6e c:/sysgcc/risc-v/bin/../lib/gcc/riscv64-unknown-elf/10.1.0/rv32i/ilp32\libgcc.a(_clz.o)
 .debug_str     0x0000000000000000      0x22b c:/sysgcc/risc-v/bin/../lib/gcc/riscv64-unknown-elf/10.1.0/rv32i/ilp32\libgcc.a(_clz.o)
 .comment       0x0000000000000000       0x13 c:/sysgcc/risc-v/bin/../lib/gcc/riscv64-unknown-elf/10.1.0/rv32i/ilp32\libgcc.a(_clz.o)
 .riscv.attributes
                0x0000000000000000       0x1c c:/sysgcc/risc-v/bin/../lib/gcc/riscv64-unknown-elf/10.1.0/rv32i/ilp32\libgcc.a(_clz.o)

Memory Configuration

Name             Origin             Length             Attributes
BRAM             0x0000000000000000 0x0000000000006000 xrw
RAM              0x0000000000006000 0x0000000000001800 rw
*default*        0x0000000000000000 0xffffffffffffffff

Linker script and memory map

LOAD build_bram/main.o
LOAD build_bram/memory.o
LOAD build_bram/FreeRTOS/Source/tasks.o
LOAD build_bram/FreeRTOS/Source/queue.o
LOAD build_bram/FreeRTOS/Source/list.o
LOAD build_bram/FreeRTOS/Source/timers.o
LOAD build_bram/FreeRTOS/Source/event_groups.o
LOAD build_bram/FreeRTOS/Source/stream_buffer.o
LOAD build_bram/FreeRTOS/Source/portable/MemMang/heap_4.o
LOAD build_bram/FreeRTOS/Source/portable/GCC/RISC-V/port.o
LOAD build_bram/startup.o
LOAD c:/sysgcc/risc-v/bin/../lib/gcc/riscv64-unknown-elf/10.1.0/rv32i/ilp32\libgcc.a
                0x0000000000000800                _stack_size = DEFINED (_stack_size)?_stack_size:0x800
                0x0000000000001000                _heap_size = DEFINED (_heap_size)?_heap_size:0x1000

.init           0x0000000000000000       0x90
                0x0000000000000000                _stext = .
 *(.init)
 .init          0x0000000000000000       0x90 build_bram/startup.o
                0x0000000000000000                _start
 *(.init.*)

.text           0x0000000000000090     0x2b00
 *(.text)
 .text          0x0000000000000090       0x24 c:/sysgcc/risc-v/bin/../lib/gcc/riscv64-unknown-elf/10.1.0/rv32i/ilp32\libgcc.a(muldi3.o)
                0x0000000000000090                __mulsi3
 .text          0x00000000000000b4       0xb4 c:/sysgcc/risc-v/bin/../lib/gcc/riscv64-unknown-elf/10.1.0/rv32i/ilp32\libgcc.a(div.o)
                0x00000000000000b4                __divsi3
                0x00000000000000bc                __udivsi3
                0x0000000000000104                __umodsi3
                0x0000000000000138                __modsi3
 *(.text.*)
 .text.vApplicationGetIdleTaskMemory
                0x0000000000000168       0x1c build_bram/main.o
                0x0000000000000168                vApplicationGetIdleTaskMemory
 .text.vApplicationGetTimerTaskMemory
                0x0000000000000184       0x1c build_bram/main.o
                0x0000000000000184                vApplicationGetTimerTaskMemory
 .text.putchar  0x00000000000001a0       0x18 build_bram/main.o
                0x00000000000001a0                putchar
 .text.uart_puts
                0x00000000000001b8       0x34 build_bram/main.o
                0x00000000000001b8                uart_puts
 .text.uart_printf_simple
                0x00000000000001ec       0xa4 build_bram/main.o
                0x00000000000001ec                uart_printf_simple
 .text.vUartEchoTask
                0x0000000000000290      0x12c build_bram/main.o
                0x0000000000000290                vUartEchoTask
 .text.vPerformanceTask
                0x00000000000003bc      0x210 build_bram/main.o
                0x00000000000003bc                vPerformanceTask
 .text.vLedBlinkTask
                0x00000000000005cc      0x160 build_bram/main.o
                0x00000000000005cc                vLedBlinkTask
 .text.vSystemStatusTask
                0x000000000000072c      0x14c build_bram/main.o
                0x000000000000072c                vSystemStatusTask
 .text.startup.main
                0x0000000000000878      0x1c4 build_bram/main.o
                0x0000000000000878                main
 .text.memset   0x0000000000000a3c       0x1c build_bram/memory.o
                0x0000000000000a3c                memset
 .text.memcpy   0x0000000000000a58       0x24 build_bram/memory.o
                0x0000000000000a58                memcpy
 .text.prvAddNewTaskToReadyList
                0x0000000000000a7c      0x1bc build_bram/FreeRTOS/Source/tasks.o
 .text.prvAddCurrentTaskToDelayedList
                0x0000000000000c38      0x160 build_bram/FreeRTOS/Source/tasks.o
 .text.prvResetNextTaskUnblockTime
                0x0000000000000d98       0x38 build_bram/FreeRTOS/Source/tasks.o
 .text.prvDeleteTCB
                0x0000000000000dd0       0x50 build_bram/FreeRTOS/Source/tasks.o
 .text.prvCheckTasksWaitingTermination
                0x0000000000000e20       0xbc build_bram/FreeRTOS/Source/tasks.o
 .text.prvIdleTask
                0x0000000000000edc       0x28 build_bram/FreeRTOS/Source/tasks.o
 .text.prvInitialiseNewTask.constprop.0
                0x0000000000000f04      0x114 build_bram/FreeRTOS/Source/tasks.o
 .text.xTaskCreateStatic
                0x0000000000001018       0xd8 build_bram/FreeRTOS/Source/tasks.o
                0x0000000000001018                xTaskCreateStatic
 .text.xTaskCreate
                0x00000000000010f0       0xdc build_bram/FreeRTOS/Source/tasks.o
                0x00000000000010f0                xTaskCreate
 .text.vTaskDelete
                0x00000000000011cc      0x18c build_bram/FreeRTOS/Source/tasks.o
                0x00000000000011cc                vTaskDelete
 .text.vTaskStartScheduler
                0x0000000000001358       0xe0 build_bram/FreeRTOS/Source/tasks.o
                0x0000000000001358                vTaskStartScheduler
 .text.vTaskSuspendAll
                0x0000000000001438       0x18 build_bram/FreeRTOS/Source/tasks.o
                0x0000000000001438                vTaskSuspendAll
 .text.xTaskGetTickCount
                0x0000000000001450        0xc build_bram/FreeRTOS/Source/tasks.o
                0x0000000000001450                xTaskGetTickCount
 .text.uxTaskGetNumberOfTasks
                0x000000000000145c        0xc build_bram/FreeRTOS/Source/tasks.o
                0x000000000000145c                uxTaskGetNumberOfTasks
 .text.xTaskIncrementTick
                0x0000000000001468      0x220 build_bram/FreeRTOS/Source/tasks.o
                0x0000000000001468                xTaskIncrementTick
 .text.xTaskResumeAll
                0x0000000000001688      0x200 build_bram/FreeRTOS/Source/tasks.o
                0x0000000000001688                xTaskResumeAll
 .text.vTaskDelay
                0x0000000000001888       0x58 build_bram/FreeRTOS/Source/tasks.o
                0x0000000000001888                vTaskDelay
 .text.vTaskPlaceOnEventList
                0x00000000000018e0       0x44 build_bram/FreeRTOS/Source/tasks.o
                0x00000000000018e0                vTaskPlaceOnEventList
 .text.vTaskPlaceOnEventListRestricted
                0x0000000000001924       0x74 build_bram/FreeRTOS/Source/tasks.o
                0x0000000000001924                vTaskPlaceOnEventListRestricted
 .text.xTaskRemoveFromEventList
                0x0000000000001998      0x138 build_bram/FreeRTOS/Source/tasks.o
                0x0000000000001998                xTaskRemoveFromEventList
 .text.vTaskInternalSetTimeOutState
                0x0000000000001ad0       0x1c build_bram/FreeRTOS/Source/tasks.o
                0x0000000000001ad0                vTaskInternalSetTimeOutState
 .text.xTaskCheckForTimeOut
                0x0000000000001aec       0xbc build_bram/FreeRTOS/Source/tasks.o
                0x0000000000001aec                xTaskCheckForTimeOut
 .text.vTaskMissedYield
                0x0000000000001ba8       0x10 build_bram/FreeRTOS/Source/tasks.o
                0x0000000000001ba8                vTaskMissedYield
 .text.xTaskGetSchedulerState
                0x0000000000001bb8       0x24 build_bram/FreeRTOS/Source/tasks.o
                0x0000000000001bb8                xTaskGetSchedulerState
 .text.prvIsQueueEmpty
                0x0000000000001bdc       0x20 build_bram/FreeRTOS/Source/queue.o
 .text.prvCopyDataFromQueue
                0x0000000000001bfc       0x38 build_bram/FreeRTOS/Source/queue.o
 .text.prvUnlockQueue
                0x0000000000001c34      0x10c build_bram/FreeRTOS/Source/queue.o
 .text.xQueueGenericReset
                0x0000000000001d40      0x15c build_bram/FreeRTOS/Source/queue.o
                0x0000000000001d40                xQueueGenericReset
 .text.xQueueGenericCreateStatic
                0x0000000000001e9c       0x94 build_bram/FreeRTOS/Source/queue.o
                0x0000000000001e9c                xQueueGenericCreateStatic
 .text.xQueueReceive
                0x0000000000001f30      0x1e0 build_bram/FreeRTOS/Source/queue.o
                0x0000000000001f30                xQueueReceive
 .text.vQueueAddToRegistry
                0x0000000000002110       0x64 build_bram/FreeRTOS/Source/queue.o
                0x0000000000002110                vQueueAddToRegistry
 .text.vQueueWaitForMessageRestricted
                0x0000000000002174       0x78 build_bram/FreeRTOS/Source/queue.o
                0x0000000000002174                vQueueWaitForMessageRestricted
 .text.vListInitialise
                0x00000000000021ec       0x20 build_bram/FreeRTOS/Source/list.o
                0x00000000000021ec                vListInitialise
 .text.vListInitialiseItem
                0x000000000000220c        0x8 build_bram/FreeRTOS/Source/list.o
                0x000000000000220c                vListInitialiseItem
 .text.vListInsertEnd
                0x0000000000002214       0x30 build_bram/FreeRTOS/Source/list.o
                0x0000000000002214                vListInsertEnd
 .text.vListInsert
                0x0000000000002244       0x50 build_bram/FreeRTOS/Source/list.o
                0x0000000000002244                vListInsert
 .text.uxListRemove
                0x0000000000002294       0x34 build_bram/FreeRTOS/Source/list.o
                0x0000000000002294                uxListRemove
 .text.prvCheckForValidListAndQueue
                0x00000000000022c8       0xc4 build_bram/FreeRTOS/Source/timers.o
 .text.prvInsertTimerInActiveList
                0x000000000000238c       0x64 build_bram/FreeRTOS/Source/timers.o
 .text.prvReloadTimer
                0x00000000000023f0       0x6c build_bram/FreeRTOS/Source/timers.o
 .text.prvProcessExpiredTimer
                0x000000000000245c       0x74 build_bram/FreeRTOS/Source/timers.o
 .text.prvSampleTimeNow
                0x00000000000024d0       0xa4 build_bram/FreeRTOS/Source/timers.o
 .text.prvTimerTask
                0x0000000000002574      0x214 build_bram/FreeRTOS/Source/timers.o
 .text.xTimerCreateTimerTask
                0x0000000000002788       0x7c build_bram/FreeRTOS/Source/timers.o
                0x0000000000002788                xTimerCreateTimerTask
 .text.pvPortMalloc
                0x0000000000002804      0x208 build_bram/FreeRTOS/Source/portable/MemMang/heap_4.o
                0x0000000000002804                pvPortMalloc
 .text.vPortFree
                0x0000000000002a0c      0x138 build_bram/FreeRTOS/Source/portable/MemMang/heap_4.o
                0x0000000000002a0c                vPortFree
 .text.xPortGetFreeHeapSize
                0x0000000000002b44        0xc build_bram/FreeRTOS/Source/portable/MemMang/heap_4.o
                0x0000000000002b44                xPortGetFreeHeapSize
 .text.xPortStartScheduler
                0x0000000000002b50       0x40 build_bram/FreeRTOS/Source/portable/GCC/RISC-V/port.o
                0x0000000000002b50                xPortStartScheduler
 *(.gnu.linkonce.t.*)
 *(.freertos_vectors)
 *(.freertos_system_calls)
                0x0000000000002b90                . = ALIGN (0x4)
                0x0000000000002b90                _etext = .

.rodata         0x0000000000002b90      0x7d8
 *(.rodata)
 *(.rodata.*)
 .rodata.vUartEchoTask.str1.4
                0x0000000000002b90       0xf8 build_bram/main.o
                                        0x100 (size before relaxing)
 .rodata.vPerformanceTask.str1.4
                0x0000000000002c88      0x186 build_bram/main.o
 *fill*         0x0000000000002e0e        0x2 
 .rodata.vLedBlinkTask.str1.4
                0x0000000000002e10       0xa9 build_bram/main.o
 *fill*         0x0000000000002eb9        0x3 
 .rodata.vSystemStatusTask.str1.4
                0x0000000000002ebc      0x1b2 build_bram/main.o
 *fill*         0x000000000000306e        0x2 
 .rodata.main.str1.4
                0x0000000000003070      0x2bc build_bram/main.o
                                        0x2c0 (size before relaxing)
 .rodata.vTaskStartScheduler.str1.4
                0x000000000000332c        0x5 build_bram/FreeRTOS/Source/tasks.o
 *fill*         0x0000000000003331        0x3 
 .rodata.prvCheckForValidListAndQueue.str1.4
                0x0000000000003334        0x5 build_bram/FreeRTOS/Source/timers.o
 *fill*         0x0000000000003339        0x3 
 .rodata.prvTimerTask
                0x000000000000333c       0x24 build_bram/FreeRTOS/Source/timers.o
 .rodata.xTimerCreateTimerTask.str1.4
                0x0000000000003360        0x8 build_bram/FreeRTOS/Source/timers.o
 *(.gnu.linkonce.r.*)
 *(.srodata)
 *(.srodata.*)
                0x0000000000003368                . = ALIGN (0x4)
                0x0000000000003368                _erodata = .

.rela.dyn       0x0000000000003368        0x0
 .rela.text.prvInitialiseNewTask.constprop.0
                0x0000000000003368        0x0 build_bram/main.o
 .rela.text.xPortStartScheduler
                0x0000000000003368        0x0 build_bram/main.o
 .rela.init     0x0000000000003368        0x0 build_bram/main.o

.vectors        0x0000000000003368        0x0
                [!provide]                        PROVIDE (__vectors_start = .)
 *(.vectors)
 *(.vectors.*)
                [!provide]                        PROVIDE (__vectors_end = .)
                0x0000000000003368                . = ALIGN (0x4)

.ctors          0x0000000000003368        0x0
                0x0000000000003368                PROVIDE (__ctors_start = .)
 *(.init_array*)
 *(SORT_BY_NAME(.ctors.*))
 *(.ctors)
                0x0000000000003368                PROVIDE (__ctors_end = .)
                0x0000000000003368                . = ALIGN (0x4)
                0x0000000000003368                _sidata = LOADADDR (.data)

.data           0x0000000000006000        0x8 load address 0x0000000000003368
                0x0000000000006000                _sdata = .
                0x0000000000006000                _ram_start = .
 *(.data)
 *(.data.*)
 *(.gnu.linkonce.d.*)
                0x0000000000006000                . = ALIGN (0x8)
                0x0000000000006800                PROVIDE (__global_pointer$ = (. + 0x800))
 *(.sdata)
 *(.sdata.*)
 .sdata.uxTopUsedPriority
                0x0000000000006000        0x4 build_bram/FreeRTOS/Source/tasks.o
 .sdata.xCriticalNesting
                0x0000000000006004        0x4 build_bram/FreeRTOS/Source/portable/GCC/RISC-V/port.o
                0x0000000000006004                xCriticalNesting
 *(.gnu.linkonce.s.*)
                0x0000000000006008                . = ALIGN (0x4)
                0x0000000000006008                _edata = .

.bss            0x0000000000006008     0x48fc load address 0x0000000000003370
                0x0000000000006008                _sbss = .
 *(.bss)
 *(.bss.*)
 .bss.task_switch_times
                0x0000000000006008      0x190 build_bram/main.o
 .bss.uxIdleTaskStack
                0x0000000000006198      0x200 build_bram/main.o
 .bss.uxTimerTaskStack
                0x0000000000006398      0x200 build_bram/main.o
 .bss.xIdleTaskTCB
                0x0000000000006598       0x54 build_bram/main.o
 .bss.xTimerTaskTCB
                0x00000000000065ec       0x54 build_bram/main.o
 .bss.pxReadyTasksLists
                0x0000000000006640       0xa0 build_bram/FreeRTOS/Source/tasks.o
 .bss.xDelayedTaskList1
                0x00000000000066e0       0x14 build_bram/FreeRTOS/Source/tasks.o
 .bss.xDelayedTaskList2
                0x00000000000066f4       0x14 build_bram/FreeRTOS/Source/tasks.o
 .bss.xPendingReadyList
                0x0000000000006708       0x14 build_bram/FreeRTOS/Source/tasks.o
 .bss.xSuspendedTaskList
                0x000000000000671c       0x14 build_bram/FreeRTOS/Source/tasks.o
 .bss.xTasksWaitingTermination
                0x0000000000006730       0x14 build_bram/FreeRTOS/Source/tasks.o
 .bss.xQueueRegistry
                0x0000000000006744       0x40 build_bram/FreeRTOS/Source/queue.o
                0x0000000000006744                xQueueRegistry
 .bss.ucStaticTimerQueueStorage.1
                0x0000000000006784       0xa0 build_bram/FreeRTOS/Source/timers.o
 .bss.xActiveTimerList1
                0x0000000000006824       0x14 build_bram/FreeRTOS/Source/timers.o
 .bss.xActiveTimerList2
                0x0000000000006838       0x14 build_bram/FreeRTOS/Source/timers.o
 .bss.xStaticTimerQueue.0
                0x000000000000684c       0x48 build_bram/FreeRTOS/Source/timers.o
 .bss.ucHeap    0x0000000000006894     0x4000 build_bram/FreeRTOS/Source/portable/MemMang/heap_4.o
 *(.sbss)
 *(.sbss.*)
 .sbss.time_index
                0x000000000000a894        0x1 build_bram/main.o
 *fill*         0x000000000000a895        0x3 
 .sbss.pxCurrentTCB
                0x000000000000a898        0x4 build_bram/FreeRTOS/Source/tasks.o
                0x000000000000a898                pxCurrentTCB
 .sbss.pxDelayedTaskList
                0x000000000000a89c        0x4 build_bram/FreeRTOS/Source/tasks.o
 .sbss.pxOverflowDelayedTaskList
                0x000000000000a8a0        0x4 build_bram/FreeRTOS/Source/tasks.o
 .sbss.uxCurrentNumberOfTasks
                0x000000000000a8a4        0x4 build_bram/FreeRTOS/Source/tasks.o
 .sbss.uxDeletedTasksWaitingCleanUp
                0x000000000000a8a8        0x4 build_bram/FreeRTOS/Source/tasks.o
 .sbss.uxSchedulerSuspended
                0x000000000000a8ac        0x4 build_bram/FreeRTOS/Source/tasks.o
 .sbss.uxTaskNumber
                0x000000000000a8b0        0x4 build_bram/FreeRTOS/Source/tasks.o
 .sbss.uxTopReadyPriority
                0x000000000000a8b4        0x4 build_bram/FreeRTOS/Source/tasks.o
 .sbss.xIdleTaskHandles
                0x000000000000a8b8        0x4 build_bram/FreeRTOS/Source/tasks.o
 .sbss.xNextTaskUnblockTime
                0x000000000000a8bc        0x4 build_bram/FreeRTOS/Source/tasks.o
 .sbss.xNumOfOverflows
                0x000000000000a8c0        0x4 build_bram/FreeRTOS/Source/tasks.o
 .sbss.xPendedTicks
                0x000000000000a8c4        0x4 build_bram/FreeRTOS/Source/tasks.o
 .sbss.xSchedulerRunning
                0x000000000000a8c8        0x4 build_bram/FreeRTOS/Source/tasks.o
 .sbss.xTickCount
                0x000000000000a8cc        0x4 build_bram/FreeRTOS/Source/tasks.o
 .sbss.xYieldPendings
                0x000000000000a8d0        0x4 build_bram/FreeRTOS/Source/tasks.o
 .sbss.pxCurrentTimerList
                0x000000000000a8d4        0x4 build_bram/FreeRTOS/Source/timers.o
 .sbss.pxOverflowTimerList
                0x000000000000a8d8        0x4 build_bram/FreeRTOS/Source/timers.o
 .sbss.xLastTime.2
                0x000000000000a8dc        0x4 build_bram/FreeRTOS/Source/timers.o
 .sbss.xTimerQueue
                0x000000000000a8e0        0x4 build_bram/FreeRTOS/Source/timers.o
 .sbss.xTimerTaskHandle
                0x000000000000a8e4        0x4 build_bram/FreeRTOS/Source/timers.o
 .sbss.pxEnd    0x000000000000a8e8        0x4 build_bram/FreeRTOS/Source/portable/MemMang/heap_4.o
 .sbss.xFreeBytesRemaining
                0x000000000000a8ec        0x4 build_bram/FreeRTOS/Source/portable/MemMang/heap_4.o
 .sbss.xMinimumEverFreeBytesRemaining
                0x000000000000a8f0        0x4 build_bram/FreeRTOS/Source/portable/MemMang/heap_4.o
 .sbss.xNumberOfSuccessfulAllocations
                0x000000000000a8f4        0x4 build_bram/FreeRTOS/Source/portable/MemMang/heap_4.o
 .sbss.xNumberOfSuccessfulFrees
                0x000000000000a8f8        0x4 build_bram/FreeRTOS/Source/portable/MemMang/heap_4.o
 .sbss.xStart   0x000000000000a8fc        0x8 build_bram/FreeRTOS/Source/portable/MemMang/heap_4.o
 *(.gnu.linkonce.sb.*)
 *(.gnu.linkonce.b.*)
 *(COMMON)
                0x000000000000a904                . = ALIGN (0x4)
                0x000000000000a904                _ebss = .
                0x000000000000a904                _end = .
                [!provide]                        PROVIDE (end = .)

.heap           0x000000000000a908     0x1000 load address 0x0000000000003370
                [!provide]                        PROVIDE (__heap_start = .)
                0x000000000000b908                . = (. + _heap_size)
 *fill*         0x000000000000a908     0x1000 
                0x000000000000b908                . = ALIGN (0x8)
                [!provide]                        PROVIDE (__heap_end = .)
                [!provide]                        PROVIDE (__heap_size = _heap_size)

.stack          0x000000000000b910      0x800 load address 0x0000000000003370
                [!provide]                        PROVIDE (_stack_end = .)
                0x000000000000c110                . = (. + _stack_size)
 *fill*         0x000000000000b910      0x800 
                0x000000000000c110                . = ALIGN (0x10)
                [!provide]                        PROVIDE (_stack_start = .)
                0x000000000000c910                PROVIDE (__stack_top = .)

.stack_irq      0x000000000000c110      0x800 load address 0x0000000000003370
                0x000000000000c110                __stack_start = .
                0x000000000000c510                . = (. + 0x400)
 *fill*         0x000000000000c110      0x400 
                0x000000000000c510                __freertos_irq_stack_top = .
                0x000000000000c910                . = (. + 0x400)
 *fill*         0x000000000000c510      0x400 
                0x000000000000c910                __stack_top = .
                [!provide]                        PROVIDE (__bram_start = ORIGIN (BRAM))
                [!provide]                        PROVIDE (__bram_end = (ORIGIN (BRAM) + LENGTH (BRAM)))
                [!provide]                        PROVIDE (__ram_start = ORIGIN (RAM))
                [!provide]                        PROVIDE (__ram_end = (ORIGIN (RAM) + LENGTH (RAM)))
                [!provide]                        PROVIDE (__freertos_heap_start = __heap_start)
                [!provide]                        PROVIDE (__freertos_heap_end = __heap_end)

.debug_info     0x0000000000000000     0x7e6a
 *(.debug_info)
 .debug_info    0x0000000000000000     0x10c3 build_bram/main.o
 .debug_info    0x00000000000010c3      0x11b build_bram/memory.o
 .debug_info    0x00000000000011de     0x2af8 build_bram/FreeRTOS/Source/tasks.o
 .debug_info    0x0000000000003cd6     0x1ee0 build_bram/FreeRTOS/Source/queue.o
 .debug_info    0x0000000000005bb6      0x2b7 build_bram/FreeRTOS/Source/list.o
 .debug_info    0x0000000000005e6d     0x17c7 build_bram/FreeRTOS/Source/timers.o
 .debug_info    0x0000000000007634      0x5a5 build_bram/FreeRTOS/Source/portable/MemMang/heap_4.o
 .debug_info    0x0000000000007bd9      0x223 build_bram/FreeRTOS/Source/portable/GCC/RISC-V/port.o
 .debug_info    0x0000000000007dfc       0x22 build_bram/startup.o
 .debug_info    0x0000000000007e1e       0x26 c:/sysgcc/risc-v/bin/../lib/gcc/riscv64-unknown-elf/10.1.0/rv32i/ilp32\libgcc.a(muldi3.o)
 .debug_info    0x0000000000007e44       0x26 c:/sysgcc/risc-v/bin/../lib/gcc/riscv64-unknown-elf/10.1.0/rv32i/ilp32\libgcc.a(div.o)

.debug_abbrev   0x0000000000000000     0x1489
 *(.debug_abbrev)
 .debug_abbrev  0x0000000000000000      0x2d3 build_bram/main.o
 .debug_abbrev  0x00000000000002d3       0xd3 build_bram/memory.o
 .debug_abbrev  0x00000000000003a6      0x42a build_bram/FreeRTOS/Source/tasks.o
 .debug_abbrev  0x00000000000007d0      0x3d4 build_bram/FreeRTOS/Source/queue.o
 .debug_abbrev  0x0000000000000ba4      0x10a build_bram/FreeRTOS/Source/list.o
 .debug_abbrev  0x0000000000000cae      0x410 build_bram/FreeRTOS/Source/timers.o
 .debug_abbrev  0x00000000000010be      0x295 build_bram/FreeRTOS/Source/portable/MemMang/heap_4.o
 .debug_abbrev  0x0000000000001353       0xfc build_bram/FreeRTOS/Source/portable/GCC/RISC-V/port.o
 .debug_abbrev  0x000000000000144f       0x12 build_bram/startup.o
 .debug_abbrev  0x0000000000001461       0x14 c:/sysgcc/risc-v/bin/../lib/gcc/riscv64-unknown-elf/10.1.0/rv32i/ilp32\libgcc.a(muldi3.o)
 .debug_abbrev  0x0000000000001475       0x14 c:/sysgcc/risc-v/bin/../lib/gcc/riscv64-unknown-elf/10.1.0/rv32i/ilp32\libgcc.a(div.o)

.debug_line     0x0000000000000000     0xda06
 *(.debug_line)
 .debug_line    0x0000000000000000      0xe3c build_bram/main.o
 .debug_line    0x0000000000000e3c      0x12d build_bram/memory.o
 .debug_line    0x0000000000000f69     0x5ee0 build_bram/FreeRTOS/Source/tasks.o
 .debug_line    0x0000000000006e49     0x3a14 build_bram/FreeRTOS/Source/queue.o
 .debug_line    0x000000000000a85d      0x4b5 build_bram/FreeRTOS/Source/list.o
 .debug_line    0x000000000000ad12     0x1a2c build_bram/FreeRTOS/Source/timers.o
 .debug_line    0x000000000000c73e      0xd8b build_bram/FreeRTOS/Source/portable/MemMang/heap_4.o
 .debug_line    0x000000000000d4c9      0x185 build_bram/FreeRTOS/Source/portable/GCC/RISC-V/port.o
 .debug_line    0x000000000000d64e      0x188 build_bram/startup.o
 .debug_line    0x000000000000d7d6       0xad c:/sysgcc/risc-v/bin/../lib/gcc/riscv64-unknown-elf/10.1.0/rv32i/ilp32\libgcc.a(muldi3.o)
 .debug_line    0x000000000000d883      0x183 c:/sysgcc/risc-v/bin/../lib/gcc/riscv64-unknown-elf/10.1.0/rv32i/ilp32\libgcc.a(div.o)

.debug_frame    0x0000000000000000     0x12c4
 *(.debug_frame)
 .debug_frame   0x0000000000000000      0x230 build_bram/main.o
 .debug_frame   0x0000000000000230       0x30 build_bram/memory.o
 .debug_frame   0x0000000000000260      0x72c build_bram/FreeRTOS/Source/tasks.o
 .debug_frame   0x000000000000098c      0x4b0 build_bram/FreeRTOS/Source/queue.o
 .debug_frame   0x0000000000000e3c       0x60 build_bram/FreeRTOS/Source/list.o
 .debug_frame   0x0000000000000e9c      0x2d0 build_bram/FreeRTOS/Source/timers.o
 .debug_frame   0x000000000000116c      0x11c build_bram/FreeRTOS/Source/portable/MemMang/heap_4.o
 .debug_frame   0x0000000000001288       0x3c build_bram/FreeRTOS/Source/portable/GCC/RISC-V/port.o

.debug_str      0x0000000000000000     0x267e
 *(.debug_str)
 .debug_str     0x0000000000000000      0x573 build_bram/main.o
                                        0x5ce (size before relaxing)
 .debug_str     0x0000000000000573       0x23 build_bram/memory.o
                                        0x10e (size before relaxing)
 .debug_str     0x0000000000000596      0xe9e build_bram/FreeRTOS/Source/tasks.o
                                       0x1249 (size before relaxing)
 .debug_str     0x0000000000001434      0x72f build_bram/FreeRTOS/Source/queue.o
                                        0xc5e (size before relaxing)
 .debug_str     0x0000000000001b63       0x58 build_bram/FreeRTOS/Source/list.o
                                        0x2aa (size before relaxing)
 .debug_str     0x0000000000001bbb      0x5a8 build_bram/FreeRTOS/Source/timers.o
                                        0xbd2 (size before relaxing)
 .debug_str     0x0000000000002163      0x2fa build_bram/FreeRTOS/Source/portable/MemMang/heap_4.o
                                        0x4f9 (size before relaxing)
 .debug_str     0x000000000000245d      0x10f build_bram/FreeRTOS/Source/portable/GCC/RISC-V/port.o
                                        0x2e1 (size before relaxing)
 .debug_str     0x000000000000256c       0x16 build_bram/startup.o
                                         0x48 (size before relaxing)
 .debug_str     0x0000000000002582       0xb2 c:/sysgcc/risc-v/bin/../lib/gcc/riscv64-unknown-elf/10.1.0/rv32i/ilp32\libgcc.a(muldi3.o)
                                         0xbe (size before relaxing)
 .debug_str     0x0000000000002634       0x4a c:/sysgcc/risc-v/bin/../lib/gcc/riscv64-unknown-elf/10.1.0/rv32i/ilp32\libgcc.a(div.o)
                                         0xbb (size before relaxing)

.debug_aranges  0x0000000000000000      0x5f8
 *(.debug_aranges)
 .debug_aranges
                0x0000000000000000       0x90 build_bram/main.o
 .debug_aranges
                0x0000000000000090       0x28 build_bram/memory.o
 .debug_aranges
                0x00000000000000b8      0x1f0 build_bram/FreeRTOS/Source/tasks.o
 .debug_aranges
                0x00000000000002a8      0x138 build_bram/FreeRTOS/Source/queue.o
 .debug_aranges
                0x00000000000003e0       0x40 build_bram/FreeRTOS/Source/list.o
 .debug_aranges
                0x0000000000000420       0xe0 build_bram/FreeRTOS/Source/timers.o
 .debug_aranges
                0x0000000000000500       0x60 build_bram/FreeRTOS/Source/portable/MemMang/heap_4.o
 .debug_aranges
                0x0000000000000560       0x28 build_bram/FreeRTOS/Source/portable/GCC/RISC-V/port.o
 .debug_aranges
                0x0000000000000588       0x30 build_bram/startup.o
 .debug_aranges
                0x00000000000005b8       0x20 c:/sysgcc/risc-v/bin/../lib/gcc/riscv64-unknown-elf/10.1.0/rv32i/ilp32\libgcc.a(muldi3.o)
 .debug_aranges
                0x00000000000005d8       0x20 c:/sysgcc/risc-v/bin/../lib/gcc/riscv64-unknown-elf/10.1.0/rv32i/ilp32\libgcc.a(div.o)

.debug_ranges   0x0000000000000000      0xba8
 *(.debug_ranges)
 .debug_ranges  0x0000000000000000       0xb8 build_bram/main.o
 .debug_ranges  0x00000000000000b8       0x18 build_bram/memory.o
 .debug_ranges  0x00000000000000d0      0x5c8 build_bram/FreeRTOS/Source/tasks.o
 .debug_ranges  0x0000000000000698      0x2c0 build_bram/FreeRTOS/Source/queue.o
 .debug_ranges  0x0000000000000958       0x30 build_bram/FreeRTOS/Source/list.o
 .debug_ranges  0x0000000000000988      0x190 build_bram/FreeRTOS/Source/timers.o
 .debug_ranges  0x0000000000000b18       0x50 build_bram/FreeRTOS/Source/portable/MemMang/heap_4.o
 .debug_ranges  0x0000000000000b68       0x18 build_bram/FreeRTOS/Source/portable/GCC/RISC-V/port.o
 .debug_ranges  0x0000000000000b80       0x28 build_bram/startup.o

/DISCARD/
 *(.note.GNU-stack)
 *(.gnu_debuglink)
 *(.gnu.lto_*)
OUTPUT(build_bram/freertos_tang_nano.elf elf32-littleriscv)

.debug_loc      0x0000000000000000     0x52b2
 .debug_loc     0x0000000000000000      0x3b8 build_bram/main.o
 .debug_loc     0x00000000000003b8      0x126 build_bram/memory.o
 .debug_loc     0x00000000000004de     0x2134 build_bram/FreeRTOS/Source/tasks.o
 .debug_loc     0x0000000000002612     0x18b1 build_bram/FreeRTOS/Source/queue.o
 .debug_loc     0x0000000000003ec3       0x75 build_bram/FreeRTOS/Source/list.o
 .debug_loc     0x0000000000003f38      0xea7 build_bram/FreeRTOS/Source/timers.o
 .debug_loc     0x0000000000004ddf      0x4d3 build_bram/FreeRTOS/Source/portable/MemMang/heap_4.o

.comment        0x0000000000000000       0x12
 .comment       0x0000000000000000       0x12 build_bram/main.o
                                         0x13 (size before relaxing)
 .comment       0x0000000000000012       0x13 build_bram/memory.o
 .comment       0x0000000000000012       0x13 build_bram/FreeRTOS/Source/tasks.o
 .comment       0x0000000000000012       0x13 build_bram/FreeRTOS/Source/queue.o
 .comment       0x0000000000000012       0x13 build_bram/FreeRTOS/Source/list.o
 .comment       0x0000000000000012       0x13 build_bram/FreeRTOS/Source/timers.o
 .comment       0x0000000000000012       0x13 build_bram/FreeRTOS/Source/portable/MemMang/heap_4.o
 .comment       0x0000000000000012       0x13 build_bram/FreeRTOS/Source/portable/GCC/RISC-V/port.o

.riscv.attributes
                0x0000000000000000       0x1c
 .riscv.attributes
                0x0000000000000000       0x1c build_bram/main.o
 .riscv.attributes
                0x000000000000001c       0x1c build_bram/memory.o
 .riscv.attributes
                0x0000000000000038       0x1c build_bram/FreeRTOS/Source/tasks.o
 .riscv.attributes
                0x0000000000000054       0x1c build_bram/FreeRTOS/Source/queue.o
 .riscv.attributes
                0x0000000000000070       0x1c build_bram/FreeRTOS/Source/list.o
 .riscv.attributes
                0x000000000000008c       0x1c build_bram/FreeRTOS/Source/timers.o
 .riscv.attributes
                0x00000000000000a8       0x1c build_bram/FreeRTOS/Source/portable/MemMang/heap_4.o
 .riscv.attributes
                0x00000000000000c4       0x1c build_bram/FreeRTOS/Source/portable/GCC/RISC-V/port.o
 .riscv.attributes
                0x00000000000000e0       0x1a build_bram/startup.o
 .riscv.attributes
                0x00000000000000fa       0x1a c:/sysgcc/risc-v/bin/../lib/gcc/riscv64-unknown-elf/10.1.0/rv32i/ilp32\libgcc.a(muldi3.o)
 .riscv.attributes
                0x0000000000000114       0x1a c:/sysgcc/risc-v/bin/../lib/gcc/riscv64-unknown-elf/10.1.0/rv32i/ilp32\libgcc.a(div.o)
