Archive member included to satisfy reference by file (symbol)

c:/sysgcc/risc-v/bin/../lib/gcc/riscv64-unknown-elf/10.1.0/rv32imac/ilp32\libgcc.a(_clzsi2.o)
                              ./output/tasks.o (__clzsi2)
c:/sysgcc/risc-v/bin/../lib/gcc/riscv64-unknown-elf/10.1.0/rv32imac/ilp32\libgcc.a(_divdi3.o)
                              ./output/scheduler_validation_demo.o (__divdi3)
c:/sysgcc/risc-v/bin/../lib/gcc/riscv64-unknown-elf/10.1.0/rv32imac/ilp32\libgcc.a(_udivdi3.o)
                              ./output/scheduler_validation_demo.o (__udivdi3)
c:/sysgcc/risc-v/bin/../lib/gcc/riscv64-unknown-elf/10.1.0/rv32imac/ilp32\libgcc.a(_umoddi3.o)
                              ./output/scheduler_validation_demo.o (__umoddi3)
c:/sysgcc/risc-v/bin/../lib/gcc/riscv64-unknown-elf/10.1.0/rv32imac/ilp32\libgcc.a(addsf3.o)
                              ./output/scheduler_validation_demo.o (__addsf3)
c:/sysgcc/risc-v/bin/../lib/gcc/riscv64-unknown-elf/10.1.0/rv32imac/ilp32\libgcc.a(divsf3.o)
                              ./output/scheduler_validation_demo.o (__divsf3)
c:/sysgcc/risc-v/bin/../lib/gcc/riscv64-unknown-elf/10.1.0/rv32imac/ilp32\libgcc.a(gesf2.o)
                              ./output/scheduler_validation_demo.o (__gtsf2)
c:/sysgcc/risc-v/bin/../lib/gcc/riscv64-unknown-elf/10.1.0/rv32imac/ilp32\libgcc.a(lesf2.o)
                              ./output/scheduler_validation_demo.o (__lesf2)
c:/sysgcc/risc-v/bin/../lib/gcc/riscv64-unknown-elf/10.1.0/rv32imac/ilp32\libgcc.a(mulsf3.o)
                              ./output/scheduler_validation_demo.o (__mulsf3)
c:/sysgcc/risc-v/bin/../lib/gcc/riscv64-unknown-elf/10.1.0/rv32imac/ilp32\libgcc.a(fixunssfsi.o)
                              ./output/scheduler_validation_demo.o (__fixunssfsi)
c:/sysgcc/risc-v/bin/../lib/gcc/riscv64-unknown-elf/10.1.0/rv32imac/ilp32\libgcc.a(floatunsisf.o)
                              ./output/scheduler_validation_demo.o (__floatunsisf)
c:/sysgcc/risc-v/bin/../lib/gcc/riscv64-unknown-elf/10.1.0/rv32imac/ilp32\libgcc.a(_clz.o)
                              c:/sysgcc/risc-v/bin/../lib/gcc/riscv64-unknown-elf/10.1.0/rv32imac/ilp32\libgcc.a(_clzsi2.o) (__clz_tab)
c:/sysgcc/risc-v/bin/../lib/gcc/riscv64-unknown-elf/10.1.0/../../../../riscv64-unknown-elf/lib/rv32imac/ilp32\libc.a(lib_a-memcpy.o)
                              ./output/queue.o (memcpy)
c:/sysgcc/risc-v/bin/../lib/gcc/riscv64-unknown-elf/10.1.0/../../../../riscv64-unknown-elf/lib/rv32imac/ilp32\libc.a(lib_a-memset.o)
                              ./output/tasks.o (memset)
c:/sysgcc/risc-v/bin/../lib/gcc/riscv64-unknown-elf/10.1.0/../../../../riscv64-unknown-elf/lib/rv32imac/ilp32\libc.a(lib_a-rand.o)
                              ./output/interrupt_io_demo.o (rand)
c:/sysgcc/risc-v/bin/../lib/gcc/riscv64-unknown-elf/10.1.0/../../../../riscv64-unknown-elf/lib/rv32imac/ilp32\libc.a(lib_a-strcpy.o)
                              ./output/scheduler_validation_demo.o (strcpy)
c:/sysgcc/risc-v/bin/../lib/gcc/riscv64-unknown-elf/10.1.0/../../../../riscv64-unknown-elf/lib/rv32imac/ilp32\libc.a(lib_a-strlen.o)
                              ./output/tasks.o (strlen)
c:/sysgcc/risc-v/bin/../lib/gcc/riscv64-unknown-elf/10.1.0/../../../../riscv64-unknown-elf/lib/rv32imac/ilp32\libc.a(lib_a-impure.o)
                              c:/sysgcc/risc-v/bin/../lib/gcc/riscv64-unknown-elf/10.1.0/../../../../riscv64-unknown-elf/lib/rv32imac/ilp32\libc.a(lib_a-rand.o) (_impure_ptr)

Discarded input sections

 .group         0x0000000000000000        0xc ./output/tasks.o
 .group         0x0000000000000000        0xc ./output/tasks.o
 .group         0x0000000000000000        0xc ./output/tasks.o
 .group         0x0000000000000000        0xc ./output/tasks.o
 .group         0x0000000000000000        0xc ./output/tasks.o
 .group         0x0000000000000000        0xc ./output/tasks.o
 .group         0x0000000000000000        0xc ./output/tasks.o
 .group         0x0000000000000000        0xc ./output/tasks.o
 .group         0x0000000000000000        0xc ./output/tasks.o
 .group         0x0000000000000000        0xc ./output/tasks.o
 .group         0x0000000000000000        0xc ./output/tasks.o
 .group         0x0000000000000000        0xc ./output/tasks.o
 .group         0x0000000000000000        0xc ./output/tasks.o
 .group         0x0000000000000000        0xc ./output/tasks.o
 .group         0x0000000000000000        0xc ./output/tasks.o
 .group         0x0000000000000000        0xc ./output/tasks.o
 .group         0x0000000000000000        0xc ./output/tasks.o
 .group         0x0000000000000000        0xc ./output/tasks.o
 .group         0x0000000000000000        0xc ./output/tasks.o
 .group         0x0000000000000000        0xc ./output/tasks.o
 .group         0x0000000000000000        0xc ./output/tasks.o
 .group         0x0000000000000000        0xc ./output/tasks.o
 .group         0x0000000000000000        0xc ./output/tasks.o
 .group         0x0000000000000000        0xc ./output/tasks.o
[...]
Memory Configuration

Name             Origin             Length             Attributes
rom              0x0000000080000000 0x0000000000080000 axr
ram              0x0000000080080000 0x0000000000100000 axw
*default*        0x0000000000000000 0xffffffffffffffff

Linker script and memory map

LOAD ./output/tasks.o
LOAD ./output/list.o
LOAD ./output/queue.o
LOAD ./output/timers.o
LOAD ./output/event_groups.o
LOAD ./output/stream_buffer.o
LOAD ./output/heap_4.o
LOAD ./output/port.o
LOAD ./output/main.o
LOAD ./output/test_manager.o
LOAD ./output/riscv-virt.o
LOAD ./output/ns16550.o
LOAD ./output/scheduler_validation_demo.o
LOAD ./output/queue_communication_demo.o
LOAD ./output/interrupt_io_demo.o
LOAD ./output/test_context_switch.o
LOAD ./output/test_memory_allocation.o
LOAD ./output/semaphore_mutex_test.o
LOAD ./output/test_ipc_performance.o
LOAD ./output/test_interrupt_latency.o
LOAD ./output/test_suite.o
LOAD ./output/queue_test.o
LOAD ./output/printf-stdarg.o
LOAD ./output/syscalls.o
LOAD ./output/start.o
LOAD ./output/vector.o
LOAD ./output/RegTest.o
LOAD ./output/portASM.o
                0x0000000000000160                __stack_size = 0x160
START GROUP
END GROUP
LOAD c:/sysgcc/risc-v/bin/../lib/gcc/riscv64-unknown-elf/10.1.0/rv32imac/ilp32\libgcc.a
START GROUP
LOAD c:/sysgcc/risc-v/bin/../lib/gcc/riscv64-unknown-elf/10.1.0/../../../../riscv64-unknown-elf/lib/rv32imac/ilp32\libc.a
LOAD c:/sysgcc/risc-v/bin/../lib/gcc/riscv64-unknown-elf/10.1.0/../../../../riscv64-unknown-elf/lib/rv32imac/ilp32\libgloss.a
END GROUP
LOAD c:/sysgcc/risc-v/bin/../lib/gcc/riscv64-unknown-elf/10.1.0/rv32imac/ilp32\libgcc.a
                0x0000000000000160                __stack_size = DEFINED (__stack_size)?__stack_size:0x2000

.init           0x0000000080000000       0x76
                0x0000000080000000                _text = .
 *(SORT_NONE(.init))
 .init          0x0000000080000000       0x76 ./output/start.o
                0x0000000080000000                _start

.text           0x0000000080000080     0x415c
 *(.text.unlikely .text.unlikely.*)
 *(.text.startup .text.startup.*)
 .text.startup.main
                0x0000000080000080       0x14 ./output/main.o
                0x0000000080000080                main
 *(.text .text.*)
 .text.prvAddNewTaskToReadyList
                0x0000000080000094      0x13e ./output/tasks.o
 .text.prvAddCurrentTaskToDelayedList
                0x00000000800001d2       0xe2 ./output/tasks.o
 .text.prvResetNextTaskUnblockTime
                0x00000000800002b4       0x24 ./output/tasks.o
 .text.prvDeleteTCB
                0x00000000800002d8       0x40 ./output/tasks.o
 .text.prvCheckTasksWaitingTermination
                0x0000000080000318       0x7a ./output/tasks.o
 .text.prvIdleTask
                0x0000000080000392        0x8 ./output/tasks.o
 .text.prvInitialiseNewTask.constprop.0
                0x000000008000039a       0xc6 ./output/tasks.o
 .text.xTaskCreateStatic
                0x0000000080000460       0xa6 ./output/tasks.o
                0x0000000080000460                xTaskCreateStatic
 .text.xTaskCreate
                0x0000000080000506       0x7a ./output/tasks.o
                0x0000000080000506                xTaskCreate
 .text.vTaskDelete
                0x0000000080000580      0x12a ./output/tasks.o
                0x0000000080000580                vTaskDelete
 .text.vTaskStartScheduler
                0x00000000800006aa       0xaa ./output/tasks.o
                0x00000000800006aa                vTaskStartScheduler
 .text.vTaskSuspendAll
                0x0000000080000754       0x10 ./output/tasks.o
                0x0000000080000754                vTaskSuspendAll
 .text.xTaskGetTickCount
                0x0000000080000764        0xa ./output/tasks.o
                0x0000000080000764                xTaskGetTickCount
 .text.xTaskGetTickCountFromISR
                0x000000008000076e        0xa ./output/tasks.o
                0x000000008000076e                xTaskGetTickCountFromISR
 .text.uxTaskGetNumberOfTasks
                0x0000000080000778        0xa ./output/tasks.o
                0x0000000080000778                uxTaskGetNumberOfTasks
 .text.xTaskIncrementTick
                0x0000000080000782      0x1bc ./output/tasks.o
                0x0000000080000782                xTaskIncrementTick
 .text.xTaskResumeAll
                0x000000008000093e      0x176 ./output/tasks.o
                0x000000008000093e                xTaskResumeAll
 .text.vTaskDelay
                0x0000000080000ab4       0x4a ./output/tasks.o
                0x0000000080000ab4                vTaskDelay
 .text.vTaskSwitchContext
                0x0000000080000afe       0xde ./output/tasks.o
                0x0000000080000afe                vTaskSwitchContext
 .text.vTaskPlaceOnEventList
                0x0000000080000bdc       0x3e ./output/tasks.o
                0x0000000080000bdc                vTaskPlaceOnEventList
 .text.vTaskPlaceOnEventListRestricted
                0x0000000080000c1a       0x68 ./output/tasks.o
                0x0000000080000c1a                vTaskPlaceOnEventListRestricted
 .text.xTaskRemoveFromEventList
                0x0000000080000c82       0xd8 ./output/tasks.o
                0x0000000080000c82                xTaskRemoveFromEventList
 .text.vTaskInternalSetTimeOutState
                0x0000000080000d5a       0x16 ./output/tasks.o
                0x0000000080000d5a                vTaskInternalSetTimeOutState
 .text.xTaskCheckForTimeOut
                0x0000000080000d70       0xc2 ./output/tasks.o
                0x0000000080000d70                xTaskCheckForTimeOut
 .text.vTaskMissedYield
                0x0000000080000e32        0xc ./output/tasks.o
                0x0000000080000e32                vTaskMissedYield
 .text.xTaskGetSchedulerState
                0x0000000080000e3e       0x1c ./output/tasks.o
                0x0000000080000e3e                xTaskGetSchedulerState
 .text.xTaskPriorityInherit
                0x0000000080000e5a       0xd2 ./output/tasks.o
                0x0000000080000e5a                xTaskPriorityInherit
 .text.xTaskPriorityDisinherit
                0x0000000080000f2c       0xc0 ./output/tasks.o
                0x0000000080000f2c                xTaskPriorityDisinherit
 .text.vTaskPriorityDisinheritAfterTimeout
                0x0000000080000fec       0xe2 ./output/tasks.o
                0x0000000080000fec                vTaskPriorityDisinheritAfterTimeout
 .text.pvTaskIncrementMutexHeldCount
                0x00000000800010ce       0x12 ./output/tasks.o
                0x00000000800010ce                pvTaskIncrementMutexHeldCount
 .text.vListInitialise
                0x00000000800010e0       0x14 ./output/list.o
                0x00000000800010e0                vListInitialise
 .text.vListInitialiseItem
                0x00000000800010f4        0x6 ./output/list.o
                0x00000000800010f4                vListInitialiseItem
 .text.vListInsertEnd
                0x00000000800010fa       0x18 ./output/list.o
                0x00000000800010fa                vListInsertEnd
 .text.vListInsert
                0x0000000080001112       0x2e ./output/list.o
                0x0000000080001112                vListInsert
 .text.uxListRemove
                0x0000000080001140       0x1e ./output/list.o
                0x0000000080001140                uxListRemove
 .text.prvIsQueueEmpty
                0x000000008000115e       0x16 ./output/queue.o
 .text.prvCopyDataToQueue
                0x0000000080001174       0x88 ./output/queue.o
 .text.prvCopyDataFromQueue
                0x00000000800011fc       0x20 ./output/queue.o
 .text.prvNotifyQueueSetContainer
                0x000000008000121c       0xb2 ./output/queue.o
 .text.prvUnlockQueue
                0x00000000800012ce       0xc2 ./output/queue.o
 .text.xQueueGenericReset
                0x0000000080001390       0xb0 ./output/queue.o
                0x0000000080001390                xQueueGenericReset
 .text.xQueueGenericCreateStatic
                0x0000000080001440       0x9a ./output/queue.o
                0x0000000080001440                xQueueGenericCreateStatic
 .text.xQueueGenericCreate
                0x00000000800014da       0x78 ./output/queue.o
                0x00000000800014da                xQueueGenericCreate
 .text.xQueueGenericSend
                0x0000000080001552      0x1a6 ./output/queue.o
                0x0000000080001552                xQueueGenericSend
 .text.xQueueCreateMutex
                0x00000000800016f8       0x30 ./output/queue.o
                0x00000000800016f8                xQueueCreateMutex
 .text.xQueueGenericSendFromISR
                0x0000000080001728      0x104 ./output/queue.o
                0x0000000080001728                xQueueGenericSendFromISR
 .text.xQueueGiveFromISR
                0x000000008000182c       0xd0 ./output/queue.o
                0x000000008000182c                xQueueGiveFromISR
 .text.xQueueReceive
                0x00000000800018fc      0x16a ./output/queue.o
                0x00000000800018fc                xQueueReceive
 .text.xQueueSemaphoreTake
                0x0000000080001a66      0x1ba ./output/queue.o
                0x0000000080001a66                xQueueSemaphoreTake
 .text.uxQueueMessagesWaiting
                0x0000000080001c20       0x34 ./output/queue.o
                0x0000000080001c20                uxQueueMessagesWaiting
 .text.vQueueAddToRegistry
                0x0000000080001c54       0x5e ./output/queue.o
                0x0000000080001c54                vQueueAddToRegistry
 .text.vQueueWaitForMessageRestricted
                0x0000000080001cb2       0x52 ./output/queue.o
                0x0000000080001cb2                vQueueWaitForMessageRestricted
 .text.prvCheckForValidListAndQueue
                0x0000000080001d04       0x8e ./output/timers.o
 .text.prvInsertTimerInActiveList
                0x0000000080001d92       0x48 ./output/timers.o
 .text.prvReloadTimer
                0x0000000080001dda       0x36 ./output/timers.o
 .text.prvProcessExpiredTimer
                0x0000000080001e10       0x48 ./output/timers.o
 .text.prvSampleTimeNow
                0x0000000080001e58       0x68 ./output/timers.o
 .text.prvTimerTask
                0x0000000080001ec0      0x164 ./output/timers.o
 .text.xTimerCreateTimerTask
                0x0000000080002024       0x5e ./output/timers.o
                0x0000000080002024                xTimerCreateTimerTask
 .text.xTimerCreate
                0x0000000080002082       0x76 ./output/timers.o
                0x0000000080002082                xTimerCreate
 .text.xTimerGenericCommandFromTask
                0x00000000800020f8       0x62 ./output/timers.o
                0x00000000800020f8                xTimerGenericCommandFromTask
 .text.pvPortMalloc
                0x000000008000215a      0x1fa ./output/heap_4.o
                0x000000008000215a                pvPortMalloc
 .text.vPortFree
                0x0000000080002354      0x132 ./output/heap_4.o
                0x0000000080002354                vPortFree
 .text.vPortSetupTimerInterrupt
                0x0000000080002486       0x5c ./output/port.o
                0x0000000080002486                vPortSetupTimerInterrupt
 .text.xPortStartScheduler
                0x00000000800024e2       0x30 ./output/port.o
                0x00000000800024e2                xPortStartScheduler
 .text.run_demo_applications
                0x0000000080002512       0x18 ./output/main.o
                0x0000000080002512                run_demo_applications
 .text.vApplicationMallocFailedHook
                0x000000008000252a       0x16 ./output/main.o
                0x000000008000252a                vApplicationMallocFailedHook
 .text.vApplicationStackOverflowHook
                0x0000000080002540       0x16 ./output/main.o
                0x0000000080002540                vApplicationStackOverflowHook
 .text.vApplicationTickHook
                0x0000000080002556        0x2 ./output/main.o
                0x0000000080002556                vApplicationTickHook
 .text.vAssertCalled
                0x0000000080002558       0x42 ./output/main.o
                0x0000000080002558                vAssertCalled
 .text.vApplicationGetIdleTaskMemory
                0x000000008000259a       0x1c ./output/main.o
                0x000000008000259a                vApplicationGetIdleTaskMemory
 .text.vApplicationGetTimerTaskMemory
                0x00000000800025b6       0x1c ./output/main.o
                0x00000000800025b6                vApplicationGetTimerTaskMemory
 .text.print_uint32
                0x00000000800025d2       0x50 ./output/riscv-virt.o
                0x00000000800025d2                print_uint32
 .text.vOutNS16550
                0x0000000080002622       0x14 ./output/ns16550.o
                0x0000000080002622                vOutNS16550
 .text.force_system_exit
                0x0000000080002636       0xb6 ./output/interrupt_io_demo.o
                0x0000000080002636                force_system_exit
 .text.should_terminate_demo
                0x00000000800026ec       0x4c ./output/interrupt_io_demo.o
                0x00000000800026ec                should_terminate_demo
 .text.vTimerHandlerTask
                0x0000000080002738       0x6e ./output/interrupt_io_demo.o
                0x0000000080002738                vTimerHandlerTask
 .text.calculate_system_load
                0x00000000800027a6       0xcc ./output/interrupt_io_demo.o
                0x00000000800027a6                calculate_system_load
 .text.vAdaptiveTimerCallback
                0x0000000080002872       0xf2 ./output/interrupt_io_demo.o
                0x0000000080002872                vAdaptiveTimerCallback
 .text.vInterruptMonitorTask
                0x0000000080002964      0x36a ./output/interrupt_io_demo.o
                0x0000000080002964                vInterruptMonitorTask
 .text.calculate_adaptive_deadline
                0x0000000080002cce       0xc4 ./output/interrupt_io_demo.o
                0x0000000080002cce                calculate_adaptive_deadline
 .text.vCriticalInterruptCallback
                0x0000000080002d92       0xda ./output/interrupt_io_demo.o
                0x0000000080002d92                vCriticalInterruptCallback
 .text.vInterruptSimulationCallback
                0x0000000080002e6c      0x126 ./output/interrupt_io_demo.o
                0x0000000080002e6c                vInterruptSimulationCallback
 .text.vIOSimulationTask
                0x0000000080002f92      0x126 ./output/interrupt_io_demo.o
                0x0000000080002f92                vIOSimulationTask
 .text.optimize_processing_complexity
                0x00000000800030b8       0x78 ./output/interrupt_io_demo.o
                0x00000000800030b8                optimize_processing_complexity
 .text.vPeriodicTimerCallback
                0x0000000080003130       0x92 ./output/interrupt_io_demo.o
                0x0000000080003130                vPeriodicTimerCallback
 .text.vInterruptHandlerTask
                0x00000000800031c2      0x240 ./output/interrupt_io_demo.o
                0x00000000800031c2                vInterruptHandlerTask
 .text.start_interrupt_driven_io_demo
                0x0000000080003402      0x33a ./output/interrupt_io_demo.o
                0x0000000080003402                start_interrupt_driven_io_demo
 .text.printchar
                0x000000008000373c       0x24 ./output/printf-stdarg.o
 .text.prints   0x0000000080003760       0xbc ./output/printf-stdarg.o
 .text.printi   0x000000008000381c       0xbc ./output/printf-stdarg.o
 .text.tiny_print
                0x00000000800038d8      0x188 ./output/printf-stdarg.o
 .text.printf   0x0000000080003a60       0x26 ./output/printf-stdarg.o
                0x0000000080003a60                printf
 *fill*         0x0000000080003a86       0x7a 
 .text          0x0000000080003b00       0x80 ./output/vector.o
                0x0000000080003b00                freertos_vector_table
 .text          0x0000000080003b80       0xc0 ./output/portASM.o
                0x0000000080003b80                pxPortInitialiseStack
                0x0000000080003bc6                xPortStartFirstTask
                0x0000000080003c24                freertos_risc_v_application_exception_handler
                0x0000000080003c32                freertos_risc_v_application_interrupt_handler
 .text.freertos_risc_v_exception_handler
                0x0000000080003c40      0x13e ./output/portASM.o
                0x0000000080003c40                freertos_risc_v_exception_handler
 .text.freertos_risc_v_interrupt_handler
                0x0000000080003d7e       0xcc ./output/portASM.o
                0x0000000080003d7e                freertos_risc_v_interrupt_handler
 .text.freertos_risc_v_mtimer_interrupt_handler
                0x0000000080003e4a      0x100 ./output/portASM.o
                0x0000000080003e4a                freertos_risc_v_mtimer_interrupt_handler
 .text          0x0000000080003f4a       0x3c c:/sysgcc/risc-v/bin/../lib/gcc/riscv64-unknown-elf/10.1.0/rv32imac/ilp32\libgcc.a(_clzsi2.o)
                0x0000000080003f4a                __clzsi2
 .text          0x0000000080003f86       0xde c:/sysgcc/risc-v/bin/../lib/gcc/riscv64-unknown-elf/10.1.0/../../../../riscv64-unknown-elf/lib/rv32imac/ilp32\libc.a(lib_a-memcpy.o)
                0x0000000080003f86                memcpy
 .text          0x0000000080004064       0xa8 c:/sysgcc/risc-v/bin/../lib/gcc/riscv64-unknown-elf/10.1.0/../../../../riscv64-unknown-elf/lib/rv32imac/ilp32\libc.a(lib_a-memset.o)
                0x0000000080004064                memset
 .text          0x000000008000410c       0x58 c:/sysgcc/risc-v/bin/../lib/gcc/riscv64-unknown-elf/10.1.0/../../../../riscv64-unknown-elf/lib/rv32imac/ilp32\libc.a(lib_a-rand.o)
                0x000000008000410c                srand
                0x000000008000411a                rand
 .text          0x0000000080004164       0x78 c:/sysgcc/risc-v/bin/../lib/gcc/riscv64-unknown-elf/10.1.0/../../../../riscv64-unknown-elf/lib/rv32imac/ilp32\libc.a(lib_a-strcpy.o)
                0x0000000080004164                strcpy
 *(.gnu.linkonce.t.*)

.fini           0x00000000800041dc        0x0
 *(SORT_NONE(.fini))
                0x00000000800041dc                _etext = .

.rodata.align   0x00000000800041dc        0x0
                0x00000000800041dc                _rodata = .

.rodata.start   0x00000000800041dc        0x0
                0x00000000800041dc                _rodata_lma = LOADADDR (.rodata.start)

.rodata         0x00000000800041dc      0xe48
 *(.rdata)
 *(.rodata .rodata.*)
 .rodata.prvTaskIsTaskSuspended.str1.4
                0x00000000800041dc       0x1b ./output/tasks.o
 *fill*         0x00000000800041f7        0x1 
 .rodata.vTaskStartScheduler.str1.4
                0x00000000800041f8        0x5 ./output/tasks.o
 *fill*         0x00000000800041fd        0x3 
 .rodata.prvNotifyQueueSetContainer.str1.4
                0x0000000080004200       0x1b ./output/queue.o
 *fill*         0x000000008000421b        0x1 
 .rodata.prvCheckForValidListAndQueue.str1.4
                0x000000008000421c        0x5 ./output/timers.o
 *fill*         0x0000000080004221        0x3 
 .rodata.prvTimerTask.str1.4
                0x0000000080004224       0x1c ./output/timers.o
 .rodata.prvTimerTask
                0x0000000080004240       0x24 ./output/timers.o
 .rodata.xTimerCreateTimerTask.str1.4
                0x0000000080004264        0x8 ./output/timers.o
 .rodata.pvPortMalloc.str1.4
                0x000000008000426c       0x2d ./output/heap_4.o
 *fill*         0x0000000080004299        0x3 
 .rodata.run_demo_applications.str1.4
                0x000000008000429c       0x32 ./output/main.o
 *fill*         0x00000000800042ce        0x2 
 .rodata.vApplicationMallocFailedHook.str1.4
                0x00000000800042d0       0x14 ./output/main.o
 .rodata.vApplicationStackOverflowHook.str1.4
                0x00000000800042e4       0x1b ./output/main.o
 *fill*         0x00000000800042ff        0x1 
 .rodata.vAssertCalled.str1.4
                0x0000000080004300       0x1b ./output/main.o
 *fill*         0x000000008000431b        0x1 
 .rodata.force_system_exit.str1.4
                0x000000008000431c      0x115 ./output/interrupt_io_demo.o
 *fill*         0x0000000080004431        0x3 
 .rodata.vTimerHandlerTask.str1.4
                0x0000000080004434       0x5d ./output/interrupt_io_demo.o
 *fill*         0x0000000080004491        0x3 
 .rodata.vAdaptiveTimerCallback.str1.4
                0x0000000080004494       0x31 ./output/interrupt_io_demo.o
 *fill*         0x00000000800044c5        0x3 
 .rodata.vInterruptMonitorTask.str1.4
                0x00000000800044c8      0x333 ./output/interrupt_io_demo.o
                                        0x337 (size before relaxing)
 *fill*         0x00000000800047fb        0x1 
 .rodata.calculate_adaptive_deadline.str1.4
                0x00000000800047fc       0x37 ./output/interrupt_io_demo.o
 *fill*         0x0000000080004833        0x1 
 .rodata.vCriticalInterruptCallback.str1.4
                0x0000000080004834       0x39 ./output/interrupt_io_demo.o
 *fill*         0x000000008000486d        0x3 
 .rodata.vInterruptSimulationCallback.str1.4
                0x0000000080004870       0x75 ./output/interrupt_io_demo.o
 *fill*         0x00000000800048e5        0x3 
 .rodata.vIOSimulationTask.str1.4
                0x00000000800048e8       0xb4 ./output/interrupt_io_demo.o
 .rodata.optimize_processing_complexity.str1.4
                0x000000008000499c       0x3b ./output/interrupt_io_demo.o
 *fill*         0x00000000800049d7        0x1 
 .rodata.vPeriodicTimerCallback.str1.4
                0x00000000800049d8        0xf ./output/interrupt_io_demo.o
 *fill*         0x00000000800049e7        0x1 
 .rodata.vInterruptHandlerTask.str1.4
                0x00000000800049e8      0x13e ./output/interrupt_io_demo.o
 *fill*         0x0000000080004b26        0x2 
 .rodata.start_interrupt_driven_io_demo.str1.4
                0x0000000080004b28      0x3f2 ./output/interrupt_io_demo.o
 *fill*         0x0000000080004f1a        0x2 
 .rodata.tiny_print.str1.4
                0x0000000080004f1c        0x7 ./output/printf-stdarg.o
 *fill*         0x0000000080004f23        0x1 
 .rodata        0x0000000080004f24      0x100 c:/sysgcc/risc-v/bin/../lib/gcc/riscv64-unknown-elf/10.1.0/rv32imac/ilp32\libgcc.a(_clz.o)
                0x0000000080004f24                __clz_tab
 *(.gnu.linkonce.r.*)
                0x0000000080005024                . = ALIGN (0x4)
                0x0000000080005024                _erodata = .

.rela.dyn       0x0000000080005024        0x0
 .rela.text.xPortStartScheduler
                0x0000000080005024        0x0 ./output/tasks.o
 .rela.init     0x0000000080005024        0x0 ./output/tasks.o
 .rela.text.freertos_risc_v_exception_handler
                0x0000000080005024        0x0 ./output/tasks.o
 .rela.text.freertos_risc_v_interrupt_handler
                0x0000000080005024        0x0 ./output/tasks.o

.tdata          0x0000000080005024        0x0
 *(.tdata .tdata.*)

.tbss           0x0000000080005024        0x0
 *(.tbss .tbss.* .gnu.linkonce.tb.*)
 *(.tcommon)
                [!provide]                        PROVIDE (__tbss_end = .)
                [!provide]                        PROVIDE (__tls_end = .)
                [!provide]                        PROVIDE (__tdata_source = LOADADDR (.tdata))
                [!provide]                        PROVIDE (__tdata_source_end = (LOADADDR (.tdata) + SIZEOF (.tdata)))
                [!provide]                        PROVIDE (__tdata_size = SIZEOF (.tdata))
                [!provide]                        PROVIDE (__tbss_offset = (ADDR (.tbss) - ADDR (.tdata)))
                [!provide]                        PROVIDE (__tbss_start = ADDR (.tbss))
                [!provide]                        PROVIDE (__tbss_size = SIZEOF (.tbss))
                [!provide]                        PROVIDE (__tls_size = (__tls_end - ADDR (.tdata)))
                [!provide]                        PROVIDE (__tls_align = MAX (ALIGNOF (.tdata), ALIGNOF (.tbss)))

.data.align     0x0000000080080000        0x0 load address 0x0000000080005024
                0x0000000080080000                . = ALIGN (0x4)
                0x0000000080080000                _data = .

.data.start     0x0000000080080000        0x0 load address 0x0000000080005024
                0x0000000080005024                _data_lma = LOADADDR (.data.start)

.data           0x0000000080080000      0x450 load address 0x0000000080005024
 *(.data .data.*)
 .data          0x0000000080080000      0x428 c:/sysgcc/risc-v/bin/../lib/gcc/riscv64-unknown-elf/10.1.0/../../../../riscv64-unknown-elf/lib/rv32imac/ilp32\libc.a(lib_a-impure.o)
 *(.gnu.linkonce.d.*)
                0x0000000080080428                . = ALIGN (0x8)
                0x0000000080080c28                PROVIDE (__global_pointer$ = (. + 0x800))
 *(.sdata .sdata.*)
 .sdata.uxTopUsedPriority
                0x0000000080080428        0x4 ./output/tasks.o
 .sdata.pullNextTime
                0x000000008008042c        0x4 ./output/port.o
                0x000000008008042c                pullNextTime
 .sdata.pxCriticalNesting
                0x0000000080080430        0x4 ./output/port.o
                0x0000000080080430                pxCriticalNesting
 .sdata.xCriticalNesting
                0x0000000080080434        0x4 ./output/port.o
                0x0000000080080434                xCriticalNesting
 .sdata.dev     0x0000000080080438        0x4 ./output/printf-stdarg.o
 .sdata         0x000000008008043c        0x4 c:/sysgcc/risc-v/bin/../lib/gcc/riscv64-unknown-elf/10.1.0/../../../../riscv64-unknown-elf/lib/rv32imac/ilp32\libc.a(lib_a-impure.o)
                0x000000008008043c                _impure_ptr
 *(.sdata2 .sdata2.*)
 *(.gnu.linkonce.s.*)
                0x0000000080080440                . = ALIGN (0x8)
 *(.srodata.cst16)
 *(.srodata.cst8)
 *(.srodata.cst4)
 *(.srodata.cst2)
 *(.srodata .srodata.*)
 .srodata.uxTimerIncrementsForOneTick
                0x0000000080080440        0x4 ./output/port.o
                0x0000000080080440                uxTimerIncrementsForOneTick
 .srodata.xISRStackTop
                0x0000000080080444        0x4 ./output/port.o
                0x0000000080080444                xISRStackTop
 .srodata.CSWTCH.91
                0x0000000080080448        0x8 ./output/interrupt_io_demo.o
                0x0000000080080450                . = ALIGN (0x4)
                0x0000000080080450                _edata = .

.bss.align      0x0000000080080450        0x0 load address 0x0000000080005474
                0x0000000080080450                . = ALIGN (0x4)
                0x0000000080080450                _bss = .

.bss.start      0x0000000080080450        0x0 load address 0x0000000080005474
                0x0000000080005474                _bss_lma = LOADADDR (.bss.start)

.bss            0x0000000080080450    0x14f6c load address 0x0000000080005474
 *(.sbss*)
 .sbss.pxCurrentTCB
                0x0000000080080450        0x4 ./output/tasks.o
                0x0000000080080450                pxCurrentTCB
 .sbss.pxDelayedTaskList
                0x0000000080080454        0x4 ./output/tasks.o
 .sbss.pxOverflowDelayedTaskList
                0x0000000080080458        0x4 ./output/tasks.o
 .sbss.uxCurrentNumberOfTasks
                0x000000008008045c        0x4 ./output/tasks.o
 .sbss.uxDeletedTasksWaitingCleanUp
                0x0000000080080460        0x4 ./output/tasks.o
 .sbss.uxSchedulerSuspended
                0x0000000080080464        0x4 ./output/tasks.o
 .sbss.uxTaskNumber
                0x0000000080080468        0x4 ./output/tasks.o
 .sbss.uxTopReadyPriority
                0x000000008008046c        0x4 ./output/tasks.o
 .sbss.xIdleTaskHandles
                0x0000000080080470        0x4 ./output/tasks.o
 .sbss.xNextTaskUnblockTime
                0x0000000080080474        0x4 ./output/tasks.o
 .sbss.xNumOfOverflows
                0x0000000080080478        0x4 ./output/tasks.o
 .sbss.xPendedTicks
                0x000000008008047c        0x4 ./output/tasks.o
 .sbss.xSchedulerRunning
                0x0000000080080480        0x4 ./output/tasks.o
 .sbss.xTickCount
                0x0000000080080484        0x4 ./output/tasks.o
 .sbss.xYieldPendings
                0x0000000080080488        0x4 ./output/tasks.o
 .sbss.pxCurrentTimerList
                0x000000008008048c        0x4 ./output/timers.o
 .sbss.pxOverflowTimerList
                0x0000000080080490        0x4 ./output/timers.o
 .sbss.xLastTime.2
                0x0000000080080494        0x4 ./output/timers.o
 .sbss.xTimerQueue
                0x0000000080080498        0x4 ./output/timers.o
 .sbss.xTimerTaskHandle
                0x000000008008049c        0x4 ./output/timers.o
 .sbss.pxEnd    0x00000000800804a0        0x4 ./output/heap_4.o
 .sbss.xFreeBytesRemaining
                0x00000000800804a4        0x4 ./output/heap_4.o
 .sbss.xMinimumEverFreeBytesRemaining
                0x00000000800804a8        0x4 ./output/heap_4.o
 .sbss.xNumberOfSuccessfulAllocations
                0x00000000800804ac        0x4 ./output/heap_4.o
 .sbss.xNumberOfSuccessfulFrees
                0x00000000800804b0        0x4 ./output/heap_4.o
 .sbss.xStart   0x00000000800804b4        0x8 ./output/heap_4.o
 .sbss.pullMachineTimerCompareRegister
                0x00000000800804bc        0x4 ./output/port.o
                0x00000000800804bc                pullMachineTimerCompareRegister
 .sbss.ullNextTime
                0x00000000800804c0        0x8 ./output/port.o
                0x00000000800804c0                ullNextTime
 .sbss.xTaskReturnAddress
                0x00000000800804c8        0x4 ./output/port.o
                0x00000000800804c8                xTaskReturnAddress
 .sbss.total_cycles
                0x00000000800804cc        0x4 ./output/main.o
                0x00000000800804cc                total_cycles
 .sbss.demo_should_terminate
                0x00000000800804d0        0x4 ./output/interrupt_io_demo.o
 .sbss.demo_start_time
                0x00000000800804d4        0x4 ./output/interrupt_io_demo.o
 .sbss.high_priority_overflow_count
                0x00000000800804d8        0x4 ./output/interrupt_io_demo.o
 .sbss.io_operations_count
                0x00000000800804dc        0x4 ./output/interrupt_io_demo.o
 .sbss.isr_entry_time
                0x00000000800804e0        0x4 ./output/interrupt_io_demo.o
 .sbss.isr_exit_time
                0x00000000800804e4        0x4 ./output/interrupt_io_demo.o
 .sbss.queue_overflow_count
                0x00000000800804e8        0x4 ./output/interrupt_io_demo.o
 .sbss.xAdaptiveMutex
                0x00000000800804ec        0x4 ./output/interrupt_io_demo.o
 .sbss.xAdaptiveTimer
                0x00000000800804f0        0x4 ./output/interrupt_io_demo.o
 .sbss.xCriticalTimer
                0x00000000800804f4        0x4 ./output/interrupt_io_demo.o
 .sbss.xHighPriorityQueue
                0x00000000800804f8        0x4 ./output/interrupt_io_demo.o
 .sbss.xIOSemaphore
                0x00000000800804fc        0x4 ./output/interrupt_io_demo.o
 .sbss.xInterruptQueue
                0x0000000080080500        0x4 ./output/interrupt_io_demo.o
 .sbss.xInterruptSemaphore
                0x0000000080080504        0x4 ./output/interrupt_io_demo.o
 .sbss.xInterruptSimulationTimer
                0x0000000080080508        0x4 ./output/interrupt_io_demo.o
 .sbss.xPeriodicTimer
                0x000000008008050c        0x4 ./output/interrupt_io_demo.o
 .sbss.xTimerSemaphore
                0x0000000080080510        0x4 ./output/interrupt_io_demo.o
 *(.gnu.linkonce.sb.*)
 *(.bss .bss.*)
 .bss.pxReadyTasksLists
                0x0000000080080514       0xb4 ./output/tasks.o
 .bss.xDelayedTaskList1
                0x00000000800805c8       0x14 ./output/tasks.o
 .bss.xDelayedTaskList2
                0x00000000800805dc       0x14 ./output/tasks.o
 .bss.xPendingReadyList
                0x00000000800805f0       0x14 ./output/tasks.o
 .bss.xSuspendedTaskList
                0x0000000080080604       0x14 ./output/tasks.o
 .bss.xTasksWaitingTermination
                0x0000000080080618       0x14 ./output/tasks.o
 .bss.xQueueRegistry
                0x000000008008062c       0x50 ./output/queue.o
                0x000000008008062c                xQueueRegistry
 .bss.ucStaticTimerQueueStorage.1
                0x000000008008067c      0x140 ./output/timers.o
 .bss.xActiveTimerList1
                0x00000000800807bc       0x14 ./output/timers.o
 .bss.xActiveTimerList2
                0x00000000800807d0       0x14 ./output/timers.o
 .bss.xStaticTimerQueue.0
                0x00000000800807e4       0x54 ./output/timers.o
 .bss.ucHeap    0x0000000080080838    0x14000 ./output/heap_4.o
 *fill*         0x0000000080094838        0x8 
 .bss.xISRStack
                0x0000000080094840      0x4b0 ./output/port.o
 .bss.uxIdleTaskStack.2
                0x0000000080094cf0      0x1e0 ./output/main.o
 .bss.uxTimerTaskStack.0
                0x0000000080094ed0      0x3c0 ./output/main.o
 .bss.xIdleTaskTCB.3
                0x0000000080095290       0x64 ./output/main.o
 .bss.xTimerTaskTCB.1
                0x00000000800952f4       0x64 ./output/main.o
 .bss.adaptive_config
                0x0000000080095358       0x14 ./output/interrupt_io_demo.o
 .bss.interrupt_stats
                0x000000008009536c       0x3c ./output/interrupt_io_demo.o
 .bss.system_load
                0x00000000800953a8       0x14 ./output/interrupt_io_demo.o
 *(.gnu.linkonce.b.*)
 *(COMMON)
                0x00000000800953bc                . = ALIGN (0x4)
                0x00000000800953bc                _ebss = .
                0x00000000800953c0                . = ALIGN (0x8)
                0x00000000800953c0                _end = .

.stack          0x00000000800953bc      0x164
                0x00000000800953c0                . = ALIGN (0x10)
 *fill*         0x00000000800953bc        0x4 
                0x0000000080095520                . = (. + __stack_size)
 *fill*         0x00000000800953c0      0x160 
                0x0000000080095520                _stack_top = .
OUTPUT(output/RTOSDemo.elf elf32-littleriscv)

.debug_info     0x0000000000000000     0xbd07
 .debug_info    0x0000000000000000     0x3a91 ./output/tasks.o
 .debug_info    0x0000000000003a91      0x2c7 ./output/list.o
 .debug_info    0x0000000000003d58     0x294d ./output/queue.o
 .debug_info    0x00000000000066a5     0x1a61 ./output/timers.o
 .debug_info    0x0000000000008106      0x6f0 ./output/heap_4.o
 .debug_info    0x00000000000087f6      0x2f4 ./output/port.o
 .debug_info    0x0000000000008aea      0x5cb ./output/main.o
 .debug_info    0x00000000000090b5      0x242 ./output/riscv-virt.o
 .debug_info    0x00000000000092f7      0x17b ./output/ns16550.o
 .debug_info    0x0000000000009472     0x1f5b ./output/interrupt_io_demo.o
 .debug_info    0x000000000000b3cd      0x6b1 ./output/printf-stdarg.o
 .debug_info    0x000000000000ba7e       0x26 ./output/start.o
 .debug_info    0x000000000000baa4       0x26 ./output/vector.o
 .debug_info    0x000000000000baca       0x22 ./output/portASM.o
 .debug_info    0x000000000000baec      0x144 c:/sysgcc/risc-v/bin/../lib/gcc/riscv64-unknown-elf/10.1.0/rv32imac/ilp32\libgcc.a(_clzsi2.o)
 .debug_info    0x000000000000bc30       0xd7 c:/sysgcc/risc-v/bin/../lib/gcc/riscv64-unknown-elf/10.1.0/rv32imac/ilp32\libgcc.a(_clz.o)

.debug_abbrev   0x0000000000000000     0x1c8e
 .debug_abbrev  0x0000000000000000      0x451 ./output/tasks.o
 .debug_abbrev  0x0000000000000451      0x10d ./output/list.o
 .debug_abbrev  0x000000000000055e      0x383 ./output/queue.o
 .debug_abbrev  0x00000000000008e1      0x3e4 ./output/timers.o
 .debug_abbrev  0x0000000000000cc5      0x2a3 ./output/heap_4.o
 .debug_abbrev  0x0000000000000f68      0x17f ./output/port.o
 .debug_abbrev  0x00000000000010e7      0x20a ./output/main.o
 .debug_abbrev  0x00000000000012f1      0x18b ./output/riscv-virt.o
 .debug_abbrev  0x000000000000147c      0x11d ./output/ns16550.o
 .debug_abbrev  0x0000000000001599      0x350 ./output/interrupt_io_demo.o
 .debug_abbrev  0x00000000000018e9      0x231 ./output/printf-stdarg.o
 .debug_abbrev  0x0000000000001b1a       0x14 ./output/start.o
 .debug_abbrev  0x0000000000001b2e       0x14 ./output/vector.o
 .debug_abbrev  0x0000000000001b42       0x12 ./output/portASM.o
 .debug_abbrev  0x0000000000001b54       0xca c:/sysgcc/risc-v/bin/../lib/gcc/riscv64-unknown-elf/10.1.0/rv32imac/ilp32\libgcc.a(_clzsi2.o)
 .debug_abbrev  0x0000000000001c1e       0x70 c:/sysgcc/risc-v/bin/../lib/gcc/riscv64-unknown-elf/10.1.0/rv32imac/ilp32\libgcc.a(_clz.o)

.debug_loc      0x0000000000000000     0x7424
 .debug_loc     0x0000000000000000     0x2bdd ./output/tasks.o
 .debug_loc     0x0000000000002bdd       0x75 ./output/list.o
 .debug_loc     0x0000000000002c52     0x1e00 ./output/queue.o
 .debug_loc     0x0000000000004a52     0x10ac ./output/timers.o
 .debug_loc     0x0000000000005afe      0x4bd ./output/heap_4.o
 .debug_loc     0x0000000000005fbb       0x35 ./output/port.o
 .debug_loc     0x0000000000005ff0      0x13d ./output/main.o
 .debug_loc     0x000000000000612d       0xef ./output/riscv-virt.o
 .debug_loc     0x000000000000621c       0x26 ./output/ns16550.o
 .debug_loc     0x0000000000006242      0x6b3 ./output/interrupt_io_demo.o
 .debug_loc     0x00000000000068f5      0xac4 ./output/printf-stdarg.o
 .debug_loc     0x00000000000073b9       0x6b c:/sysgcc/risc-v/bin/../lib/gcc/riscv64-unknown-elf/10.1.0/rv32imac/ilp32\libgcc.a(_clzsi2.o)

.debug_aranges  0x0000000000000000      0x7e0
 .debug_aranges
                0x0000000000000000      0x240 ./output/tasks.o
 .debug_aranges
                0x0000000000000240       0x40 ./output/list.o
 .debug_aranges
                0x0000000000000280      0x188 ./output/queue.o
 .debug_aranges
                0x0000000000000408       0xf0 ./output/timers.o
 .debug_aranges
                0x00000000000004f8       0x60 ./output/heap_4.o
 .debug_aranges
                0x0000000000000558       0x30 ./output/port.o
 .debug_aranges
                0x0000000000000588       0x70 ./output/main.o
 .debug_aranges
                0x00000000000005f8       0x30 ./output/riscv-virt.o
 .debug_aranges
                0x0000000000000628       0x20 ./output/ns16550.o
 .debug_aranges
                0x0000000000000648       0x88 ./output/interrupt_io_demo.o
 .debug_aranges
                0x00000000000006d0       0x58 ./output/printf-stdarg.o
 .debug_aranges
                0x0000000000000728       0x20 ./output/start.o
 .debug_aranges
                0x0000000000000748       0x20 ./output/vector.o
 .debug_aranges
                0x0000000000000768       0x40 ./output/portASM.o
 .debug_aranges
                0x00000000000007a8       0x20 c:/sysgcc/risc-v/bin/../lib/gcc/riscv64-unknown-elf/10.1.0/rv32imac/ilp32\libgcc.a(_clzsi2.o)
 .debug_aranges
                0x00000000000007c8       0x18 c:/sysgcc/risc-v/bin/../lib/gcc/riscv64-unknown-elf/10.1.0/rv32imac/ilp32\libgcc.a(_clz.o)

.debug_ranges   0x0000000000000000      0xe30
 .debug_ranges  0x0000000000000000      0x5d0 ./output/tasks.o
 .debug_ranges  0x00000000000005d0       0x30 ./output/list.o
 .debug_ranges  0x0000000000000600      0x340 ./output/queue.o
 .debug_ranges  0x0000000000000940      0x1b8 ./output/timers.o
 .debug_ranges  0x0000000000000af8       0x68 ./output/heap_4.o
 .debug_ranges  0x0000000000000b60       0x20 ./output/port.o
 .debug_ranges  0x0000000000000b80       0x60 ./output/main.o
 .debug_ranges  0x0000000000000be0       0x20 ./output/riscv-virt.o
 .debug_ranges  0x0000000000000c00       0x10 ./output/ns16550.o
 .debug_ranges  0x0000000000000c10      0x140 ./output/interrupt_io_demo.o
 .debug_ranges  0x0000000000000d50       0x88 ./output/printf-stdarg.o
 .debug_ranges  0x0000000000000dd8       0x38 ./output/portASM.o
 .debug_ranges  0x0000000000000e10       0x20 c:/sysgcc/risc-v/bin/../lib/gcc/riscv64-unknown-elf/10.1.0/rv32imac/ilp32\libgcc.a(_clzsi2.o)

.debug_macro    0x0000000000000000     0x48c0
 .debug_macro   0x0000000000000000      0x2d6 ./output/tasks.o
 .debug_macro   0x00000000000002d6      0x71e ./output/tasks.o
 .debug_macro   0x00000000000009f4       0x19 ./output/tasks.o
 .debug_macro   0x0000000000000a0d       0x22 ./output/tasks.o
 .debug_macro   0x0000000000000a2f       0x34 ./output/tasks.o
 .debug_macro   0x0000000000000a63       0x94 ./output/tasks.o
 .debug_macro   0x0000000000000af7       0x3b ./output/tasks.o
 .debug_macro   0x0000000000000b32       0x34 ./output/tasks.o
 .debug_macro   0x0000000000000b66       0x16 ./output/tasks.o
 .debug_macro   0x0000000000000b7c      0x10e ./output/tasks.o
 .debug_macro   0x0000000000000c8a       0x8d ./output/tasks.o
 .debug_macro   0x0000000000000d17       0x16 ./output/tasks.o
 .debug_macro   0x0000000000000d2d       0x43 ./output/tasks.o
 .debug_macro   0x0000000000000d70       0x57 ./output/tasks.o
 .debug_macro   0x0000000000000dc7       0x34 ./output/tasks.o
 .debug_macro   0x0000000000000dfb       0x10 ./output/tasks.o
 .debug_macro   0x0000000000000e0b       0x52 ./output/tasks.o
 .debug_macro   0x0000000000000e5d      0x197 ./output/tasks.o
 .debug_macro   0x0000000000000ff4      0x333 ./output/tasks.o
 .debug_macro   0x0000000000001327       0x16 ./output/tasks.o
 .debug_macro   0x000000000000133d       0x29 ./output/tasks.o
 .debug_macro   0x0000000000001366       0x16 ./output/tasks.o
 .debug_macro   0x000000000000137c       0x35 ./output/tasks.o
 .debug_macro   0x00000000000013b1      0x103 ./output/tasks.o
 .debug_macro   0x00000000000014b4       0x6a ./output/tasks.o
 .debug_macro   0x000000000000151e      0x1df ./output/tasks.o
 .debug_macro   0x00000000000016fd       0x16 ./output/tasks.o
 .debug_macro   0x0000000000001713       0x22 ./output/tasks.o
 .debug_macro   0x0000000000001735       0x2e ./output/tasks.o
 .debug_macro   0x0000000000001763      0x156 ./output/tasks.o
 .debug_macro   0x00000000000018b9       0x22 ./output/tasks.o
 .debug_macro   0x00000000000018db      0x182 ./output/tasks.o
 .debug_macro   0x0000000000001a5d       0xc7 ./output/tasks.o
 .debug_macro   0x0000000000001b24       0x3a ./output/tasks.o
 .debug_macro   0x0000000000001b5e       0x1f ./output/tasks.o
 .debug_macro   0x0000000000001b7d       0x12 ./output/tasks.o
 .debug_macro   0x0000000000001b8f     0x10c5 ./output/tasks.o
 .debug_macro   0x0000000000002c54       0xc3 ./output/tasks.o
 .debug_macro   0x0000000000002d17      0x14f ./output/tasks.o
 .debug_macro   0x0000000000002e66       0x98 ./output/tasks.o
 .debug_macro   0x0000000000002efe       0x16 ./output/tasks.o
 .debug_macro   0x0000000000002f14      0x1b1 ./output/list.o
 .debug_macro   0x00000000000030c5      0x249 ./output/queue.o
 .debug_macro   0x000000000000330e       0x8e ./output/queue.o
 .debug_macro   0x000000000000339c      0x200 ./output/timers.o
 .debug_macro   0x000000000000359c       0x9e ./output/timers.o
 .debug_macro   0x000000000000363a      0x247 ./output/heap_4.o
 .debug_macro   0x0000000000003881      0x1d3 ./output/port.o
 .debug_macro   0x0000000000003a54       0x8e ./output/port.o
 .debug_macro   0x0000000000003ae2       0x51 ./output/port.o
 .debug_macro   0x0000000000003b33       0x3a ./output/port.o
 .debug_macro   0x0000000000003b6d      0x2cf ./output/main.o
 .debug_macro   0x0000000000003e3c       0x52 ./output/main.o
 .debug_macro   0x0000000000003e8e       0x16 ./output/main.o
 .debug_macro   0x0000000000003ea4       0x10 ./output/main.o
 .debug_macro   0x0000000000003eb4       0x10 ./output/main.o
 .debug_macro   0x0000000000003ec4       0x1c ./output/main.o
 .debug_macro   0x0000000000003ee0       0x52 ./output/main.o
 .debug_macro   0x0000000000003f32       0x22 ./output/main.o
 .debug_macro   0x0000000000003f54       0x10 ./output/main.o
 .debug_macro   0x0000000000003f64       0x40 ./output/main.o
 .debug_macro   0x0000000000003fa4       0xd5 ./output/main.o
 .debug_macro   0x0000000000004079       0x1c ./output/main.o
 .debug_macro   0x0000000000004095       0x3d ./output/main.o
 .debug_macro   0x00000000000040d2       0x16 ./output/main.o
 .debug_macro   0x00000000000040e8      0x145 ./output/main.o
 .debug_macro   0x000000000000422d      0x1b3 ./output/riscv-virt.o
 .debug_macro   0x00000000000043e0       0xe5 ./output/ns16550.o
 .debug_macro   0x00000000000044c5      0x2fd ./output/interrupt_io_demo.o
 .debug_macro   0x00000000000047c2       0xa6 ./output/printf-stdarg.o
 .debug_macro   0x0000000000004868       0x58 ./output/printf-stdarg.o

.debug_line     0x0000000000000000    0x12faa
 .debug_line    0x0000000000000000     0x6fab ./output/tasks.o
 .debug_line    0x0000000000006fab      0x736 ./output/list.o
 .debug_line    0x00000000000076e1     0x3fa2 ./output/queue.o
 .debug_line    0x000000000000b683     0x1c5a ./output/timers.o
 .debug_line    0x000000000000d2dd      0xfdb ./output/heap_4.o
 .debug_line    0x000000000000e2b8      0x56d ./output/port.o
 .debug_line    0x000000000000e825      0x8d9 ./output/main.o
 .debug_line    0x000000000000f0fe      0x5c8 ./output/riscv-virt.o
 .debug_line    0x000000000000f6c6      0x206 ./output/ns16550.o
 .debug_line    0x000000000000f8cc     0x2500 ./output/interrupt_io_demo.o
 .debug_line    0x0000000000011dcc      0xbaa ./output/printf-stdarg.o
 .debug_line    0x0000000000012976       0xda ./output/start.o
 .debug_line    0x0000000000012a50       0xbe ./output/vector.o
 .debug_line    0x0000000000012b0e      0x334 ./output/portASM.o
 .debug_line    0x0000000000012e42       0xfa c:/sysgcc/risc-v/bin/../lib/gcc/riscv64-unknown-elf/10.1.0/rv32imac/ilp32\libgcc.a(_clzsi2.o)
 .debug_line    0x0000000000012f3c       0x6e c:/sysgcc/risc-v/bin/../lib/gcc/riscv64-unknown-elf/10.1.0/rv32imac/ilp32\libgcc.a(_clz.o)

.debug_str      0x0000000000000000    0x1869a
 .debug_str     0x0000000000000000    0x1357a ./output/tasks.o
                                      0x1390c (size before relaxing)
 .debug_str     0x000000000001357a       0x50 ./output/list.o
                                       0xfc5b (size before relaxing)
 .debug_str     0x00000000000135ca     0x1544 ./output/queue.o
                                      0x1294e (size before relaxing)
 .debug_str     0x0000000000014b0e      0x6bf ./output/timers.o
                                      0x12cf5 (size before relaxing)
 .debug_str     0x00000000000151cd      0x756 ./output/heap_4.o
                                      0x117aa (size before relaxing)
 .debug_str     0x0000000000015923      0x19f ./output/port.o
                                      0x110ac (size before relaxing)
 .debug_str     0x0000000000015ac2     0x14e6 ./output/main.o
                                      0x12533 (size before relaxing)
 .debug_str     0x0000000000016fa8       0x86 ./output/riscv-virt.o
                                       0xef4d (size before relaxing)
 .debug_str     0x000000000001702e      0x146 ./output/ns16550.o
                                       0x3507 (size before relaxing)
 .debug_str     0x0000000000017174     0x1165 ./output/interrupt_io_demo.o
                                      0x1441d (size before relaxing)
 .debug_str     0x00000000000182d9      0x1ac ./output/printf-stdarg.o
                                       0x36ee (size before relaxing)
 .debug_str     0x0000000000018485       0x14 ./output/start.o
                                         0x57 (size before relaxing)
 .debug_str     0x0000000000018499       0x34 ./output/vector.o
                                         0x83 (size before relaxing)
 .debug_str     0x00000000000184cd       0x31 ./output/portASM.o
                                         0x80 (size before relaxing)
 .debug_str     0x00000000000184fe      0x19c c:/sysgcc/risc-v/bin/../lib/gcc/riscv64-unknown-elf/10.1.0/rv32imac/ilp32\libgcc.a(_clzsi2.o)
                                        0x24e (size before relaxing)
 .debug_str     0x000000000001869a      0x231 c:/sysgcc/risc-v/bin/../lib/gcc/riscv64-unknown-elf/10.1.0/rv32imac/ilp32\libgcc.a(_clz.o)

.comment        0x0000000000000000       0x12
 .comment       0x0000000000000000       0x12 ./output/tasks.o
                                         0x13 (size before relaxing)
 .comment       0x0000000000000012       0x13 ./output/list.o
 .comment       0x0000000000000012       0x13 ./output/queue.o
 .comment       0x0000000000000012       0x13 ./output/timers.o
 .comment       0x0000000000000012       0x13 ./output/heap_4.o
 .comment       0x0000000000000012       0x13 ./output/port.o
 .comment       0x0000000000000012       0x13 ./output/main.o
 .comment       0x0000000000000012       0x13 ./output/riscv-virt.o
 .comment       0x0000000000000012       0x13 ./output/ns16550.o
 .comment       0x0000000000000012       0x13 ./output/interrupt_io_demo.o
 .comment       0x0000000000000012       0x13 ./output/printf-stdarg.o
 .comment       0x0000000000000012       0x13 c:/sysgcc/risc-v/bin/../lib/gcc/riscv64-unknown-elf/10.1.0/rv32imac/ilp32\libgcc.a(_clzsi2.o)
 .comment       0x0000000000000012       0x13 c:/sysgcc/risc-v/bin/../lib/gcc/riscv64-unknown-elf/10.1.0/rv32imac/ilp32\libgcc.a(_clz.o)
 .comment       0x0000000000000012       0x13 c:/sysgcc/risc-v/bin/../lib/gcc/riscv64-unknown-elf/10.1.0/../../../../riscv64-unknown-elf/lib/rv32imac/ilp32\libc.a(lib_a-memcpy.o)
 .comment       0x0000000000000012       0x13 c:/sysgcc/risc-v/bin/../lib/gcc/riscv64-unknown-elf/10.1.0/../../../../riscv64-unknown-elf/lib/rv32imac/ilp32\libc.a(lib_a-rand.o)
 .comment       0x0000000000000012       0x13 c:/sysgcc/risc-v/bin/../lib/gcc/riscv64-unknown-elf/10.1.0/../../../../riscv64-unknown-elf/lib/rv32imac/ilp32\libc.a(lib_a-strcpy.o)
 .comment       0x0000000000000012       0x13 c:/sysgcc/risc-v/bin/../lib/gcc/riscv64-unknown-elf/10.1.0/../../../../riscv64-unknown-elf/lib/rv32imac/ilp32\libc.a(lib_a-impure.o)

.riscv.attributes
                0x0000000000000000       0x2b
 .riscv.attributes
                0x0000000000000000       0x2b ./output/tasks.o
 .riscv.attributes
                0x000000000000002b       0x2b ./output/list.o
 .riscv.attributes
                0x0000000000000056       0x2b ./output/queue.o
 .riscv.attributes
                0x0000000000000081       0x2b ./output/timers.o
 .riscv.attributes
                0x00000000000000ac       0x2b ./output/heap_4.o
 .riscv.attributes
                0x00000000000000d7       0x2b ./output/port.o
 .riscv.attributes
                0x0000000000000102       0x2b ./output/main.o
 .riscv.attributes
                0x000000000000012d       0x2b ./output/riscv-virt.o
 .riscv.attributes
                0x0000000000000158       0x2b ./output/ns16550.o
 .riscv.attributes
                0x0000000000000183       0x2b ./output/interrupt_io_demo.o
 .riscv.attributes
                0x00000000000001ae       0x2b ./output/printf-stdarg.o
 .riscv.attributes
                0x00000000000001d9       0x29 ./output/start.o
 .riscv.attributes
                0x0000000000000202       0x29 ./output/vector.o
 .riscv.attributes
                0x000000000000022b       0x29 ./output/portASM.o
 .riscv.attributes
                0x0000000000000254       0x2b c:/sysgcc/risc-v/bin/../lib/gcc/riscv64-unknown-elf/10.1.0/rv32imac/ilp32\libgcc.a(_clzsi2.o)
 .riscv.attributes
                0x000000000000027f       0x2b c:/sysgcc/risc-v/bin/../lib/gcc/riscv64-unknown-elf/10.1.0/rv32imac/ilp32\libgcc.a(_clz.o)
 .riscv.attributes
                0x00000000000002aa       0x2b c:/sysgcc/risc-v/bin/../lib/gcc/riscv64-unknown-elf/10.1.0/../../../../riscv64-unknown-elf/lib/rv32imac/ilp32\libc.a(lib_a-memcpy.o)
 .riscv.attributes
                0x00000000000002d5       0x29 c:/sysgcc/risc-v/bin/../lib/gcc/riscv64-unknown-elf/10.1.0/../../../../riscv64-unknown-elf/lib/rv32imac/ilp32\libc.a(lib_a-memset.o)
 .riscv.attributes
                0x00000000000002fe       0x2b c:/sysgcc/risc-v/bin/../lib/gcc/riscv64-unknown-elf/10.1.0/../../../../riscv64-unknown-elf/lib/rv32imac/ilp32\libc.a(lib_a-rand.o)
 .riscv.attributes
                0x0000000000000329       0x2b c:/sysgcc/risc-v/bin/../lib/gcc/riscv64-unknown-elf/10.1.0/../../../../riscv64-unknown-elf/lib/rv32imac/ilp32\libc.a(lib_a-strcpy.o)
 .riscv.attributes
                0x0000000000000354       0x2b c:/sysgcc/risc-v/bin/../lib/gcc/riscv64-unknown-elf/10.1.0/../../../../riscv64-unknown-elf/lib/rv32imac/ilp32\libc.a(lib_a-impure.o)

.debug_frame    0x0000000000000000     0x1b68
 .debug_frame   0x0000000000000000      0xa48 ./output/tasks.o
 .debug_frame   0x0000000000000a48       0x60 ./output/list.o
 .debug_frame   0x0000000000000aa8      0x650 ./output/queue.o
 .debug_frame   0x00000000000010f8      0x3bc ./output/timers.o
 .debug_frame   0x00000000000014b4      0x134 ./output/heap_4.o
 .debug_frame   0x00000000000015e8       0x54 ./output/port.o
 .debug_frame   0x000000000000163c      0x104 ./output/main.o
 .debug_frame   0x0000000000001740       0x68 ./output/riscv-virt.o
 .debug_frame   0x00000000000017a8       0x20 ./output/ns16550.o
 .debug_frame   0x00000000000017c8      0x244 ./output/interrupt_io_demo.o
 .debug_frame   0x0000000000001a0c      0x13c ./output/printf-stdarg.o
 .debug_frame   0x0000000000001b48       0x20 c:/sysgcc/risc-v/bin/../lib/gcc/riscv64-unknown-elf/10.1.0/rv32imac/ilp32\libgcc.a(_clzsi2.o)
